Archive member included to satisfy reference by file (symbol)

/home/nick/STM32CubeIDE/VisiTune_ws/VisiTune/Drivers/CMSIS/CMSIS-DSP/libarm_cortexM4lf_math.a(arm_rfft_fast_init_f32.o)
                              ./Core/Src/main.o (arm_rfft_fast_init_f32)
/home/nick/STM32CubeIDE/VisiTune_ws/VisiTune/Drivers/CMSIS/CMSIS-DSP/libarm_cortexM4lf_math.a(arm_rfft_fast_f32.o)
                              ./Core/Src/main.o (arm_rfft_fast_f32)
/home/nick/STM32CubeIDE/VisiTune_ws/VisiTune/Drivers/CMSIS/CMSIS-DSP/libarm_cortexM4lf_math.a(arm_cfft_f32.o)
                              /home/nick/STM32CubeIDE/VisiTune_ws/VisiTune/Drivers/CMSIS/CMSIS-DSP/libarm_cortexM4lf_math.a(arm_rfft_fast_f32.o) (arm_cfft_f32)
/home/nick/STM32CubeIDE/VisiTune_ws/VisiTune/Drivers/CMSIS/CMSIS-DSP/libarm_cortexM4lf_math.a(arm_bitreversal2.o)
                              /home/nick/STM32CubeIDE/VisiTune_ws/VisiTune/Drivers/CMSIS/CMSIS-DSP/libarm_cortexM4lf_math.a(arm_cfft_f32.o) (arm_bitreversal_32)
/home/nick/STM32CubeIDE/VisiTune_ws/VisiTune/Drivers/CMSIS/CMSIS-DSP/libarm_cortexM4lf_math.a(arm_cos_f32.o)
                              ./Core/Src/main.o (arm_cos_f32)
/home/nick/STM32CubeIDE/VisiTune_ws/VisiTune/Drivers/CMSIS/CMSIS-DSP/libarm_cortexM4lf_math.a(arm_common_tables.o)
                              /home/nick/STM32CubeIDE/VisiTune_ws/VisiTune/Drivers/CMSIS/CMSIS-DSP/libarm_cortexM4lf_math.a(arm_cos_f32.o) (sinTable_f32)
/home/nick/STM32CubeIDE/VisiTune_ws/VisiTune/Drivers/CMSIS/CMSIS-DSP/libarm_cortexM4lf_math.a(arm_cfft_radix8_f32.o)
                              /home/nick/STM32CubeIDE/VisiTune_ws/VisiTune/Drivers/CMSIS/CMSIS-DSP/libarm_cortexM4lf_math.a(arm_cfft_f32.o) (arm_radix8_butterfly_f32)
/home/nick/st/stm32cubeide_1.19.0/plugins/com.st.stm32cube.ide.mcu.externaltools.gnu-tools-for-stm32.13.3.rel1.linux64_1.0.0.202410170706/tools/bin/../lib/gcc/arm-none-eabi/13.3.1/../../../../arm-none-eabi/lib/thumb/v7e-m+fp/hard/libc_nano.a(libc_a-exit.o)
                              /home/nick/st/stm32cubeide_1.19.0/plugins/com.st.stm32cube.ide.mcu.externaltools.gnu-tools-for-stm32.13.3.rel1.linux64_1.0.0.202410170706/tools/bin/../lib/gcc/arm-none-eabi/13.3.1/../../../../arm-none-eabi/lib/thumb/v7e-m+fp/hard/crt0.o (exit)
/home/nick/st/stm32cubeide_1.19.0/plugins/com.st.stm32cube.ide.mcu.externaltools.gnu-tools-for-stm32.13.3.rel1.linux64_1.0.0.202410170706/tools/bin/../lib/gcc/arm-none-eabi/13.3.1/../../../../arm-none-eabi/lib/thumb/v7e-m+fp/hard/libc_nano.a(libc_a-findfp.o)
                              /home/nick/st/stm32cubeide_1.19.0/plugins/com.st.stm32cube.ide.mcu.externaltools.gnu-tools-for-stm32.13.3.rel1.linux64_1.0.0.202410170706/tools/bin/../lib/gcc/arm-none-eabi/13.3.1/../../../../arm-none-eabi/lib/thumb/v7e-m+fp/hard/libc_nano.a(libc_a-exit.o) (__stdio_exit_handler)
/home/nick/st/stm32cubeide_1.19.0/plugins/com.st.stm32cube.ide.mcu.externaltools.gnu-tools-for-stm32.13.3.rel1.linux64_1.0.0.202410170706/tools/bin/../lib/gcc/arm-none-eabi/13.3.1/../../../../arm-none-eabi/lib/thumb/v7e-m+fp/hard/libc_nano.a(libc_a-fwalk.o)
                              /home/nick/st/stm32cubeide_1.19.0/plugins/com.st.stm32cube.ide.mcu.externaltools.gnu-tools-for-stm32.13.3.rel1.linux64_1.0.0.202410170706/tools/bin/../lib/gcc/arm-none-eabi/13.3.1/../../../../arm-none-eabi/lib/thumb/v7e-m+fp/hard/libc_nano.a(libc_a-findfp.o) (_fwalk_sglue)
/home/nick/st/stm32cubeide_1.19.0/plugins/com.st.stm32cube.ide.mcu.externaltools.gnu-tools-for-stm32.13.3.rel1.linux64_1.0.0.202410170706/tools/bin/../lib/gcc/arm-none-eabi/13.3.1/../../../../arm-none-eabi/lib/thumb/v7e-m+fp/hard/libc_nano.a(libc_a-stdio.o)
                              /home/nick/st/stm32cubeide_1.19.0/plugins/com.st.stm32cube.ide.mcu.externaltools.gnu-tools-for-stm32.13.3.rel1.linux64_1.0.0.202410170706/tools/bin/../lib/gcc/arm-none-eabi/13.3.1/../../../../arm-none-eabi/lib/thumb/v7e-m+fp/hard/libc_nano.a(libc_a-findfp.o) (__sread)
/home/nick/st/stm32cubeide_1.19.0/plugins/com.st.stm32cube.ide.mcu.externaltools.gnu-tools-for-stm32.13.3.rel1.linux64_1.0.0.202410170706/tools/bin/../lib/gcc/arm-none-eabi/13.3.1/../../../../arm-none-eabi/lib/thumb/v7e-m+fp/hard/libc_nano.a(libc_a-memset.o)
                              /home/nick/st/stm32cubeide_1.19.0/plugins/com.st.stm32cube.ide.mcu.externaltools.gnu-tools-for-stm32.13.3.rel1.linux64_1.0.0.202410170706/tools/bin/../lib/gcc/arm-none-eabi/13.3.1/../../../../arm-none-eabi/lib/thumb/v7e-m+fp/hard/crt0.o (memset)
/home/nick/st/stm32cubeide_1.19.0/plugins/com.st.stm32cube.ide.mcu.externaltools.gnu-tools-for-stm32.13.3.rel1.linux64_1.0.0.202410170706/tools/bin/../lib/gcc/arm-none-eabi/13.3.1/../../../../arm-none-eabi/lib/thumb/v7e-m+fp/hard/libc_nano.a(libc_a-closer.o)
[...]
Memory Configuration

Name             Origin             Length             Attributes
RAM              0x20000000         0x00030000         xrw
RAM2             0x10000000         0x00010000         xrw
RAM3             0x20040000         0x00060000         xrw
FLASH            0x08000000         0x00200000         xr
*default*        0x00000000         0xffffffff

Linker script and memory map

LOAD /home/nick/st/stm32cubeide_1.19.0/plugins/com.st.stm32cube.ide.mcu.externaltools.gnu-tools-for-stm32.13.3.rel1.linux64_1.0.0.202410170706/tools/bin/../lib/gcc/arm-none-eabi/13.3.1/thumb/v7e-m+fp/hard/crti.o
LOAD /home/nick/st/stm32cubeide_1.19.0/plugins/com.st.stm32cube.ide.mcu.externaltools.gnu-tools-for-stm32.13.3.rel1.linux64_1.0.0.202410170706/tools/bin/../lib/gcc/arm-none-eabi/13.3.1/thumb/v7e-m+fp/hard/crtbegin.o
LOAD /home/nick/st/stm32cubeide_1.19.0/plugins/com.st.stm32cube.ide.mcu.externaltools.gnu-tools-for-stm32.13.3.rel1.linux64_1.0.0.202410170706/tools/bin/../lib/gcc/arm-none-eabi/13.3.1/../../../../arm-none-eabi/lib/thumb/v7e-m+fp/hard/crt0.o
LOAD ./Core/Src/main.o
LOAD ./Core/Src/packets.o
LOAD ./Core/Src/stm32l4xx_hal_msp.o
LOAD ./Core/Src/stm32l4xx_it.o
LOAD ./Core/Src/syscalls.o
LOAD ./Core/Src/sysmem.o
LOAD ./Core/Src/system_stm32l4xx.o
LOAD ./Core/Src/tft.o
LOAD ./Core/Startup/startup_stm32l4r5zitxp.o
LOAD ./Drivers/STM32L4xx_HAL_Driver/Src/stm32l4xx_hal.o
LOAD ./Drivers/STM32L4xx_HAL_Driver/Src/stm32l4xx_hal_adc.o
LOAD ./Drivers/STM32L4xx_HAL_Driver/Src/stm32l4xx_hal_adc_ex.o
LOAD ./Drivers/STM32L4xx_HAL_Driver/Src/stm32l4xx_hal_cortex.o
LOAD ./Drivers/STM32L4xx_HAL_Driver/Src/stm32l4xx_hal_dac.o
LOAD ./Drivers/STM32L4xx_HAL_Driver/Src/stm32l4xx_hal_dac_ex.o
LOAD ./Drivers/STM32L4xx_HAL_Driver/Src/stm32l4xx_hal_dma.o
LOAD ./Drivers/STM32L4xx_HAL_Driver/Src/stm32l4xx_hal_dma_ex.o
LOAD ./Drivers/STM32L4xx_HAL_Driver/Src/stm32l4xx_hal_exti.o
LOAD ./Drivers/STM32L4xx_HAL_Driver/Src/stm32l4xx_hal_flash.o
LOAD ./Drivers/STM32L4xx_HAL_Driver/Src/stm32l4xx_hal_flash_ex.o
LOAD ./Drivers/STM32L4xx_HAL_Driver/Src/stm32l4xx_hal_flash_ramfunc.o
LOAD ./Drivers/STM32L4xx_HAL_Driver/Src/stm32l4xx_hal_gpio.o
LOAD ./Drivers/STM32L4xx_HAL_Driver/Src/stm32l4xx_hal_i2c.o
LOAD ./Drivers/STM32L4xx_HAL_Driver/Src/stm32l4xx_hal_i2c_ex.o
LOAD ./Drivers/STM32L4xx_HAL_Driver/Src/stm32l4xx_hal_pwr.o
LOAD ./Drivers/STM32L4xx_HAL_Driver/Src/stm32l4xx_hal_pwr_ex.o
LOAD ./Drivers/STM32L4xx_HAL_Driver/Src/stm32l4xx_hal_rcc.o
LOAD ./Drivers/STM32L4xx_HAL_Driver/Src/stm32l4xx_hal_rcc_ex.o
LOAD ./Drivers/STM32L4xx_HAL_Driver/Src/stm32l4xx_hal_spi.o
LOAD ./Drivers/STM32L4xx_HAL_Driver/Src/stm32l4xx_hal_spi_ex.o
LOAD ./Drivers/STM32L4xx_HAL_Driver/Src/stm32l4xx_hal_tim.o
LOAD ./Drivers/STM32L4xx_HAL_Driver/Src/stm32l4xx_hal_tim_ex.o
LOAD ./Drivers/STM32L4xx_HAL_Driver/Src/stm32l4xx_hal_uart.o
LOAD ./Drivers/STM32L4xx_HAL_Driver/Src/stm32l4xx_hal_uart_ex.o
LOAD /home/nick/STM32CubeIDE/VisiTune_ws/VisiTune/Drivers/CMSIS/CMSIS-DSP/libarm_cortexM4lf_math.a
START GROUP
LOAD /home/nick/st/stm32cubeide_1.19.0/plugins/com.st.stm32cube.ide.mcu.externaltools.gnu-tools-for-stm32.13.3.rel1.linux64_1.0.0.202410170706/tools/bin/../lib/gcc/arm-none-eabi/13.3.1/../../../../arm-none-eabi/lib/thumb/v7e-m+fp/hard/libc_nano.a
LOAD /home/nick/st/stm32cubeide_1.19.0/plugins/com.st.stm32cube.ide.mcu.externaltools.gnu-tools-for-stm32.13.3.rel1.linux64_1.0.0.202410170706/tools/bin/../lib/gcc/arm-none-eabi/13.3.1/../../../../arm-none-eabi/lib/thumb/v7e-m+fp/hard/libm.a
END GROUP
START GROUP
LOAD /home/nick/st/stm32cubeide_1.19.0/plugins/com.st.stm32cube.ide.mcu.externaltools.gnu-tools-for-stm32.13.3.rel1.linux64_1.0.0.202410170706/tools/bin/../lib/gcc/arm-none-eabi/13.3.1/thumb/v7e-m+fp/hard/libgcc.a
LOAD /home/nick/st/stm32cubeide_1.19.0/plugins/com.st.stm32cube.ide.mcu.externaltools.gnu-tools-for-stm32.13.3.rel1.linux64_1.0.0.202410170706/tools/bin/../lib/gcc/arm-none-eabi/13.3.1/../../../../arm-none-eabi/lib/thumb/v7e-m+fp/hard/libc_nano.a
END GROUP
START GROUP
LOAD /home/nick/st/stm32cubeide_1.19.0/plugins/com.st.stm32cube.ide.mcu.externaltools.gnu-tools-for-stm32.13.3.rel1.linux64_1.0.0.202410170706/tools/bin/../lib/gcc/arm-none-eabi/13.3.1/thumb/v7e-m+fp/hard/libgcc.a
LOAD /home/nick/st/stm32cubeide_1.19.0/plugins/com.st.stm32cube.ide.mcu.externaltools.gnu-tools-for-stm32.13.3.rel1.linux64_1.0.0.202410170706/tools/bin/../lib/gcc/arm-none-eabi/13.3.1/../../../../arm-none-eabi/lib/thumb/v7e-m+fp/hard/libc_nano.a
LOAD /home/nick/st/stm32cubeide_1.19.0/plugins/com.st.stm32cube.ide.mcu.externaltools.gnu-tools-for-stm32.13.3.rel1.linux64_1.0.0.202410170706/tools/bin/../lib/gcc/arm-none-eabi/13.3.1/../../../../arm-none-eabi/lib/thumb/v7e-m+fp/hard/libnosys.a
END GROUP
START GROUP
LOAD /home/nick/st/stm32cubeide_1.19.0/plugins/com.st.stm32cube.ide.mcu.externaltools.gnu-tools-for-stm32.13.3.rel1.linux64_1.0.0.202410170706/tools/bin/../lib/gcc/arm-none-eabi/13.3.1/thumb/v7e-m+fp/hard/libgcc.a
LOAD /home/nick/st/stm32cubeide_1.19.0/plugins/com.st.stm32cube.ide.mcu.externaltools.gnu-tools-for-stm32.13.3.rel1.linux64_1.0.0.202410170706/tools/bin/../lib/gcc/arm-none-eabi/13.3.1/../../../../arm-none-eabi/lib/thumb/v7e-m+fp/hard/libc_nano.a
LOAD /home/nick/st/stm32cubeide_1.19.0/plugins/com.st.stm32cube.ide.mcu.externaltools.gnu-tools-for-stm32.13.3.rel1.linux64_1.0.0.202410170706/tools/bin/../lib/gcc/arm-none-eabi/13.3.1/../../../../arm-none-eabi/lib/thumb/v7e-m+fp/hard/libnosys.a
END GROUP
LOAD /home/nick/st/stm32cubeide_1.19.0/plugins/com.st.stm32cube.ide.mcu.externaltools.gnu-tools-for-stm32.13.3.rel1.linux64_1.0.0.202410170706/tools/bin/../lib/gcc/arm-none-eabi/13.3.1/thumb/v7e-m+fp/hard/crtend.o
LOAD /home/nick/st/stm32cubeide_1.19.0/plugins/com.st.stm32cube.ide.mcu.externaltools.gnu-tools-for-stm32.13.3.rel1.linux64_1.0.0.202410170706/tools/bin/../lib/gcc/arm-none-eabi/13.3.1/thumb/v7e-m+fp/hard/crtn.o
                0x200a0000                        _estack = (ORIGIN (RAM3) + LENGTH (RAM3))
                0x00000200                        _Min_Heap_Size = 0x200
                0x00000400                        _Min_Stack_Size = 0x400

.isr_vector     0x08000000      0x1bc
                0x08000000                        . = ALIGN (0x4)
 *(.isr_vector)
 .isr_vector    0x08000000      0x1bc ./Core/Startup/startup_stm32l4r5zitxp.o
                0x08000000                g_pfnVectors
                0x080001bc                        . = ALIGN (0x4)

.text           0x080001bc     0xaea8
                0x080001bc                        . = ALIGN (0x4)
 *(.text)
 .text          0x080001bc       0x40 /home/nick/st/stm32cubeide_1.19.0/plugins/com.st.stm32cube.ide.mcu.externaltools.gnu-tools-for-stm32.13.3.rel1.linux64_1.0.0.202410170706/tools/bin/../lib/gcc/arm-none-eabi/13.3.1/thumb/v7e-m+fp/hard/crtbegin.o
 .text          0x080001fc      0x378 /home/nick/st/stm32cubeide_1.19.0/plugins/com.st.stm32cube.ide.mcu.externaltools.gnu-tools-for-stm32.13.3.rel1.linux64_1.0.0.202410170706/tools/bin/../lib/gcc/arm-none-eabi/13.3.1/thumb/v7e-m+fp/hard/libgcc.a(_arm_addsubdf3.o)
                0x080001fc                __aeabi_drsub
                0x08000204                __aeabi_dsub
                0x08000204                __subdf3
                0x08000208                __adddf3
                0x08000208                __aeabi_dadd
                0x08000480                __aeabi_ui2d
                0x08000480                __floatunsidf
                0x080004a0                __floatsidf
                0x080004a0                __aeabi_i2d
                0x080004c4                __extendsfdf2
                0x080004c4                __aeabi_f2d
                0x08000508                __aeabi_ul2d
                0x08000508                __floatundidf
                0x08000518                __floatdidf
                0x08000518                __aeabi_l2d
 .text          0x08000574      0x424 /home/nick/st/stm32cubeide_1.19.0/plugins/com.st.stm32cube.ide.mcu.externaltools.gnu-tools-for-stm32.13.3.rel1.linux64_1.0.0.202410170706/tools/bin/../lib/gcc/arm-none-eabi/13.3.1/thumb/v7e-m+fp/hard/libgcc.a(_arm_muldivdf3.o)
                0x08000574                __aeabi_dmul
                0x08000574                __muldf3
                0x080007c8                __aeabi_ddiv
                0x080007c8                __divdf3
 .text          0x08000998       0xa0 /home/nick/st/stm32cubeide_1.19.0/plugins/com.st.stm32cube.ide.mcu.externaltools.gnu-tools-for-stm32.13.3.rel1.linux64_1.0.0.202410170706/tools/bin/../lib/gcc/arm-none-eabi/13.3.1/thumb/v7e-m+fp/hard/libgcc.a(_arm_truncdfsf2.o)
                0x08000998                __aeabi_d2f
                0x08000998                __truncdfsf2
 .text          0x08000a38       0x30 /home/nick/st/stm32cubeide_1.19.0/plugins/com.st.stm32cube.ide.mcu.externaltools.gnu-tools-for-stm32.13.3.rel1.linux64_1.0.0.202410170706/tools/bin/../lib/gcc/arm-none-eabi/13.3.1/thumb/v7e-m+fp/hard/libgcc.a(_aeabi_uldivmod.o)
                0x08000a38                __aeabi_uldivmod
 .text          0x08000a68      0x2f8 /home/nick/st/stm32cubeide_1.19.0/plugins/com.st.stm32cube.ide.mcu.externaltools.gnu-tools-for-stm32.13.3.rel1.linux64_1.0.0.202410170706/tools/bin/../lib/gcc/arm-none-eabi/13.3.1/thumb/v7e-m+fp/hard/libgcc.a(_udivmoddi4.o)
                0x08000a68                __udivmoddi4
 .text          0x08000d60        0x4 /home/nick/st/stm32cubeide_1.19.0/plugins/com.st.stm32cube.ide.mcu.externaltools.gnu-tools-for-stm32.13.3.rel1.linux64_1.0.0.202410170706/tools/bin/../lib/gcc/arm-none-eabi/13.3.1/thumb/v7e-m+fp/hard/libgcc.a(_dvmd_tls.o)
                0x08000d60                __aeabi_ldiv0
                0x08000d60                __aeabi_idiv0
 *(.text*)
 .text.ADC_ReadAll_Polling
                0x08000d64       0x50 ./Core/Src/main.o
                0x08000d64                ADC_ReadAll_Polling
 .text.processFFT
                0x08000db4      0x394 ./Core/Src/main.o
                0x08000db4                processFFT
 .text.read_keypad
                0x08001148      0x144 ./Core/Src/main.o
                0x08001148                read_keypad
 .text.protocol_soft_reset
                0x0800128c       0x84 ./Core/Src/main.o
 .text.main     0x08001310      0x59c ./Core/Src/main.o
                0x08001310                main
 .text.SystemClock_Config
                0x080018ac       0xa0 ./Core/Src/main.o
                0x080018ac                SystemClock_Config
 .text.MX_ADC1_Init
                0x0800194c      0x128 ./Core/Src/main.o
 .text.MX_DAC1_Init
                0x08001a74       0x68 ./Core/Src/main.o
 .text.MX_LPUART1_UART_Init
                0x08001adc       0x9c ./Core/Src/main.o
 .text.MX_SPI1_Init
                0x08001b78       0x7c ./Core/Src/main.o
 .text.MX_TIM1_Init
                0x08001bf4       0xa4 ./Core/Src/main.o
 .text.MX_TIM2_Init
                0x08001c98       0x9c ./Core/Src/main.o
 .text.MX_DMA_Init
                0x08001d34       0x74 ./Core/Src/main.o
 .text.MX_GPIO_Init
                0x08001da8      0x46c ./Core/Src/main.o
 .text.HAL_GPIO_EXTI_Callback
                0x08002214       0x70 ./Core/Src/main.o
                0x08002214                HAL_GPIO_EXTI_Callback
 .text.uart_start_header_rx
                0x08002284       0x24 ./Core/Src/main.o
 .text.HAL_UART_RxCpltCallback
                0x080022a8      0x274 ./Core/Src/main.o
                0x080022a8                HAL_UART_RxCpltCallback
 .text.HAL_DAC_ConvHalfCpltCallbackCh1
                0x0800251c       0x50 ./Core/Src/main.o
                0x0800251c                HAL_DAC_ConvHalfCpltCallbackCh1
 .text.HAL_DAC_ConvCpltCallbackCh1
                0x0800256c       0x50 ./Core/Src/main.o
                0x0800256c                HAL_DAC_ConvCpltCallbackCh1
 .text.HAL_UART_ErrorCallback
                0x080025bc       0x24 ./Core/Src/main.o
                0x080025bc                HAL_UART_ErrorCallback
 .text.Error_Handler
                0x080025e0        0xc ./Core/Src/main.o
                0x080025e0                Error_Handler
 .text.crc16_ccitt
                0x080025ec       0xd6 ./Core/Src/packets.o
                0x080025ec                crc16_ccitt
 .text.parse_and_apply_image_packet
                0x080026c2       0xbc ./Core/Src/packets.o
                0x080026c2                parse_and_apply_image_packet
 *fill*         0x0800277e        0x2 
 .text.HAL_MspInit
                0x08002780       0x48 ./Core/Src/stm32l4xx_hal_msp.o
                0x08002780                HAL_MspInit
 .text.HAL_ADC_MspInit
                0x080027c8      0x1b4 ./Core/Src/stm32l4xx_hal_msp.o
                0x080027c8                HAL_ADC_MspInit
 .text.HAL_DAC_MspInit
                0x0800297c       0xdc ./Core/Src/stm32l4xx_hal_msp.o
                0x0800297c                HAL_DAC_MspInit
 .text.HAL_UART_MspInit
                0x08002a58      0x12c ./Core/Src/stm32l4xx_hal_msp.o
                0x08002a58                HAL_UART_MspInit
 .text.HAL_SPI_MspInit
                0x08002b84       0x84 ./Core/Src/stm32l4xx_hal_msp.o
                0x08002b84                HAL_SPI_MspInit
 .text.HAL_TIM_Base_MspInit
                0x08002c08      0x10c ./Core/Src/stm32l4xx_hal_msp.o
                0x08002c08                HAL_TIM_Base_MspInit
 .text.NMI_Handler
                0x08002d14        0x8 ./Core/Src/stm32l4xx_it.o
                0x08002d14                NMI_Handler
 .text.HardFault_Handler
                0x08002d1c        0x8 ./Core/Src/stm32l4xx_it.o
                0x08002d1c                HardFault_Handler
 .text.MemManage_Handler
                0x08002d24        0x8 ./Core/Src/stm32l4xx_it.o
                0x08002d24                MemManage_Handler
 .text.BusFault_Handler
                0x08002d2c        0x8 ./Core/Src/stm32l4xx_it.o
                0x08002d2c                BusFault_Handler
 .text.UsageFault_Handler
                0x08002d34        0x8 ./Core/Src/stm32l4xx_it.o
                0x08002d34                UsageFault_Handler
 .text.SVC_Handler
                0x08002d3c        0xe ./Core/Src/stm32l4xx_it.o
                0x08002d3c                SVC_Handler
 .text.DebugMon_Handler
                0x08002d4a        0xe ./Core/Src/stm32l4xx_it.o
                0x08002d4a                DebugMon_Handler
 .text.PendSV_Handler
                0x08002d58        0xe ./Core/Src/stm32l4xx_it.o
                0x08002d58                PendSV_Handler
 .text.SysTick_Handler
                0x08002d66        0xc ./Core/Src/stm32l4xx_it.o
                0x08002d66                SysTick_Handler
 .text.EXTI0_IRQHandler
                0x08002d72        0xe ./Core/Src/stm32l4xx_it.o
                0x08002d72                EXTI0_IRQHandler
 .text.EXTI1_IRQHandler
                0x08002d80        0xe ./Core/Src/stm32l4xx_it.o
                0x08002d80                EXTI1_IRQHandler
 *fill*         0x08002d8e        0x2 
 .text.DMA1_Channel1_IRQHandler
                0x08002d90       0x14 ./Core/Src/stm32l4xx_it.o
                0x08002d90                DMA1_Channel1_IRQHandler
 .text.DMA1_Channel2_IRQHandler
                0x08002da4       0x14 ./Core/Src/stm32l4xx_it.o
                0x08002da4                DMA1_Channel2_IRQHandler
 .text.DMA1_Channel3_IRQHandler
                0x08002db8       0x14 ./Core/Src/stm32l4xx_it.o
                0x08002db8                DMA1_Channel3_IRQHandler
 .text.ADC1_IRQHandler
                0x08002dcc       0x14 ./Core/Src/stm32l4xx_it.o
                0x08002dcc                ADC1_IRQHandler
 .text.EXTI15_10_IRQHandler
                0x08002de0       0x10 ./Core/Src/stm32l4xx_it.o
                0x08002de0                EXTI15_10_IRQHandler
 .text.LPUART1_IRQHandler
                0x08002df0       0x14 ./Core/Src/stm32l4xx_it.o
                0x08002df0                LPUART1_IRQHandler
 .text.SystemInit
                0x08002e04       0x24 ./Core/Src/system_stm32l4xx.o
                0x08002e04                SystemInit
 .text.tft_select
                0x08002e28       0x18 ./Core/Src/tft.o
 .text.tft_deselect
                0x08002e40       0x18 ./Core/Src/tft.o
 .text.tft_dc_cmd
                0x08002e58       0x18 ./Core/Src/tft.o
 .text.tft_dc_data
                0x08002e70       0x18 ./Core/Src/tft.o
 .text.tft_write_cmd
                0x08002e88       0x30 ./Core/Src/tft.o
 .text.tft_write_data
                0x08002eb8       0x34 ./Core/Src/tft.o
 .text.tft_set_addr_window
                0x08002eec       0x8a ./Core/Src/tft.o
                0x08002eec                tft_set_addr_window
 *fill*         0x08002f76        0x2 
 .text.tft_blit565
                0x08002f78      0x160 ./Core/Src/tft.o
                0x08002f78                tft_blit565
 .text.Reset_Handler
                0x080030d8       0x50 ./Core/Startup/startup_stm32l4r5zitxp.o
                0x080030d8                Reset_Handler
 .text.Default_Handler
                0x08003128        0x2 ./Core/Startup/startup_stm32l4r5zitxp.o
                0x08003128                RTC_Alarm_IRQHandler
                0x08003128                EXTI2_IRQHandler
                0x08003128                TIM8_TRG_COM_IRQHandler
                0x08003128                TIM8_CC_IRQHandler
                0x08003128                TIM1_CC_IRQHandler
                0x08003128                TSC_IRQHandler
                0x08003128                TAMP_STAMP_IRQHandler
                0x08003128                EXTI3_IRQHandler
                0x08003128                LPTIM2_IRQHandler
                0x08003128                DFSDM1_FLT1_IRQHandler
                0x08003128                GFXMMU_IRQHandler
                0x08003128                I2C3_ER_IRQHandler
                0x08003128                DFSDM1_FLT2_IRQHandler
                0x08003128                I2C2_EV_IRQHandler
                0x08003128                CAN1_RX0_IRQHandler
                0x08003128                FPU_IRQHandler
                0x08003128                TIM1_UP_TIM16_IRQHandler
                0x08003128                LTDC_ER_IRQHandler
                0x08003128                SPI1_IRQHandler
                0x08003128                OCTOSPI1_IRQHandler
                0x08003128                TIM6_DAC_IRQHandler
                0x08003128                DCMI_IRQHandler
                0x08003128                TIM8_UP_IRQHandler
                0x08003128                OCTOSPI2_IRQHandler
                0x08003128                DMA2_Channel2_IRQHandler
                0x08003128                DMA1_Channel4_IRQHandler
                0x08003128                SAI2_IRQHandler
                0x08003128                DFSDM1_FLT3_IRQHandler
                0x08003128                USART3_IRQHandler
                0x08003128                DMA1_Channel7_IRQHandler
                0x08003128                CAN1_RX1_IRQHandler
                0x08003128                UART5_IRQHandler
                0x08003128                TIM4_IRQHandler
                0x08003128                DMA2_Channel1_IRQHandler
                0x08003128                I2C1_EV_IRQHandler
                0x08003128                DMAMUX1_OVR_IRQHandler
                0x08003128                DMA1_Channel6_IRQHandler
                0x08003128                UART4_IRQHandler
                0x08003128                DMA2_Channel4_IRQHandler
                0x08003128                TIM3_IRQHandler
                0x08003128                RCC_IRQHandler
                0x08003128                Default_Handler
                0x08003128                DMA2_Channel7_IRQHandler
                0x08003128                TIM7_IRQHandler
                0x08003128                SDMMC1_IRQHandler
                0x08003128                TIM5_IRQHandler
                0x08003128                I2C3_EV_IRQHandler
                0x08003128                EXTI9_5_IRQHandler
                0x08003128                RTC_WKUP_IRQHandler
                0x08003128                LTDC_IRQHandler
                0x08003128                PVD_PVM_IRQHandler
                0x08003128                SPI2_IRQHandler
                0x08003128                CAN1_TX_IRQHandler
                0x08003128                DMA2_Channel5_IRQHandler
                0x08003128                CRS_IRQHandler
                0x08003128                DMA1_Channel5_IRQHandler
                0x08003128                EXTI4_IRQHandler
                0x08003128                RNG_IRQHandler
                0x08003128                TIM1_TRG_COM_TIM17_IRQHandler
                0x08003128                COMP_IRQHandler
                0x08003128                WWDG_IRQHandler
                0x08003128                I2C4_EV_IRQHandler
                0x08003128                DMA2_Channel6_IRQHandler
                0x08003128                TIM2_IRQHandler
                0x08003128                DMA2D_IRQHandler
                0x08003128                USART2_IRQHandler
                0x08003128                DFSDM1_FLT0_IRQHandler
                0x08003128                I2C2_ER_IRQHandler
                0x08003128                TIM8_BRK_IRQHandler
                0x08003128                CAN1_SCE_IRQHandler
                0x08003128                FLASH_IRQHandler
                0x08003128                USART1_IRQHandler
                0x08003128                OTG_FS_IRQHandler
                0x08003128                SPI3_IRQHandler
                0x08003128                I2C1_ER_IRQHandler
                0x08003128                FMC_IRQHandler
                0x08003128                LPTIM1_IRQHandler
                0x08003128                I2C4_ER_IRQHandler
                0x08003128                SAI1_IRQHandler
                0x08003128                DMA2_Channel3_IRQHandler
                0x08003128                TIM1_BRK_TIM15_IRQHandler
 .text.HAL_Init
                0x0800312a       0x30 ./Drivers/STM32L4xx_HAL_Driver/Src/stm32l4xx_hal.o
                0x0800312a                HAL_Init
 *fill*         0x0800315a        0x2 
 .text.HAL_InitTick
                0x0800315c       0x78 ./Drivers/STM32L4xx_HAL_Driver/Src/stm32l4xx_hal.o
                0x0800315c                HAL_InitTick
 .text.HAL_IncTick
                0x080031d4       0x28 ./Drivers/STM32L4xx_HAL_Driver/Src/stm32l4xx_hal.o
                0x080031d4                HAL_IncTick
 .text.HAL_GetTick
                0x080031fc       0x18 ./Drivers/STM32L4xx_HAL_Driver/Src/stm32l4xx_hal.o
                0x080031fc                HAL_GetTick
 .text.HAL_Delay
                0x08003214       0x48 ./Drivers/STM32L4xx_HAL_Driver/Src/stm32l4xx_hal.o
                0x08003214                HAL_Delay
 .text.LL_ADC_SetCommonClock
                0x0800325c       0x26 ./Drivers/STM32L4xx_HAL_Driver/Src/stm32l4xx_hal_adc.o
 .text.LL_ADC_SetCommonPathInternalCh
                0x08003282       0x26 ./Drivers/STM32L4xx_HAL_Driver/Src/stm32l4xx_hal_adc.o
 .text.LL_ADC_GetCommonPathInternalCh
                0x080032a8       0x1c ./Drivers/STM32L4xx_HAL_Driver/Src/stm32l4xx_hal_adc.o
 .text.LL_ADC_SetOffset
                0x080032c4       0x48 ./Drivers/STM32L4xx_HAL_Driver/Src/stm32l4xx_hal_adc.o
 .text.LL_ADC_GetOffsetChannel
                0x0800330c       0x2c ./Drivers/STM32L4xx_HAL_Driver/Src/stm32l4xx_hal_adc.o
 .text.LL_ADC_SetOffsetState
                0x08003338       0x36 ./Drivers/STM32L4xx_HAL_Driver/Src/stm32l4xx_hal_adc.o
 .text.LL_ADC_SetSamplingTimeCommonConfig
                0x0800336e       0x26 ./Drivers/STM32L4xx_HAL_Driver/Src/stm32l4xx_hal_adc.o
 .text.LL_ADC_REG_IsTriggerSourceSWStart
                0x08003394       0x26 ./Drivers/STM32L4xx_HAL_Driver/Src/stm32l4xx_hal_adc.o
 .text.LL_ADC_REG_SetSequencerRanks
                0x080033ba       0x58 ./Drivers/STM32L4xx_HAL_Driver/Src/stm32l4xx_hal_adc.o
 .text.LL_ADC_INJ_IsTriggerSourceSWStart
                0x08003412       0x26 ./Drivers/STM32L4xx_HAL_Driver/Src/stm32l4xx_hal_adc.o
 .text.LL_ADC_SetChannelSamplingTime
                0x08003438       0x56 ./Drivers/STM32L4xx_HAL_Driver/Src/stm32l4xx_hal_adc.o
 *fill*         0x0800348e        0x2 
 .text.LL_ADC_SetChannelSingleDiff
                0x08003490       0x48 ./Drivers/STM32L4xx_HAL_Driver/Src/stm32l4xx_hal_adc.o
 .text.LL_ADC_DisableDeepPowerDown
                0x080034d8       0x24 ./Drivers/STM32L4xx_HAL_Driver/Src/stm32l4xx_hal_adc.o
 .text.LL_ADC_IsDeepPowerDownEnabled
                0x080034fc       0x28 ./Drivers/STM32L4xx_HAL_Driver/Src/stm32l4xx_hal_adc.o
 .text.LL_ADC_EnableInternalRegulator
                0x08003524       0x28 ./Drivers/STM32L4xx_HAL_Driver/Src/stm32l4xx_hal_adc.o
 .text.LL_ADC_IsInternalRegulatorEnabled
                0x0800354c       0x28 ./Drivers/STM32L4xx_HAL_Driver/Src/stm32l4xx_hal_adc.o
 .text.LL_ADC_Enable
                0x08003574       0x28 ./Drivers/STM32L4xx_HAL_Driver/Src/stm32l4xx_hal_adc.o
 .text.LL_ADC_Disable
                0x0800359c       0x28 ./Drivers/STM32L4xx_HAL_Driver/Src/stm32l4xx_hal_adc.o
 .text.LL_ADC_IsEnabled
                0x080035c4       0x26 ./Drivers/STM32L4xx_HAL_Driver/Src/stm32l4xx_hal_adc.o
 .text.LL_ADC_IsDisableOngoing
                0x080035ea       0x26 ./Drivers/STM32L4xx_HAL_Driver/Src/stm32l4xx_hal_adc.o
 .text.LL_ADC_REG_StartConversion
                0x08003610       0x28 ./Drivers/STM32L4xx_HAL_Driver/Src/stm32l4xx_hal_adc.o
 .text.LL_ADC_REG_IsConversionOngoing
                0x08003638       0x26 ./Drivers/STM32L4xx_HAL_Driver/Src/stm32l4xx_hal_adc.o
 .text.LL_ADC_INJ_IsConversionOngoing
                0x0800365e       0x26 ./Drivers/STM32L4xx_HAL_Driver/Src/stm32l4xx_hal_adc.o
 .text.HAL_ADC_Init
                0x08003684      0x28c ./Drivers/STM32L4xx_HAL_Driver/Src/stm32l4xx_hal_adc.o
                0x08003684                HAL_ADC_Init
 .text.HAL_ADC_Start
                0x08003910       0xc6 ./Drivers/STM32L4xx_HAL_Driver/Src/stm32l4xx_hal_adc.o
                0x08003910                HAL_ADC_Start
 .text.HAL_ADC_PollForConversion
                0x080039d6      0x11e ./Drivers/STM32L4xx_HAL_Driver/Src/stm32l4xx_hal_adc.o
                0x080039d6                HAL_ADC_PollForConversion
 .text.HAL_ADC_GetValue
                0x08003af4       0x1a ./Drivers/STM32L4xx_HAL_Driver/Src/stm32l4xx_hal_adc.o
                0x08003af4                HAL_ADC_GetValue
 .text.HAL_ADC_IRQHandler
                0x08003b0e      0x368 ./Drivers/STM32L4xx_HAL_Driver/Src/stm32l4xx_hal_adc.o
                0x08003b0e                HAL_ADC_IRQHandler
 .text.HAL_ADC_ConvCpltCallback
                0x08003e76       0x14 ./Drivers/STM32L4xx_HAL_Driver/Src/stm32l4xx_hal_adc.o
                0x08003e76                HAL_ADC_ConvCpltCallback
 .text.HAL_ADC_LevelOutOfWindowCallback
                0x08003e8a       0x14 ./Drivers/STM32L4xx_HAL_Driver/Src/stm32l4xx_hal_adc.o
                0x08003e8a                HAL_ADC_LevelOutOfWindowCallback
 .text.HAL_ADC_ErrorCallback
                0x08003e9e       0x14 ./Drivers/STM32L4xx_HAL_Driver/Src/stm32l4xx_hal_adc.o
                0x08003e9e                HAL_ADC_ErrorCallback
 *fill*         0x08003eb2        0x2 
 .text.HAL_ADC_ConfigChannel
                0x08003eb4      0x7f8 ./Drivers/STM32L4xx_HAL_Driver/Src/stm32l4xx_hal_adc.o
                0x08003eb4                HAL_ADC_ConfigChannel
 .text.ADC_Enable
                0x080046ac      0x10c ./Drivers/STM32L4xx_HAL_Driver/Src/stm32l4xx_hal_adc.o
                0x080046ac                ADC_Enable
 .text.ADC_Disable
                0x080047b8       0xbe ./Drivers/STM32L4xx_HAL_Driver/Src/stm32l4xx_hal_adc.o
                0x080047b8                ADC_Disable
 .text.LL_ADC_StartCalibration
                0x08004876       0x32 ./Drivers/STM32L4xx_HAL_Driver/Src/stm32l4xx_hal_adc_ex.o
 .text.LL_ADC_IsCalibrationOnGoing
                0x080048a8       0x28 ./Drivers/STM32L4xx_HAL_Driver/Src/stm32l4xx_hal_adc_ex.o
 .text.HAL_ADCEx_Calibration_Start
                0x080048d0       0xc0 ./Drivers/STM32L4xx_HAL_Driver/Src/stm32l4xx_hal_adc_ex.o
                0x080048d0                HAL_ADCEx_Calibration_Start
 .text.HAL_ADCEx_InjectedConvCpltCallback
                0x08004990       0x14 ./Drivers/STM32L4xx_HAL_Driver/Src/stm32l4xx_hal_adc_ex.o
                0x08004990                HAL_ADCEx_InjectedConvCpltCallback
 .text.HAL_ADCEx_InjectedQueueOverflowCallback
                0x080049a4       0x14 ./Drivers/STM32L4xx_HAL_Driver/Src/stm32l4xx_hal_adc_ex.o
                0x080049a4                HAL_ADCEx_InjectedQueueOverflowCallback
 .text.HAL_ADCEx_LevelOutOfWindow2Callback
                0x080049b8       0x14 ./Drivers/STM32L4xx_HAL_Driver/Src/stm32l4xx_hal_adc_ex.o
                0x080049b8                HAL_ADCEx_LevelOutOfWindow2Callback
 .text.HAL_ADCEx_LevelOutOfWindow3Callback
                0x080049cc       0x14 ./Drivers/STM32L4xx_HAL_Driver/Src/stm32l4xx_hal_adc_ex.o
                0x080049cc                HAL_ADCEx_LevelOutOfWindow3Callback
 .text.HAL_ADCEx_EndOfSamplingCallback
                0x080049e0       0x14 ./Drivers/STM32L4xx_HAL_Driver/Src/stm32l4xx_hal_adc_ex.o
                0x080049e0                HAL_ADCEx_EndOfSamplingCallback
 .text.__NVIC_SetPriorityGrouping
                0x080049f4       0x48 ./Drivers/STM32L4xx_HAL_Driver/Src/stm32l4xx_hal_cortex.o
 .text.__NVIC_GetPriorityGrouping
                0x08004a3c       0x1c ./Drivers/STM32L4xx_HAL_Driver/Src/stm32l4xx_hal_cortex.o
 .text.__NVIC_EnableIRQ
                0x08004a58       0x3c ./Drivers/STM32L4xx_HAL_Driver/Src/stm32l4xx_hal_cortex.o
 .text.__NVIC_SetPriority
                0x08004a94       0x54 ./Drivers/STM32L4xx_HAL_Driver/Src/stm32l4xx_hal_cortex.o
 .text.NVIC_EncodePriority
                0x08004ae8       0x66 ./Drivers/STM32L4xx_HAL_Driver/Src/stm32l4xx_hal_cortex.o
 *fill*         0x08004b4e        0x2 
 .text.SysTick_Config
                0x08004b50       0x44 ./Drivers/STM32L4xx_HAL_Driver/Src/stm32l4xx_hal_cortex.o
 .text.HAL_NVIC_SetPriorityGrouping
                0x08004b94       0x16 ./Drivers/STM32L4xx_HAL_Driver/Src/stm32l4xx_hal_cortex.o
                0x08004b94                HAL_NVIC_SetPriorityGrouping
 .text.HAL_NVIC_SetPriority
                0x08004baa       0x38 ./Drivers/STM32L4xx_HAL_Driver/Src/stm32l4xx_hal_cortex.o
                0x08004baa                HAL_NVIC_SetPriority
 .text.HAL_NVIC_EnableIRQ
                0x08004be2       0x1c ./Drivers/STM32L4xx_HAL_Driver/Src/stm32l4xx_hal_cortex.o
                0x08004be2                HAL_NVIC_EnableIRQ
 .text.HAL_SYSTICK_Config
                0x08004bfe       0x18 ./Drivers/STM32L4xx_HAL_Driver/Src/stm32l4xx_hal_cortex.o
                0x08004bfe                HAL_SYSTICK_Config
 .text.HAL_DAC_Init
                0x08004c16       0x44 ./Drivers/STM32L4xx_HAL_Driver/Src/stm32l4xx_hal_dac.o
                0x08004c16                HAL_DAC_Init
 *fill*         0x08004c5a        0x2 
 .text.HAL_DAC_Start_DMA
                0x08004c5c      0x198 ./Drivers/STM32L4xx_HAL_Driver/Src/stm32l4xx_hal_dac.o
                0x08004c5c                HAL_DAC_Start_DMA
 .text.HAL_DAC_Stop_DMA
                0x08004df4       0x8a ./Drivers/STM32L4xx_HAL_Driver/Src/stm32l4xx_hal_dac.o
                0x08004df4                HAL_DAC_Stop_DMA
 .text.HAL_DAC_ErrorCallbackCh1
                0x08004e7e       0x14 ./Drivers/STM32L4xx_HAL_Driver/Src/stm32l4xx_hal_dac.o
                0x08004e7e                HAL_DAC_ErrorCallbackCh1
 *fill*         0x08004e92        0x2 
 .text.HAL_DAC_ConfigChannel
                0x08004e94      0x298 ./Drivers/STM32L4xx_HAL_Driver/Src/stm32l4xx_hal_dac.o
                0x08004e94                HAL_DAC_ConfigChannel
 .text.DAC_DMAConvCpltCh1
                0x0800512c       0x22 ./Drivers/STM32L4xx_HAL_Driver/Src/stm32l4xx_hal_dac.o
                0x0800512c                DAC_DMAConvCpltCh1
 .text.DAC_DMAHalfConvCpltCh1
                0x0800514e       0x1c ./Drivers/STM32L4xx_HAL_Driver/Src/stm32l4xx_hal_dac.o
                0x0800514e                DAC_DMAHalfConvCpltCh1
 .text.DAC_DMAErrorCh1
                0x0800516a       0x2e ./Drivers/STM32L4xx_HAL_Driver/Src/stm32l4xx_hal_dac.o
                0x0800516a                DAC_DMAErrorCh1
 .text.HAL_DACEx_ConvCpltCallbackCh2
                0x08005198       0x14 ./Drivers/STM32L4xx_HAL_Driver/Src/stm32l4xx_hal_dac_ex.o
                0x08005198                HAL_DACEx_ConvCpltCallbackCh2
 .text.HAL_DACEx_ConvHalfCpltCallbackCh2
                0x080051ac       0x14 ./Drivers/STM32L4xx_HAL_Driver/Src/stm32l4xx_hal_dac_ex.o
                0x080051ac                HAL_DACEx_ConvHalfCpltCallbackCh2
 .text.HAL_DACEx_ErrorCallbackCh2
                0x080051c0       0x14 ./Drivers/STM32L4xx_HAL_Driver/Src/stm32l4xx_hal_dac_ex.o
                0x080051c0                HAL_DACEx_ErrorCallbackCh2
 .text.DAC_DMAConvCpltCh2
                0x080051d4       0x22 ./Drivers/STM32L4xx_HAL_Driver/Src/stm32l4xx_hal_dac_ex.o
                0x080051d4                DAC_DMAConvCpltCh2
 .text.DAC_DMAHalfConvCpltCh2
                0x080051f6       0x1c ./Drivers/STM32L4xx_HAL_Driver/Src/stm32l4xx_hal_dac_ex.o
                0x080051f6                DAC_DMAHalfConvCpltCh2
 .text.DAC_DMAErrorCh2
                0x08005212       0x2e ./Drivers/STM32L4xx_HAL_Driver/Src/stm32l4xx_hal_dac_ex.o
                0x08005212                DAC_DMAErrorCh2
 .text.HAL_DMA_Init
                0x08005240      0x150 ./Drivers/STM32L4xx_HAL_Driver/Src/stm32l4xx_hal_dma.o
                0x08005240                HAL_DMA_Init
 .text.HAL_DMA_Start_IT
                0x08005390       0xf6 ./Drivers/STM32L4xx_HAL_Driver/Src/stm32l4xx_hal_dma.o
                0x08005390                HAL_DMA_Start_IT
 .text.HAL_DMA_Abort
                0x08005486       0xb8 ./Drivers/STM32L4xx_HAL_Driver/Src/stm32l4xx_hal_dma.o
                0x08005486                HAL_DMA_Abort
 .text.HAL_DMA_Abort_IT
                0x0800553e       0xbe ./Drivers/STM32L4xx_HAL_Driver/Src/stm32l4xx_hal_dma.o
                0x0800553e                HAL_DMA_Abort_IT
 .text.HAL_DMA_IRQHandler
                0x080055fc      0x15e ./Drivers/STM32L4xx_HAL_Driver/Src/stm32l4xx_hal_dma.o
                0x080055fc                HAL_DMA_IRQHandler
 .text.HAL_DMA_GetError
                0x0800575a       0x18 ./Drivers/STM32L4xx_HAL_Driver/Src/stm32l4xx_hal_dma.o
                0x0800575a                HAL_DMA_GetError
 .text.DMA_SetConfig
                0x08005772       0x7c ./Drivers/STM32L4xx_HAL_Driver/Src/stm32l4xx_hal_dma.o
 *fill*         0x080057ee        0x2 
 .text.DMA_CalcDMAMUXChannelBaseAndMask
                0x080057f0       0x7c ./Drivers/STM32L4xx_HAL_Driver/Src/stm32l4xx_hal_dma.o
 .text.DMA_CalcDMAMUXRequestGenBaseAndMask
                0x0800586c       0x48 ./Drivers/STM32L4xx_HAL_Driver/Src/stm32l4xx_hal_dma.o
 .text.HAL_GPIO_Init
                0x080058b4      0x324 ./Drivers/STM32L4xx_HAL_Driver/Src/stm32l4xx_hal_gpio.o
                0x080058b4                HAL_GPIO_Init
 .text.HAL_GPIO_ReadPin
                0x08005bd8       0x30 ./Drivers/STM32L4xx_HAL_Driver/Src/stm32l4xx_hal_gpio.o
                0x08005bd8                HAL_GPIO_ReadPin
 .text.HAL_GPIO_WritePin
                0x08005c08       0x30 ./Drivers/STM32L4xx_HAL_Driver/Src/stm32l4xx_hal_gpio.o
                0x08005c08                HAL_GPIO_WritePin
 .text.HAL_GPIO_EXTI_IRQHandler
                0x08005c38       0x30 ./Drivers/STM32L4xx_HAL_Driver/Src/stm32l4xx_hal_gpio.o
                0x08005c38                HAL_GPIO_EXTI_IRQHandler
 .text.HAL_PWREx_GetVoltageRange
                0x08005c68       0x40 ./Drivers/STM32L4xx_HAL_Driver/Src/stm32l4xx_hal_pwr_ex.o
                0x08005c68                HAL_PWREx_GetVoltageRange
 .text.HAL_PWREx_ControlVoltageScaling
                0x08005ca8      0x148 ./Drivers/STM32L4xx_HAL_Driver/Src/stm32l4xx_hal_pwr_ex.o
                0x08005ca8                HAL_PWREx_ControlVoltageScaling
 .text.HAL_PWREx_EnableVddIO2
                0x08005df0       0x20 ./Drivers/STM32L4xx_HAL_Driver/Src/stm32l4xx_hal_pwr_ex.o
                0x08005df0                HAL_PWREx_EnableVddIO2
 .text.HAL_RCC_OscConfig
                0x08005e10      0x834 ./Drivers/STM32L4xx_HAL_Driver/Src/stm32l4xx_hal_rcc.o
                0x08005e10                HAL_RCC_OscConfig
 .text.HAL_RCC_ClockConfig
                0x08006644      0x274 ./Drivers/STM32L4xx_HAL_Driver/Src/stm32l4xx_hal_rcc.o
                0x08006644                HAL_RCC_ClockConfig
 .text.HAL_RCC_GetSysClockFreq
                0x080068b8      0x118 ./Drivers/STM32L4xx_HAL_Driver/Src/stm32l4xx_hal_rcc.o
                0x080068b8                HAL_RCC_GetSysClockFreq
 .text.HAL_RCC_GetHCLKFreq
                0x080069d0       0x18 ./Drivers/STM32L4xx_HAL_Driver/Src/stm32l4xx_hal_rcc.o
                0x080069d0                HAL_RCC_GetHCLKFreq
 .text.HAL_RCC_GetPCLK1Freq
                0x080069e8       0x2c ./Drivers/STM32L4xx_HAL_Driver/Src/stm32l4xx_hal_rcc.o
                0x080069e8                HAL_RCC_GetPCLK1Freq
 .text.HAL_RCC_GetPCLK2Freq
                0x08006a14       0x2c ./Drivers/STM32L4xx_HAL_Driver/Src/stm32l4xx_hal_rcc.o
                0x08006a14                HAL_RCC_GetPCLK2Freq
 .text.RCC_SetFlashLatencyFromMSIRange
                0x08006a40       0xb4 ./Drivers/STM32L4xx_HAL_Driver/Src/stm32l4xx_hal_rcc.o
 .text.RCC_GetSysClockFreqFromPLLSource
                0x08006af4       0xcc ./Drivers/STM32L4xx_HAL_Driver/Src/stm32l4xx_hal_rcc.o
 .text.HAL_RCCEx_PeriphCLKConfig
                0x08006bc0      0x660 ./Drivers/STM32L4xx_HAL_Driver/Src/stm32l4xx_hal_rcc_ex.o
                0x08006bc0                HAL_RCCEx_PeriphCLKConfig
 .text.RCCEx_PLLSAI1_Config
                0x08007220      0x1e8 ./Drivers/STM32L4xx_HAL_Driver/Src/stm32l4xx_hal_rcc_ex.o
 .text.RCCEx_PLLSAI2_Config
                0x08007408      0x1e8 ./Drivers/STM32L4xx_HAL_Driver/Src/stm32l4xx_hal_rcc_ex.o
 .text.HAL_SPI_Init
                0x080075f0      0x146 ./Drivers/STM32L4xx_HAL_Driver/Src/stm32l4xx_hal_spi.o
                0x080075f0                HAL_SPI_Init
 .text.HAL_SPI_Transmit
                0x08007736      0x2ec ./Drivers/STM32L4xx_HAL_Driver/Src/stm32l4xx_hal_spi.o
                0x08007736                HAL_SPI_Transmit
 *fill*         0x08007a22        0x2 
 .text.SPI_WaitFlagStateUntilTimeout
                0x08007a24      0x110 ./Drivers/STM32L4xx_HAL_Driver/Src/stm32l4xx_hal_spi.o
 .text.SPI_WaitFifoStateUntilTimeout
                0x08007b34      0x12c ./Drivers/STM32L4xx_HAL_Driver/Src/stm32l4xx_hal_spi.o
 .text.SPI_EndRxTxTransaction
                0x08007c60       0x8c ./Drivers/STM32L4xx_HAL_Driver/Src/stm32l4xx_hal_spi.o
 .text.HAL_TIM_Base_Init
                0x08007cec       0xae ./Drivers/STM32L4xx_HAL_Driver/Src/stm32l4xx_hal_tim.o
                0x08007cec                HAL_TIM_Base_Init
 *fill*         0x08007d9a        0x2 
 .text.HAL_TIM_Base_Start
                0x08007d9c       0xd0 ./Drivers/STM32L4xx_HAL_Driver/Src/stm32l4xx_hal_tim.o
                0x08007d9c                HAL_TIM_Base_Start
 .text.HAL_TIM_ConfigClockSource
                0x08007e6c      0x192 ./Drivers/STM32L4xx_HAL_Driver/Src/stm32l4xx_hal_tim.o
                0x08007e6c                HAL_TIM_ConfigClockSource
 *fill*         0x08007ffe        0x2 
 .text.TIM_Base_SetConfig
                0x08008000      0x14c ./Drivers/STM32L4xx_HAL_Driver/Src/stm32l4xx_hal_tim.o
                0x08008000                TIM_Base_SetConfig
 .text.TIM_TI1_ConfigInputStage
                0x0800814c       0x5e ./Drivers/STM32L4xx_HAL_Driver/Src/stm32l4xx_hal_tim.o
 .text.TIM_TI2_ConfigInputStage
                0x080081aa       0x60 ./Drivers/STM32L4xx_HAL_Driver/Src/stm32l4xx_hal_tim.o
 .text.TIM_ITRx_SetConfig
                0x0800820a       0x36 ./Drivers/STM32L4xx_HAL_Driver/Src/stm32l4xx_hal_tim.o
 .text.TIM_ETR_SetConfig
                0x08008240       0x40 ./Drivers/STM32L4xx_HAL_Driver/Src/stm32l4xx_hal_tim.o
                0x08008240                TIM_ETR_SetConfig
 .text.HAL_TIMEx_MasterConfigSynchronization
                0x08008280      0x110 ./Drivers/STM32L4xx_HAL_Driver/Src/stm32l4xx_hal_tim_ex.o
                0x08008280                HAL_TIMEx_MasterConfigSynchronization
 .text.HAL_UART_Init
                0x08008390       0xa0 ./Drivers/STM32L4xx_HAL_Driver/Src/stm32l4xx_hal_uart.o
                0x08008390                HAL_UART_Init
 .text.HAL_UART_Transmit
                0x08008430      0x11c ./Drivers/STM32L4xx_HAL_Driver/Src/stm32l4xx_hal_uart.o
                0x08008430                HAL_UART_Transmit
 .text.HAL_UART_Receive_DMA
                0x0800854c       0x98 ./Drivers/STM32L4xx_HAL_Driver/Src/stm32l4xx_hal_uart.o
                0x0800854c                HAL_UART_Receive_DMA
 .text.HAL_UART_AbortReceive
                0x080085e4      0x16e ./Drivers/STM32L4xx_HAL_Driver/Src/stm32l4xx_hal_uart.o
                0x080085e4                HAL_UART_AbortReceive
 *fill*         0x08008752        0x2 
 .text.HAL_UART_IRQHandler
                0x08008754      0x684 ./Drivers/STM32L4xx_HAL_Driver/Src/stm32l4xx_hal_uart.o
                0x08008754                HAL_UART_IRQHandler
 .text.HAL_UART_TxCpltCallback
                0x08008dd8       0x14 ./Drivers/STM32L4xx_HAL_Driver/Src/stm32l4xx_hal_uart.o
                0x08008dd8                HAL_UART_TxCpltCallback
 .text.HAL_UART_RxHalfCpltCallback
                0x08008dec       0x14 ./Drivers/STM32L4xx_HAL_Driver/Src/stm32l4xx_hal_uart.o
                0x08008dec                HAL_UART_RxHalfCpltCallback
 .text.HAL_UARTEx_RxEventCallback
                0x08008e00       0x18 ./Drivers/STM32L4xx_HAL_Driver/Src/stm32l4xx_hal_uart.o
                0x08008e00                HAL_UARTEx_RxEventCallback
 .text.UART_SetConfig
                0x08008e18      0x5f8 ./Drivers/STM32L4xx_HAL_Driver/Src/stm32l4xx_hal_uart.o
                0x08008e18                UART_SetConfig
 .text.UART_AdvFeatureConfig
                0x08009410      0x144 ./Drivers/STM32L4xx_HAL_Driver/Src/stm32l4xx_hal_uart.o
                0x08009410                UART_AdvFeatureConfig
 .text.UART_CheckIdleState
                0x08009554      0x154 ./Drivers/STM32L4xx_HAL_Driver/Src/stm32l4xx_hal_uart.o
                0x08009554                UART_CheckIdleState
 .text.UART_WaitOnFlagUntilTimeout
                0x080096a8       0xda ./Drivers/STM32L4xx_HAL_Driver/Src/stm32l4xx_hal_uart.o
                0x080096a8                UART_WaitOnFlagUntilTimeout
 *fill*         0x08009782        0x2 
 .text.UART_Start_Receive_DMA
                0x08009784      0x14c ./Drivers/STM32L4xx_HAL_Driver/Src/stm32l4xx_hal_uart.o
                0x08009784                UART_Start_Receive_DMA
 .text.UART_EndTxTransfer
                0x080098d0       0x82 ./Drivers/STM32L4xx_HAL_Driver/Src/stm32l4xx_hal_uart.o
 .text.UART_EndRxTransfer
                0x08009952       0xcc ./Drivers/STM32L4xx_HAL_Driver/Src/stm32l4xx_hal_uart.o
 .text.UART_DMAReceiveCplt
                0x08009a1e      0x12c ./Drivers/STM32L4xx_HAL_Driver/Src/stm32l4xx_hal_uart.o
 .text.UART_DMARxHalfCplt
                0x08009b4a       0x3e ./Drivers/STM32L4xx_HAL_Driver/Src/stm32l4xx_hal_uart.o
 .text.UART_DMAError
                0x08009b88       0x80 ./Drivers/STM32L4xx_HAL_Driver/Src/stm32l4xx_hal_uart.o
 .text.UART_DMAAbortOnError
                0x08009c08       0x2c ./Drivers/STM32L4xx_HAL_Driver/Src/stm32l4xx_hal_uart.o
 .text.UART_EndTransmit_IT
                0x08009c34       0x56 ./Drivers/STM32L4xx_HAL_Driver/Src/stm32l4xx_hal_uart.o
 .text.HAL_UARTEx_WakeupCallback
                0x08009c8a       0x14 ./Drivers/STM32L4xx_HAL_Driver/Src/stm32l4xx_hal_uart_ex.o
                0x08009c8a                HAL_UARTEx_WakeupCallback
 .text.HAL_UARTEx_RxFifoFullCallback
                0x08009c9e       0x14 ./Drivers/STM32L4xx_HAL_Driver/Src/stm32l4xx_hal_uart_ex.o
                0x08009c9e                HAL_UARTEx_RxFifoFullCallback
 .text.HAL_UARTEx_TxFifoEmptyCallback
                0x08009cb2       0x14 ./Drivers/STM32L4xx_HAL_Driver/Src/stm32l4xx_hal_uart_ex.o
                0x08009cb2                HAL_UARTEx_TxFifoEmptyCallback
 .text.HAL_UARTEx_DisableFifoMode
                0x08009cc6       0x72 ./Drivers/STM32L4xx_HAL_Driver/Src/stm32l4xx_hal_uart_ex.o
                0x08009cc6                HAL_UARTEx_DisableFifoMode
 .text.HAL_UARTEx_SetTxFifoThreshold
                0x08009d38       0x7c ./Drivers/STM32L4xx_HAL_Driver/Src/stm32l4xx_hal_uart_ex.o
                0x08009d38                HAL_UARTEx_SetTxFifoThreshold
 .text.HAL_UARTEx_SetRxFifoThreshold
                0x08009db4       0x7c ./Drivers/STM32L4xx_HAL_Driver/Src/stm32l4xx_hal_uart_ex.o
                0x08009db4                HAL_UARTEx_SetRxFifoThreshold
 .text.UARTEx_SetNbDataToProcess
                0x08009e30       0x9c ./Drivers/STM32L4xx_HAL_Driver/Src/stm32l4xx_hal_uart_ex.o
 .text.arm_rfft_32_fast_init_f32
                0x08009ecc       0x34 /home/nick/STM32CubeIDE/VisiTune_ws/VisiTune/Drivers/CMSIS/CMSIS-DSP/libarm_cortexM4lf_math.a(arm_rfft_fast_init_f32.o)
                0x08009ecc                arm_rfft_32_fast_init_f32
 .text.arm_rfft_64_fast_init_f32
                0x08009f00       0x34 /home/nick/STM32CubeIDE/VisiTune_ws/VisiTune/Drivers/CMSIS/CMSIS-DSP/libarm_cortexM4lf_math.a(arm_rfft_fast_init_f32.o)
                0x08009f00                arm_rfft_64_fast_init_f32
 .text.arm_rfft_256_fast_init_f32
                0x08009f34       0x38 /home/nick/STM32CubeIDE/VisiTune_ws/VisiTune/Drivers/CMSIS/CMSIS-DSP/libarm_cortexM4lf_math.a(arm_rfft_fast_init_f32.o)
                0x08009f34                arm_rfft_256_fast_init_f32
 .text.arm_rfft_512_fast_init_f32
                0x08009f6c       0x3c /home/nick/STM32CubeIDE/VisiTune_ws/VisiTune/Drivers/CMSIS/CMSIS-DSP/libarm_cortexM4lf_math.a(arm_rfft_fast_init_f32.o)
                0x08009f6c                arm_rfft_512_fast_init_f32
 .text.arm_rfft_1024_fast_init_f32
                0x08009fa8       0x3c /home/nick/STM32CubeIDE/VisiTune_ws/VisiTune/Drivers/CMSIS/CMSIS-DSP/libarm_cortexM4lf_math.a(arm_rfft_fast_init_f32.o)
                0x08009fa8                arm_rfft_1024_fast_init_f32
 .text.arm_rfft_2048_fast_init_f32
                0x08009fe4       0x3c /home/nick/STM32CubeIDE/VisiTune_ws/VisiTune/Drivers/CMSIS/CMSIS-DSP/libarm_cortexM4lf_math.a(arm_rfft_fast_init_f32.o)
                0x08009fe4                arm_rfft_2048_fast_init_f32
 .text.arm_rfft_4096_fast_init_f32
                0x0800a020       0x3c /home/nick/STM32CubeIDE/VisiTune_ws/VisiTune/Drivers/CMSIS/CMSIS-DSP/libarm_cortexM4lf_math.a(arm_rfft_fast_init_f32.o)
                0x0800a020                arm_rfft_4096_fast_init_f32
 .text.arm_rfft_fast_init_f32
                0x0800a05c       0x68 /home/nick/STM32CubeIDE/VisiTune_ws/VisiTune/Drivers/CMSIS/CMSIS-DSP/libarm_cortexM4lf_math.a(arm_rfft_fast_init_f32.o)
                0x0800a05c                arm_rfft_fast_init_f32
 .text.stage_rfft_f32
                0x0800a0c4       0xb4 /home/nick/STM32CubeIDE/VisiTune_ws/VisiTune/Drivers/CMSIS/CMSIS-DSP/libarm_cortexM4lf_math.a(arm_rfft_fast_f32.o)
                0x0800a0c4                stage_rfft_f32
 .text.merge_rfft_f32
                0x0800a178       0xac /home/nick/STM32CubeIDE/VisiTune_ws/VisiTune/Drivers/CMSIS/CMSIS-DSP/libarm_cortexM4lf_math.a(arm_rfft_fast_f32.o)
                0x0800a178                merge_rfft_f32
 .text.arm_rfft_fast_f32
                0x0800a224       0x40 /home/nick/STM32CubeIDE/VisiTune_ws/VisiTune/Drivers/CMSIS/CMSIS-DSP/libarm_cortexM4lf_math.a(arm_rfft_fast_f32.o)
                0x0800a224                arm_rfft_fast_f32
 .text.arm_cfft_radix8by2_f32
                0x0800a264      0x1a0 /home/nick/STM32CubeIDE/VisiTune_ws/VisiTune/Drivers/CMSIS/CMSIS-DSP/libarm_cortexM4lf_math.a(arm_cfft_f32.o)
                0x0800a264                arm_cfft_radix8by2_f32
 .text.arm_cfft_radix8by4_f32
                0x0800a404      0x4ac /home/nick/STM32CubeIDE/VisiTune_ws/VisiTune/Drivers/CMSIS/CMSIS-DSP/libarm_cortexM4lf_math.a(arm_cfft_f32.o)
                0x0800a404                arm_cfft_radix8by4_f32
 .text.arm_cfft_f32
                0x0800a8b0       0xf0 /home/nick/STM32CubeIDE/VisiTune_ws/VisiTune/Drivers/CMSIS/CMSIS-DSP/libarm_cortexM4lf_math.a(arm_cfft_f32.o)
                0x0800a8b0                arm_cfft_f32
 .text.arm_bitreversal_32
                0x0800a9a0       0x40 /home/nick/STM32CubeIDE/VisiTune_ws/VisiTune/Drivers/CMSIS/CMSIS-DSP/libarm_cortexM4lf_math.a(arm_bitreversal2.o)
                0x0800a9a0                arm_bitreversal_32
 .text.arm_cos_f32
                0x0800a9e0       0x94 /home/nick/STM32CubeIDE/VisiTune_ws/VisiTune/Drivers/CMSIS/CMSIS-DSP/libarm_cortexM4lf_math.a(arm_cos_f32.o)
                0x0800a9e0                arm_cos_f32
 .text.arm_radix8_butterfly_f32
                0x0800aa74      0x580 /home/nick/STM32CubeIDE/VisiTune_ws/VisiTune/Drivers/CMSIS/CMSIS-DSP/libarm_cortexM4lf_math.a(arm_cfft_radix8_f32.o)
                0x0800aa74                arm_radix8_butterfly_f32
 .text.memset   0x0800aff4       0x10 /home/nick/st/stm32cubeide_1.19.0/plugins/com.st.stm32cube.ide.mcu.externaltools.gnu-tools-for-stm32.13.3.rel1.linux64_1.0.0.202410170706/tools/bin/../lib/gcc/arm-none-eabi/13.3.1/../../../../arm-none-eabi/lib/thumb/v7e-m+fp/hard/libc_nano.a(libc_a-memset.o)
                0x0800aff4                memset
 .text.__libc_init_array
                0x0800b004       0x48 /home/nick/st/stm32cubeide_1.19.0/plugins/com.st.stm32cube.ide.mcu.externaltools.gnu-tools-for-stm32.13.3.rel1.linux64_1.0.0.202410170706/tools/bin/../lib/gcc/arm-none-eabi/13.3.1/../../../../arm-none-eabi/lib/thumb/v7e-m+fp/hard/libc_nano.a(libc_a-init.o)
                0x0800b004                __libc_init_array
 *(.glue_7)
 .glue_7        0x0800b04c        0x0 linker stubs
 *(.glue_7t)
 .glue_7t       0x0800b04c        0x0 linker stubs
 *(.eh_frame)
 .eh_frame      0x0800b04c        0x0 /home/nick/st/stm32cubeide_1.19.0/plugins/com.st.stm32cube.ide.mcu.externaltools.gnu-tools-for-stm32.13.3.rel1.linux64_1.0.0.202410170706/tools/bin/../lib/gcc/arm-none-eabi/13.3.1/thumb/v7e-m+fp/hard/crtbegin.o
 *(.init)
 .init          0x0800b04c        0x4 /home/nick/st/stm32cubeide_1.19.0/plugins/com.st.stm32cube.ide.mcu.externaltools.gnu-tools-for-stm32.13.3.rel1.linux64_1.0.0.202410170706/tools/bin/../lib/gcc/arm-none-eabi/13.3.1/thumb/v7e-m+fp/hard/crti.o
                0x0800b04c                _init
 .init          0x0800b050        0x8 /home/nick/st/stm32cubeide_1.19.0/plugins/com.st.stm32cube.ide.mcu.externaltools.gnu-tools-for-stm32.13.3.rel1.linux64_1.0.0.202410170706/tools/bin/../lib/gcc/arm-none-eabi/13.3.1/thumb/v7e-m+fp/hard/crtn.o
 *(.fini)
 .fini          0x0800b058        0x4 /home/nick/st/stm32cubeide_1.19.0/plugins/com.st.stm32cube.ide.mcu.externaltools.gnu-tools-for-stm32.13.3.rel1.linux64_1.0.0.202410170706/tools/bin/../lib/gcc/arm-none-eabi/13.3.1/thumb/v7e-m+fp/hard/crti.o
                0x0800b058                _fini
 .fini          0x0800b05c        0x8 /home/nick/st/stm32cubeide_1.19.0/plugins/com.st.stm32cube.ide.mcu.externaltools.gnu-tools-for-stm32.13.3.rel1.linux64_1.0.0.202410170706/tools/bin/../lib/gcc/arm-none-eabi/13.3.1/thumb/v7e-m+fp/hard/crtn.o
                0x0800b064                        . = ALIGN (0x4)
                0x0800b064                        _etext = .

.vfp11_veneer   0x0800b064        0x0
 .vfp11_veneer  0x0800b064        0x0 linker stubs

.v4_bx          0x0800b064        0x0
 .v4_bx         0x0800b064        0x0 linker stubs

.iplt           0x0800b064        0x0
 .iplt          0x0800b064        0x0 /home/nick/st/stm32cubeide_1.19.0/plugins/com.st.stm32cube.ide.mcu.externaltools.gnu-tools-for-stm32.13.3.rel1.linux64_1.0.0.202410170706/tools/bin/../lib/gcc/arm-none-eabi/13.3.1/thumb/v7e-m+fp/hard/crtbegin.o

.rodata         0x0800b064    0x1389c
                0x0800b064                        . = ALIGN (0x4)
 *(.rodata)
 .rodata        0x0800b064       0x40 ./Core/Src/main.o
 *(.rodata*)
 .rodata.AHBPrescTable
                0x0800b0a4       0x10 ./Core/Src/system_stm32l4xx.o
                0x0800b0a4                AHBPrescTable
 .rodata.APBPrescTable
                0x0800b0b4        0x8 ./Core/Src/system_stm32l4xx.o
                0x0800b0b4                APBPrescTable
 .rodata.MSIRangeTable
                0x0800b0bc       0x30 ./Core/Src/system_stm32l4xx.o
                0x0800b0bc                MSIRangeTable
 .rodata.UARTPrescTable
                0x0800b0ec       0x18 ./Drivers/STM32L4xx_HAL_Driver/Src/stm32l4xx_hal_uart.o
                0x0800b0ec                UARTPrescTable
 .rodata.numerator.1
                0x0800b104        0x8 ./Drivers/STM32L4xx_HAL_Driver/Src/stm32l4xx_hal_uart_ex.o
 .rodata.denominator.0
                0x0800b10c        0x8 ./Drivers/STM32L4xx_HAL_Driver/Src/stm32l4xx_hal_uart_ex.o
 .rodata.armBitRevIndexTable1024
                0x0800b114      0xe10 /home/nick/STM32CubeIDE/VisiTune_ws/VisiTune/Drivers/CMSIS/CMSIS-DSP/libarm_cortexM4lf_math.a(arm_common_tables.o)
                0x0800b114                armBitRevIndexTable1024
 .rodata.armBitRevIndexTable128
                0x0800bf24      0x1a0 /home/nick/STM32CubeIDE/VisiTune_ws/VisiTune/Drivers/CMSIS/CMSIS-DSP/libarm_cortexM4lf_math.a(arm_common_tables.o)
                0x0800bf24                armBitRevIndexTable128
 .rodata.armBitRevIndexTable16
                0x0800c0c4       0x28 /home/nick/STM32CubeIDE/VisiTune_ws/VisiTune/Drivers/CMSIS/CMSIS-DSP/libarm_cortexM4lf_math.a(arm_common_tables.o)
                0x0800c0c4                armBitRevIndexTable16
 .rodata.armBitRevIndexTable2048
                0x0800c0ec     0x1dc0 /home/nick/STM32CubeIDE/VisiTune_ws/VisiTune/Drivers/CMSIS/CMSIS-DSP/libarm_cortexM4lf_math.a(arm_common_tables.o)
                0x0800c0ec                armBitRevIndexTable2048
 .rodata.armBitRevIndexTable256
                0x0800deac      0x370 /home/nick/STM32CubeIDE/VisiTune_ws/VisiTune/Drivers/CMSIS/CMSIS-DSP/libarm_cortexM4lf_math.a(arm_common_tables.o)
                0x0800deac                armBitRevIndexTable256
 .rodata.armBitRevIndexTable32
                0x0800e21c       0x60 /home/nick/STM32CubeIDE/VisiTune_ws/VisiTune/Drivers/CMSIS/CMSIS-DSP/libarm_cortexM4lf_math.a(arm_common_tables.o)
                0x0800e21c                armBitRevIndexTable32
 .rodata.armBitRevIndexTable512
                0x0800e27c      0x380 /home/nick/STM32CubeIDE/VisiTune_ws/VisiTune/Drivers/CMSIS/CMSIS-DSP/libarm_cortexM4lf_math.a(arm_common_tables.o)
                0x0800e27c                armBitRevIndexTable512
 .rodata.sinTable_f32
                0x0800e5fc      0x804 /home/nick/STM32CubeIDE/VisiTune_ws/VisiTune/Drivers/CMSIS/CMSIS-DSP/libarm_cortexM4lf_math.a(arm_common_tables.o)
                0x0800e5fc                sinTable_f32
 .rodata.twiddleCoef_1024
                0x0800ee00     0x2000 /home/nick/STM32CubeIDE/VisiTune_ws/VisiTune/Drivers/CMSIS/CMSIS-DSP/libarm_cortexM4lf_math.a(arm_common_tables.o)
                0x0800ee00                twiddleCoef_1024
 .rodata.twiddleCoef_128
                0x08010e00      0x400 /home/nick/STM32CubeIDE/VisiTune_ws/VisiTune/Drivers/CMSIS/CMSIS-DSP/libarm_cortexM4lf_math.a(arm_common_tables.o)
                0x08010e00                twiddleCoef_128
 .rodata.twiddleCoef_16
                0x08011200       0x80 /home/nick/STM32CubeIDE/VisiTune_ws/VisiTune/Drivers/CMSIS/CMSIS-DSP/libarm_cortexM4lf_math.a(arm_common_tables.o)
                0x08011200                twiddleCoef_16
 .rodata.twiddleCoef_2048
                0x08011280     0x4000 /home/nick/STM32CubeIDE/VisiTune_ws/VisiTune/Drivers/CMSIS/CMSIS-DSP/libarm_cortexM4lf_math.a(arm_common_tables.o)
                0x08011280                twiddleCoef_2048
 .rodata.twiddleCoef_256
                0x08015280      0x800 /home/nick/STM32CubeIDE/VisiTune_ws/VisiTune/Drivers/CMSIS/CMSIS-DSP/libarm_cortexM4lf_math.a(arm_common_tables.o)
                0x08015280                twiddleCoef_256
 .rodata.twiddleCoef_32
                0x08015a80      0x100 /home/nick/STM32CubeIDE/VisiTune_ws/VisiTune/Drivers/CMSIS/CMSIS-DSP/libarm_cortexM4lf_math.a(arm_common_tables.o)
                0x08015a80                twiddleCoef_32
 .rodata.twiddleCoef_512
                0x08015b80     0x1000 /home/nick/STM32CubeIDE/VisiTune_ws/VisiTune/Drivers/CMSIS/CMSIS-DSP/libarm_cortexM4lf_math.a(arm_common_tables.o)
                0x08015b80                twiddleCoef_512
 .rodata.twiddleCoef_rfft_1024
                0x08016b80     0x1000 /home/nick/STM32CubeIDE/VisiTune_ws/VisiTune/Drivers/CMSIS/CMSIS-DSP/libarm_cortexM4lf_math.a(arm_common_tables.o)
                0x08016b80                twiddleCoef_rfft_1024
 .rodata.twiddleCoef_rfft_2048
                0x08017b80     0x2000 /home/nick/STM32CubeIDE/VisiTune_ws/VisiTune/Drivers/CMSIS/CMSIS-DSP/libarm_cortexM4lf_math.a(arm_common_tables.o)
                0x08017b80                twiddleCoef_rfft_2048
 .rodata.twiddleCoef_rfft_256
                0x08019b80      0x400 /home/nick/STM32CubeIDE/VisiTune_ws/VisiTune/Drivers/CMSIS/CMSIS-DSP/libarm_cortexM4lf_math.a(arm_common_tables.o)
                0x08019b80                twiddleCoef_rfft_256
 .rodata.twiddleCoef_rfft_32
                0x08019f80       0x80 /home/nick/STM32CubeIDE/VisiTune_ws/VisiTune/Drivers/CMSIS/CMSIS-DSP/libarm_cortexM4lf_math.a(arm_common_tables.o)
                0x08019f80                twiddleCoef_rfft_32
 .rodata.twiddleCoef_rfft_4096
                0x0801a000     0x4000 /home/nick/STM32CubeIDE/VisiTune_ws/VisiTune/Drivers/CMSIS/CMSIS-DSP/libarm_cortexM4lf_math.a(arm_common_tables.o)
                0x0801a000                twiddleCoef_rfft_4096
 .rodata.twiddleCoef_rfft_512
                0x0801e000      0x800 /home/nick/STM32CubeIDE/VisiTune_ws/VisiTune/Drivers/CMSIS/CMSIS-DSP/libarm_cortexM4lf_math.a(arm_common_tables.o)
                0x0801e000                twiddleCoef_rfft_512
 .rodata.twiddleCoef_rfft_64
                0x0801e800      0x100 /home/nick/STM32CubeIDE/VisiTune_ws/VisiTune/Drivers/CMSIS/CMSIS-DSP/libarm_cortexM4lf_math.a(arm_common_tables.o)
                0x0801e800                twiddleCoef_rfft_64
                0x0801e900                        . = ALIGN (0x4)

.ARM.extab      0x0801e900        0x0
                0x0801e900                        . = ALIGN (0x4)
 *(.ARM.extab* .gnu.linkonce.armextab.*)
                0x0801e900                        . = ALIGN (0x4)

.ARM            0x0801e900        0x8
                0x0801e900                        . = ALIGN (0x4)
                0x0801e900                        __exidx_start = .
 *(.ARM.exidx*)
 .ARM.exidx     0x0801e900        0x8 /home/nick/st/stm32cubeide_1.19.0/plugins/com.st.stm32cube.ide.mcu.externaltools.gnu-tools-for-stm32.13.3.rel1.linux64_1.0.0.202410170706/tools/bin/../lib/gcc/arm-none-eabi/13.3.1/thumb/v7e-m+fp/hard/libgcc.a(_udivmoddi4.o)
                0x0801e908                        __exidx_end = .
                0x0801e908                        . = ALIGN (0x4)

.preinit_array  0x0801e908        0x0
                0x0801e908                        . = ALIGN (0x4)
                0x0801e908                        PROVIDE (__preinit_array_start = .)
 *(.preinit_array*)
                0x0801e908                        PROVIDE (__preinit_array_end = .)
                0x0801e908                        . = ALIGN (0x4)

.init_array     0x0801e908        0x4
                0x0801e908                        . = ALIGN (0x4)
                0x0801e908                        PROVIDE (__init_array_start = .)
 *(SORT_BY_NAME(.init_array.*))
 *(.init_array*)
 .init_array    0x0801e908        0x4 /home/nick/st/stm32cubeide_1.19.0/plugins/com.st.stm32cube.ide.mcu.externaltools.gnu-tools-for-stm32.13.3.rel1.linux64_1.0.0.202410170706/tools/bin/../lib/gcc/arm-none-eabi/13.3.1/thumb/v7e-m+fp/hard/crtbegin.o
                0x0801e90c                        PROVIDE (__init_array_end = .)
                0x0801e90c                        . = ALIGN (0x4)

.fini_array     0x0801e90c        0x4
                0x0801e90c                        . = ALIGN (0x4)
                [!provide]                        PROVIDE (__fini_array_start = .)
 *(SORT_BY_NAME(.fini_array.*))
 *(.fini_array*)
 .fini_array    0x0801e90c        0x4 /home/nick/st/stm32cubeide_1.19.0/plugins/com.st.stm32cube.ide.mcu.externaltools.gnu-tools-for-stm32.13.3.rel1.linux64_1.0.0.202410170706/tools/bin/../lib/gcc/arm-none-eabi/13.3.1/thumb/v7e-m+fp/hard/crtbegin.o
                [!provide]                        PROVIDE (__fini_array_end = .)
                0x0801e910                        . = ALIGN (0x4)
                0x0801e910                        _sidata = LOADADDR (.data)

.rel.dyn        0x0801e910        0x0
 .rel.iplt      0x0801e910        0x0 /home/nick/st/stm32cubeide_1.19.0/plugins/com.st.stm32cube.ide.mcu.externaltools.gnu-tools-for-stm32.13.3.rel1.linux64_1.0.0.202410170706/tools/bin/../lib/gcc/arm-none-eabi/13.3.1/thumb/v7e-m+fp/hard/crtbegin.o

.data           0x20040000       0x1c load address 0x0801e910
                0x20040000                        . = ALIGN (0x4)
                0x20040000                        _sdata = .
 *(.data)
 *(.data*)
 .data.audio_pkt_buf0
                0x20040000        0x4 ./Core/Src/main.o
                0x20040000                audio_pkt_buf0
 .data.audio_pkt_buf1
                0x20040004        0x4 ./Core/Src/main.o
                0x20040004                audio_pkt_buf1
 .data.half0_free
                0x20040008        0x1 ./Core/Src/main.o
                0x20040008                half0_free
 .data.half1_free
                0x20040009        0x1 ./Core/Src/main.o
                0x20040009                half1_free
 *fill*         0x2004000a        0x2 
 .data.SystemCoreClock
                0x2004000c        0x4 ./Core/Src/system_stm32l4xx.o
                0x2004000c                SystemCoreClock
 .data.tft_width
                0x20040010        0x2 ./Core/Src/tft.o
 .data.tft_height
                0x20040012        0x2 ./Core/Src/tft.o
 .data.uwTickPrio
                0x20040014        0x4 ./Drivers/STM32L4xx_HAL_Driver/Src/stm32l4xx_hal.o
                0x20040014                uwTickPrio
 .data.uwTickFreq
                0x20040018        0x1 ./Drivers/STM32L4xx_HAL_Driver/Src/stm32l4xx_hal.o
                0x20040018                uwTickFreq
 *(.RamFunc)
 *(.RamFunc*)
                0x2004001c                        . = ALIGN (0x4)
 *fill*         0x20040019        0x3 
                0x2004001c                        _edata = .

.igot.plt       0x2004001c        0x0 load address 0x0801e92c
 .igot.plt      0x2004001c        0x0 /home/nick/st/stm32cubeide_1.19.0/plugins/com.st.stm32cube.ide.mcu.externaltools.gnu-tools-for-stm32.13.3.rel1.linux64_1.0.0.202410170706/tools/bin/../lib/gcc/arm-none-eabi/13.3.1/thumb/v7e-m+fp/hard/crtbegin.o
                0x2004001c                        . = ALIGN (0x4)

.bss            0x2004001c    0x43b84 load address 0x0801e92c
                0x2004001c                        _sbss = .
                0x2004001c                        __bss_start__ = _sbss
 *(.bss)
 .bss           0x2004001c       0x1c /home/nick/st/stm32cubeide_1.19.0/plugins/com.st.stm32cube.ide.mcu.externaltools.gnu-tools-for-stm32.13.3.rel1.linux64_1.0.0.202410170706/tools/bin/../lib/gcc/arm-none-eabi/13.3.1/thumb/v7e-m+fp/hard/crtbegin.o
 *(.bss*)
 .bss.hadc1     0x20040038       0x68 ./Core/Src/main.o
                0x20040038                hadc1
 .bss.hdma_adc1
                0x200400a0       0x60 ./Core/Src/main.o
                0x200400a0                hdma_adc1
 .bss.hdac1     0x20040100       0x14 ./Core/Src/main.o
                0x20040100                hdac1
 .bss.hdma_dac1_ch1
                0x20040114       0x60 ./Core/Src/main.o
                0x20040114                hdma_dac1_ch1
 .bss.hlpuart1  0x20040174       0x94 ./Core/Src/main.o
                0x20040174                hlpuart1
 .bss.hdma_lpuart1_rx
                0x20040208       0x60 ./Core/Src/main.o
                0x20040208                hdma_lpuart1_rx
 .bss.hspi1     0x20040268       0x64 ./Core/Src/main.o
                0x20040268                hspi1
 .bss.htim1     0x200402cc       0x4c ./Core/Src/main.o
                0x200402cc                htim1
 .bss.htim2     0x20040318       0x4c ./Core/Src/main.o
                0x20040318                htim2
 .bss.adc_buf   0x20040364        0x8 ./Core/Src/main.o
                0x20040364                adc_buf
 .bss.rewind_flag
                0x2004036c        0x1 ./Core/Src/main.o
                0x2004036c                rewind_flag
 .bss.pause_state
                0x2004036d        0x1 ./Core/Src/main.o
                0x2004036d                pause_state
 .bss.forward_flag
                0x2004036e        0x1 ./Core/Src/main.o
                0x2004036e                forward_flag
 .bss.keyPress  0x2004036f        0x1 ./Core/Src/main.o
                0x2004036f                keyPress
 .bss.g_uart_rx
                0x20040370       0x18 ./Core/Src/main.o
                0x20040370                g_uart_rx
 .bss.dac_buf   0x20040388    0x1ffe8 ./Core/Src/main.o
                0x20040388                dac_buf
 .bss.image_pkt_buf
                0x20060370     0xfff6 ./Core/Src/main.o
                0x20060370                image_pkt_buf
 *fill*         0x20070366        0x2 
 .bss.audio_crc_buf
                0x20070368        0x2 ./Core/Src/main.o
                0x20070368                audio_crc_buf
 .bss.image_pkt_ready
                0x2007036a        0x1 ./Core/Src/main.o
                0x2007036a                image_pkt_ready
 *fill*         0x2007036b        0x1 
 .bss.image_pkt_len
                0x2007036c        0x2 ./Core/Src/main.o
                0x2007036c                image_pkt_len
 .bss.audio_pkt_ready
                0x2007036e        0x1 ./Core/Src/main.o
                0x2007036e                audio_pkt_ready
 .bss.audio_write_idx
                0x2007036f        0x1 ./Core/Src/main.o
                0x2007036f                audio_write_idx
 .bss.audio_pkt_len
                0x20070370        0x2 ./Core/Src/main.o
                0x20070370                audio_pkt_len
 .bss.audio_stream_active
                0x20070372        0x1 ./Core/Src/main.o
                0x20070372                audio_stream_active
 .bss.dac_running
                0x20070373        0x1 ./Core/Src/main.o
                0x20070373                dac_running
 .bss.audio_prime_count
                0x20070374        0x1 ./Core/Src/main.o
                0x20070374                audio_prime_count
 *fill*         0x20070375        0x1 
 .bss.ctrl_pkt_len
                0x20070376        0x2 ./Core/Src/main.o
                0x20070376                ctrl_pkt_len
 .bss.ctrl_pkt_ready
                0x20070378        0x1 ./Core/Src/main.o
                0x20070378                ctrl_pkt_ready
 *fill*         0x20070379        0x3 
 .bss.ctrl_buf  0x2007037c       0x10 ./Core/Src/main.o
                0x2007037c                ctrl_buf
 .bss.filter_buf
                0x2007038c     0xfff4 ./Core/Src/main.o
                0x2007038c                filter_buf
 .bss.fft_in    0x20080380     0x1000 ./Core/Src/main.o
                0x20080380                fft_in
 .bss.fft_out   0x20081380     0x1000 ./Core/Src/main.o
                0x20081380                fft_out
 .bss.overlap   0x20082380      0x800 ./Core/Src/main.o
                0x20082380                overlap
 .bss.window    0x20082b80     0x1000 ./Core/Src/main.o
 .bss.rfft      0x20083b80       0x18 ./Core/Src/main.o
                0x20083b80                rfft
 .bss.last.0    0x20083b98        0x4 ./Core/Src/main.o
 .bss.uwTick    0x20083b9c        0x4 ./Drivers/STM32L4xx_HAL_Driver/Src/stm32l4xx_hal.o
                0x20083b9c                uwTick
 *(COMMON)
                0x20083ba0                        . = ALIGN (0x4)
                0x20083ba0                        _ebss = .
                0x20083ba0                        __bss_end__ = _ebss

._user_heap_stack
                0x20083ba0      0x600 load address 0x0801e92c
                0x20083ba0                        . = ALIGN (0x8)
                [!provide]                        PROVIDE (end = .)
                0x20083ba0                        PROVIDE (_end = .)
                0x20083da0                        . = (. + _Min_Heap_Size)
 *fill*         0x20083ba0      0x200 
                0x200841a0                        . = (. + _Min_Stack_Size)
 *fill*         0x20083da0      0x400 
                0x200841a0                        . = ALIGN (0x8)

/DISCARD/
 libc.a(*)
 libm.a(*)
 libgcc.a(*)

.ARM.attributes
                0x00000000       0x30
 *(.ARM.attributes)
 .ARM.attributes
                0x00000000       0x22 /home/nick/st/stm32cubeide_1.19.0/plugins/com.st.stm32cube.ide.mcu.externaltools.gnu-tools-for-stm32.13.3.rel1.linux64_1.0.0.202410170706/tools/bin/../lib/gcc/arm-none-eabi/13.3.1/thumb/v7e-m+fp/hard/crti.o
 .ARM.attributes
                0x00000022       0x34 /home/nick/st/stm32cubeide_1.19.0/plugins/com.st.stm32cube.ide.mcu.externaltools.gnu-tools-for-stm32.13.3.rel1.linux64_1.0.0.202410170706/tools/bin/../lib/gcc/arm-none-eabi/13.3.1/thumb/v7e-m+fp/hard/crtbegin.o
 .ARM.attributes
                0x00000056       0x34 ./Core/Src/main.o
 .ARM.attributes
                0x0000008a       0x34 ./Core/Src/packets.o
 .ARM.attributes
                0x000000be       0x34 ./Core/Src/stm32l4xx_hal_msp.o
 .ARM.attributes
                0x000000f2       0x34 ./Core/Src/stm32l4xx_it.o
 .ARM.attributes
                0x00000126       0x34 ./Core/Src/system_stm32l4xx.o
 .ARM.attributes
                0x0000015a       0x34 ./Core/Src/tft.o
 .ARM.attributes
                0x0000018e       0x21 ./Core/Startup/startup_stm32l4r5zitxp.o
 .ARM.attributes
                0x000001af       0x34 ./Drivers/STM32L4xx_HAL_Driver/Src/stm32l4xx_hal.o
 .ARM.attributes
                0x000001e3       0x34 ./Drivers/STM32L4xx_HAL_Driver/Src/stm32l4xx_hal_adc.o
 .ARM.attributes
                0x00000217       0x34 ./Drivers/STM32L4xx_HAL_Driver/Src/stm32l4xx_hal_adc_ex.o
 .ARM.attributes
                0x0000024b       0x34 ./Drivers/STM32L4xx_HAL_Driver/Src/stm32l4xx_hal_cortex.o
 .ARM.attributes
                0x0000027f       0x34 ./Drivers/STM32L4xx_HAL_Driver/Src/stm32l4xx_hal_dac.o
 .ARM.attributes
                0x000002b3       0x34 ./Drivers/STM32L4xx_HAL_Driver/Src/stm32l4xx_hal_dac_ex.o
 .ARM.attributes
                0x000002e7       0x34 ./Drivers/STM32L4xx_HAL_Driver/Src/stm32l4xx_hal_dma.o
 .ARM.attributes
                0x0000031b       0x34 ./Drivers/STM32L4xx_HAL_Driver/Src/stm32l4xx_hal_gpio.o
 .ARM.attributes
                0x0000034f       0x34 ./Drivers/STM32L4xx_HAL_Driver/Src/stm32l4xx_hal_pwr_ex.o
 .ARM.attributes
                0x00000383       0x34 ./Drivers/STM32L4xx_HAL_Driver/Src/stm32l4xx_hal_rcc.o
 .ARM.attributes
                0x000003b7       0x34 ./Drivers/STM32L4xx_HAL_Driver/Src/stm32l4xx_hal_rcc_ex.o
 .ARM.attributes
                0x000003eb       0x34 ./Drivers/STM32L4xx_HAL_Driver/Src/stm32l4xx_hal_spi.o
 .ARM.attributes
                0x0000041f       0x34 ./Drivers/STM32L4xx_HAL_Driver/Src/stm32l4xx_hal_tim.o
 .ARM.attributes
                0x00000453       0x34 ./Drivers/STM32L4xx_HAL_Driver/Src/stm32l4xx_hal_tim_ex.o
 .ARM.attributes
                0x00000487       0x34 ./Drivers/STM32L4xx_HAL_Driver/Src/stm32l4xx_hal_uart.o
 .ARM.attributes
                0x000004bb       0x34 ./Drivers/STM32L4xx_HAL_Driver/Src/stm32l4xx_hal_uart_ex.o
 .ARM.attributes
                0x000004ef       0x34 /home/nick/STM32CubeIDE/VisiTune_ws/VisiTune/Drivers/CMSIS/CMSIS-DSP/libarm_cortexM4lf_math.a(arm_rfft_fast_init_f32.o)
 .ARM.attributes
                0x00000523       0x34 /home/nick/STM32CubeIDE/VisiTune_ws/VisiTune/Drivers/CMSIS/CMSIS-DSP/libarm_cortexM4lf_math.a(arm_rfft_fast_f32.o)
 .ARM.attributes
                0x00000557       0x34 /home/nick/STM32CubeIDE/VisiTune_ws/VisiTune/Drivers/CMSIS/CMSIS-DSP/libarm_cortexM4lf_math.a(arm_cfft_f32.o)
 .ARM.attributes
                0x0000058b       0x34 /home/nick/STM32CubeIDE/VisiTune_ws/VisiTune/Drivers/CMSIS/CMSIS-DSP/libarm_cortexM4lf_math.a(arm_bitreversal2.o)
 .ARM.attributes
                0x000005bf       0x34 /home/nick/STM32CubeIDE/VisiTune_ws/VisiTune/Drivers/CMSIS/CMSIS-DSP/libarm_cortexM4lf_math.a(arm_cos_f32.o)
 .ARM.attributes
                0x000005f3       0x39 /home/nick/STM32CubeIDE/VisiTune_ws/VisiTune/Drivers/CMSIS/CMSIS-DSP/libarm_cortexM4lf_math.a(arm_common_tables.o)
 .ARM.attributes
                0x0000062c       0x34 /home/nick/STM32CubeIDE/VisiTune_ws/VisiTune/Drivers/CMSIS/CMSIS-DSP/libarm_cortexM4lf_math.a(arm_cfft_radix8_f32.o)
 .ARM.attributes
                0x00000660       0x34 /home/nick/st/stm32cubeide_1.19.0/plugins/com.st.stm32cube.ide.mcu.externaltools.gnu-tools-for-stm32.13.3.rel1.linux64_1.0.0.202410170706/tools/bin/../lib/gcc/arm-none-eabi/13.3.1/../../../../arm-none-eabi/lib/thumb/v7e-m+fp/hard/libc_nano.a(libc_a-memset.o)
 .ARM.attributes
                0x00000694       0x34 /home/nick/st/stm32cubeide_1.19.0/plugins/com.st.stm32cube.ide.mcu.externaltools.gnu-tools-for-stm32.13.3.rel1.linux64_1.0.0.202410170706/tools/bin/../lib/gcc/arm-none-eabi/13.3.1/../../../../arm-none-eabi/lib/thumb/v7e-m+fp/hard/libc_nano.a(libc_a-init.o)
 .ARM.attributes
                0x000006c8       0x22 /home/nick/st/stm32cubeide_1.19.0/plugins/com.st.stm32cube.ide.mcu.externaltools.gnu-tools-for-stm32.13.3.rel1.linux64_1.0.0.202410170706/tools/bin/../lib/gcc/arm-none-eabi/13.3.1/thumb/v7e-m+fp/hard/libgcc.a(_arm_addsubdf3.o)
 .ARM.attributes
                0x000006ea       0x22 /home/nick/st/stm32cubeide_1.19.0/plugins/com.st.stm32cube.ide.mcu.externaltools.gnu-tools-for-stm32.13.3.rel1.linux64_1.0.0.202410170706/tools/bin/../lib/gcc/arm-none-eabi/13.3.1/thumb/v7e-m+fp/hard/libgcc.a(_arm_muldivdf3.o)
 .ARM.attributes
                0x0000070c       0x22 /home/nick/st/stm32cubeide_1.19.0/plugins/com.st.stm32cube.ide.mcu.externaltools.gnu-tools-for-stm32.13.3.rel1.linux64_1.0.0.202410170706/tools/bin/../lib/gcc/arm-none-eabi/13.3.1/thumb/v7e-m+fp/hard/libgcc.a(_arm_truncdfsf2.o)
 .ARM.attributes
                0x0000072e       0x22 /home/nick/st/stm32cubeide_1.19.0/plugins/com.st.stm32cube.ide.mcu.externaltools.gnu-tools-for-stm32.13.3.rel1.linux64_1.0.0.202410170706/tools/bin/../lib/gcc/arm-none-eabi/13.3.1/thumb/v7e-m+fp/hard/libgcc.a(_aeabi_uldivmod.o)
 .ARM.attributes
                0x00000750       0x34 /home/nick/st/stm32cubeide_1.19.0/plugins/com.st.stm32cube.ide.mcu.externaltools.gnu-tools-for-stm32.13.3.rel1.linux64_1.0.0.202410170706/tools/bin/../lib/gcc/arm-none-eabi/13.3.1/thumb/v7e-m+fp/hard/libgcc.a(_udivmoddi4.o)
 .ARM.attributes
                0x00000784       0x22 /home/nick/st/stm32cubeide_1.19.0/plugins/com.st.stm32cube.ide.mcu.externaltools.gnu-tools-for-stm32.13.3.rel1.linux64_1.0.0.202410170706/tools/bin/../lib/gcc/arm-none-eabi/13.3.1/thumb/v7e-m+fp/hard/libgcc.a(_dvmd_tls.o)
 .ARM.attributes
                0x000007a6       0x22 /home/nick/st/stm32cubeide_1.19.0/plugins/com.st.stm32cube.ide.mcu.externaltools.gnu-tools-for-stm32.13.3.rel1.linux64_1.0.0.202410170706/tools/bin/../lib/gcc/arm-none-eabi/13.3.1/thumb/v7e-m+fp/hard/crtn.o
OUTPUT(VisiTune.elf elf32-littlearm)
LOAD linker stubs
LOAD /home/nick/st/stm32cubeide_1.19.0/plugins/com.st.stm32cube.ide.mcu.externaltools.gnu-tools-for-stm32.13.3.rel1.linux64_1.0.0.202410170706/tools/bin/../lib/gcc/arm-none-eabi/13.3.1/../../../../arm-none-eabi/lib/thumb/v7e-m+fp/hard/libc.a
LOAD /home/nick/st/stm32cubeide_1.19.0/plugins/com.st.stm32cube.ide.mcu.externaltools.gnu-tools-for-stm32.13.3.rel1.linux64_1.0.0.202410170706/tools/bin/../lib/gcc/arm-none-eabi/13.3.1/../../../../arm-none-eabi/lib/thumb/v7e-m+fp/hard/libm.a
LOAD /home/nick/st/stm32cubeide_1.19.0/plugins/com.st.stm32cube.ide.mcu.externaltools.gnu-tools-for-stm32.13.3.rel1.linux64_1.0.0.202410170706/tools/bin/../lib/gcc/arm-none-eabi/13.3.1/thumb/v7e-m+fp/hard/libgcc.a

.debug_info     0x00000000    0x26661
 .debug_info    0x00000000     0x3175 ./Core/Src/main.o
 .debug_info    0x00003175      0x3b5 ./Core/Src/packets.o
 .debug_info    0x0000352a     0x20d2 ./Core/Src/stm32l4xx_hal_msp.o
 .debug_info    0x000055fc      0xd73 ./Core/Src/stm32l4xx_it.o
 .debug_info    0x0000636f      0x5e9 ./Core/Src/system_stm32l4xx.o
 .debug_info    0x00006958     0x10d3 ./Core/Src/tft.o
 .debug_info    0x00007a2b       0x30 ./Core/Startup/startup_stm32l4r5zitxp.o
 .debug_info    0x00007a5b      0xb49 ./Drivers/STM32L4xx_HAL_Driver/Src/stm32l4xx_hal.o
 .debug_info    0x000085a4     0x1e20 ./Drivers/STM32L4xx_HAL_Driver/Src/stm32l4xx_hal_adc.o
 .debug_info    0x0000a3c4     0x1934 ./Drivers/STM32L4xx_HAL_Driver/Src/stm32l4xx_hal_adc_ex.o
 .debug_info    0x0000bcf8      0xd99 ./Drivers/STM32L4xx_HAL_Driver/Src/stm32l4xx_hal_cortex.o
 .debug_info    0x0000ca91      0xbb9 ./Drivers/STM32L4xx_HAL_Driver/Src/stm32l4xx_hal_dac.o
 .debug_info    0x0000d64a      0xa12 ./Drivers/STM32L4xx_HAL_Driver/Src/stm32l4xx_hal_dac_ex.o
 .debug_info    0x0000e05c      0x841 ./Drivers/STM32L4xx_HAL_Driver/Src/stm32l4xx_hal_dma.o
 .debug_info    0x0000e89d      0x787 ./Drivers/STM32L4xx_HAL_Driver/Src/stm32l4xx_hal_gpio.o
 .debug_info    0x0000f024      0xa0a ./Drivers/STM32L4xx_HAL_Driver/Src/stm32l4xx_hal_pwr_ex.o
 .debug_info    0x0000fa2e      0xd32 ./Drivers/STM32L4xx_HAL_Driver/Src/stm32l4xx_hal_rcc.o
 .debug_info    0x00010760     0x1167 ./Drivers/STM32L4xx_HAL_Driver/Src/stm32l4xx_hal_rcc_ex.o
 .debug_info    0x000118c7     0x165d ./Drivers/STM32L4xx_HAL_Driver/Src/stm32l4xx_hal_spi.o
 .debug_info    0x00012f24     0x2bc0 ./Drivers/STM32L4xx_HAL_Driver/Src/stm32l4xx_hal_tim.o
 .debug_info    0x00015ae4     0x17c4 ./Drivers/STM32L4xx_HAL_Driver/Src/stm32l4xx_hal_tim_ex.o
 .debug_info    0x000172a8     0x4875 ./Drivers/STM32L4xx_HAL_Driver/Src/stm32l4xx_hal_uart.o
 .debug_info    0x0001bb1d     0x1018 ./Drivers/STM32L4xx_HAL_Driver/Src/stm32l4xx_hal_uart_ex.o
 .debug_info    0x0001cb35     0x192a /home/nick/STM32CubeIDE/VisiTune_ws/VisiTune/Drivers/CMSIS/CMSIS-DSP/libarm_cortexM4lf_math.a(arm_rfft_fast_init_f32.o)
 .debug_info    0x0001e45f      0xf91 /home/nick/STM32CubeIDE/VisiTune_ws/VisiTune/Drivers/CMSIS/CMSIS-DSP/libarm_cortexM4lf_math.a(arm_rfft_fast_f32.o)
 .debug_info    0x0001f3f0     0x1c5b /home/nick/STM32CubeIDE/VisiTune_ws/VisiTune/Drivers/CMSIS/CMSIS-DSP/libarm_cortexM4lf_math.a(arm_cfft_f32.o)
 .debug_info    0x0002104b     0x16a6 /home/nick/STM32CubeIDE/VisiTune_ws/VisiTune/Drivers/CMSIS/CMSIS-DSP/libarm_cortexM4lf_math.a(arm_bitreversal2.o)
 .debug_info    0x000226f1     0x1612 /home/nick/STM32CubeIDE/VisiTune_ws/VisiTune/Drivers/CMSIS/CMSIS-DSP/libarm_cortexM4lf_math.a(arm_cos_f32.o)
 .debug_info    0x00023d03     0x1a84 /home/nick/STM32CubeIDE/VisiTune_ws/VisiTune/Drivers/CMSIS/CMSIS-DSP/libarm_cortexM4lf_math.a(arm_common_tables.o)
 .debug_info    0x00025787      0xeda /home/nick/STM32CubeIDE/VisiTune_ws/VisiTune/Drivers/CMSIS/CMSIS-DSP/libarm_cortexM4lf_math.a(arm_cfft_radix8_f32.o)

.debug_abbrev   0x00000000     0x448e
 .debug_abbrev  0x00000000      0x368 ./Core/Src/main.o
 .debug_abbrev  0x00000368      0x13d ./Core/Src/packets.o
 .debug_abbrev  0x000004a5      0x257 ./Core/Src/stm32l4xx_hal_msp.o
 .debug_abbrev  0x000006fc      0x1b0 ./Core/Src/stm32l4xx_it.o
 .debug_abbrev  0x000008ac      0x11a ./Core/Src/system_stm32l4xx.o
 .debug_abbrev  0x000009c6      0x278 ./Core/Src/tft.o
 .debug_abbrev  0x00000c3e       0x24 ./Core/Startup/startup_stm32l4r5zitxp.o
 .debug_abbrev  0x00000c62      0x242 ./Drivers/STM32L4xx_HAL_Driver/Src/stm32l4xx_hal.o
 .debug_abbrev  0x00000ea4      0x2d4 ./Drivers/STM32L4xx_HAL_Driver/Src/stm32l4xx_hal_adc.o
 .debug_abbrev  0x00001178      0x2d5 ./Drivers/STM32L4xx_HAL_Driver/Src/stm32l4xx_hal_adc_ex.o
 .debug_abbrev  0x0000144d      0x31c ./Drivers/STM32L4xx_HAL_Driver/Src/stm32l4xx_hal_cortex.o
 .debug_abbrev  0x00001769      0x218 ./Drivers/STM32L4xx_HAL_Driver/Src/stm32l4xx_hal_dac.o
 .debug_abbrev  0x00001981      0x242 ./Drivers/STM32L4xx_HAL_Driver/Src/stm32l4xx_hal_dac_ex.o
 .debug_abbrev  0x00001bc3      0x1e2 ./Drivers/STM32L4xx_HAL_Driver/Src/stm32l4xx_hal_dma.o
 .debug_abbrev  0x00001da5      0x1cb ./Drivers/STM32L4xx_HAL_Driver/Src/stm32l4xx_hal_gpio.o
 .debug_abbrev  0x00001f70      0x1f9 ./Drivers/STM32L4xx_HAL_Driver/Src/stm32l4xx_hal_pwr_ex.o
 .debug_abbrev  0x00002169      0x306 ./Drivers/STM32L4xx_HAL_Driver/Src/stm32l4xx_hal_rcc.o
 .debug_abbrev  0x0000246f      0x2a3 ./Drivers/STM32L4xx_HAL_Driver/Src/stm32l4xx_hal_rcc_ex.o
 .debug_abbrev  0x00002712      0x25d ./Drivers/STM32L4xx_HAL_Driver/Src/stm32l4xx_hal_spi.o
 .debug_abbrev  0x0000296f      0x276 ./Drivers/STM32L4xx_HAL_Driver/Src/stm32l4xx_hal_tim.o
 .debug_abbrev  0x00002be5      0x281 ./Drivers/STM32L4xx_HAL_Driver/Src/stm32l4xx_hal_tim_ex.o
 .debug_abbrev  0x00002e66      0x304 ./Drivers/STM32L4xx_HAL_Driver/Src/stm32l4xx_hal_uart.o
 .debug_abbrev  0x0000316a      0x2d2 ./Drivers/STM32L4xx_HAL_Driver/Src/stm32l4xx_hal_uart_ex.o
 .debug_abbrev  0x0000343c      0x2a0 /home/nick/STM32CubeIDE/VisiTune_ws/VisiTune/Drivers/CMSIS/CMSIS-DSP/libarm_cortexM4lf_math.a(arm_rfft_fast_init_f32.o)
 .debug_abbrev  0x000036dc      0x2b8 /home/nick/STM32CubeIDE/VisiTune_ws/VisiTune/Drivers/CMSIS/CMSIS-DSP/libarm_cortexM4lf_math.a(arm_rfft_fast_f32.o)
 .debug_abbrev  0x00003994      0x2e0 /home/nick/STM32CubeIDE/VisiTune_ws/VisiTune/Drivers/CMSIS/CMSIS-DSP/libarm_cortexM4lf_math.a(arm_cfft_f32.o)
 .debug_abbrev  0x00003c74      0x206 /home/nick/STM32CubeIDE/VisiTune_ws/VisiTune/Drivers/CMSIS/CMSIS-DSP/libarm_cortexM4lf_math.a(arm_bitreversal2.o)
 .debug_abbrev  0x00003e7a      0x22c /home/nick/STM32CubeIDE/VisiTune_ws/VisiTune/Drivers/CMSIS/CMSIS-DSP/libarm_cortexM4lf_math.a(arm_cos_f32.o)
 .debug_abbrev  0x000040a6      0x1dd /home/nick/STM32CubeIDE/VisiTune_ws/VisiTune/Drivers/CMSIS/CMSIS-DSP/libarm_cortexM4lf_math.a(arm_common_tables.o)
 .debug_abbrev  0x00004283      0x20b /home/nick/STM32CubeIDE/VisiTune_ws/VisiTune/Drivers/CMSIS/CMSIS-DSP/libarm_cortexM4lf_math.a(arm_cfft_radix8_f32.o)

.debug_aranges  0x00000000     0x19a8
 .debug_aranges
                0x00000000       0xc0 ./Core/Src/main.o
 .debug_aranges
                0x000000c0       0x38 ./Core/Src/packets.o
 .debug_aranges
                0x000000f8       0x78 ./Core/Src/stm32l4xx_hal_msp.o
 .debug_aranges
                0x00000170       0xa0 ./Core/Src/stm32l4xx_it.o
 .debug_aranges
                0x00000210       0x28 ./Core/Src/system_stm32l4xx.o
 .debug_aranges
                0x00000238       0xb0 ./Core/Src/tft.o
 .debug_aranges
                0x000002e8       0x28 ./Core/Startup/startup_stm32l4r5zitxp.o
 .debug_aranges
                0x00000310      0x130 ./Drivers/STM32L4xx_HAL_Driver/Src/stm32l4xx_hal.o
 .debug_aranges
                0x00000440      0x218 ./Drivers/STM32L4xx_HAL_Driver/Src/stm32l4xx_hal_adc.o
 .debug_aranges
                0x00000658      0x178 ./Drivers/STM32L4xx_HAL_Driver/Src/stm32l4xx_hal_adc_ex.o
 .debug_aranges
                0x000007d0      0x128 ./Drivers/STM32L4xx_HAL_Driver/Src/stm32l4xx_hal_cortex.o
 .debug_aranges
                0x000008f8       0xc0 ./Drivers/STM32L4xx_HAL_Driver/Src/stm32l4xx_hal_dac.o
 .debug_aranges
                0x000009b8       0x88 ./Drivers/STM32L4xx_HAL_Driver/Src/stm32l4xx_hal_dac_ex.o
 .debug_aranges
                0x00000a40       0x90 ./Drivers/STM32L4xx_HAL_Driver/Src/stm32l4xx_hal_dma.o
 .debug_aranges
                0x00000ad0       0x58 ./Drivers/STM32L4xx_HAL_Driver/Src/stm32l4xx_hal_gpio.o
 .debug_aranges
                0x00000b28      0x170 ./Drivers/STM32L4xx_HAL_Driver/Src/stm32l4xx_hal_pwr_ex.o
 .debug_aranges
                0x00000c98       0x98 ./Drivers/STM32L4xx_HAL_Driver/Src/stm32l4xx_hal_rcc.o
 .debug_aranges
                0x00000d30      0x110 ./Drivers/STM32L4xx_HAL_Driver/Src/stm32l4xx_hal_rcc_ex.o
 .debug_aranges
                0x00000e40      0x1d8 ./Drivers/STM32L4xx_HAL_Driver/Src/stm32l4xx_hal_spi.o
 .debug_aranges
                0x00001018      0x3e0 ./Drivers/STM32L4xx_HAL_Driver/Src/stm32l4xx_hal_tim.o
 .debug_aranges
                0x000013f8      0x180 ./Drivers/STM32L4xx_HAL_Driver/Src/stm32l4xx_hal_tim_ex.o
 .debug_aranges
                0x00001578      0x248 ./Drivers/STM32L4xx_HAL_Driver/Src/stm32l4xx_hal_uart.o
 .debug_aranges
                0x000017c0       0xa8 ./Drivers/STM32L4xx_HAL_Driver/Src/stm32l4xx_hal_uart_ex.o
 .debug_aranges
                0x00001868       0x60 /home/nick/STM32CubeIDE/VisiTune_ws/VisiTune/Drivers/CMSIS/CMSIS-DSP/libarm_cortexM4lf_math.a(arm_rfft_fast_init_f32.o)
 .debug_aranges
                0x000018c8       0x30 /home/nick/STM32CubeIDE/VisiTune_ws/VisiTune/Drivers/CMSIS/CMSIS-DSP/libarm_cortexM4lf_math.a(arm_rfft_fast_f32.o)
 .debug_aranges
                0x000018f8       0x30 /home/nick/STM32CubeIDE/VisiTune_ws/VisiTune/Drivers/CMSIS/CMSIS-DSP/libarm_cortexM4lf_math.a(arm_cfft_f32.o)
 .debug_aranges
                0x00001928       0x28 /home/nick/STM32CubeIDE/VisiTune_ws/VisiTune/Drivers/CMSIS/CMSIS-DSP/libarm_cortexM4lf_math.a(arm_bitreversal2.o)
 .debug_aranges
                0x00001950       0x20 /home/nick/STM32CubeIDE/VisiTune_ws/VisiTune/Drivers/CMSIS/CMSIS-DSP/libarm_cortexM4lf_math.a(arm_cos_f32.o)
 .debug_aranges
                0x00001970       0x18 /home/nick/STM32CubeIDE/VisiTune_ws/VisiTune/Drivers/CMSIS/CMSIS-DSP/libarm_cortexM4lf_math.a(arm_common_tables.o)
 .debug_aranges
                0x00001988       0x20 /home/nick/STM32CubeIDE/VisiTune_ws/VisiTune/Drivers/CMSIS/CMSIS-DSP/libarm_cortexM4lf_math.a(arm_cfft_radix8_f32.o)

.debug_rnglists
                0x00000000     0x1317
 .debug_rnglists
                0x00000000       0xa5 ./Core/Src/main.o
 .debug_rnglists
                0x000000a5       0x29 ./Core/Src/packets.o
 .debug_rnglists
                0x000000ce       0x5a ./Core/Src/stm32l4xx_hal_msp.o
 .debug_rnglists
                0x00000128       0x73 ./Core/Src/stm32l4xx_it.o
 .debug_rnglists
                0x0000019b       0x1a ./Core/Src/system_stm32l4xx.o
 .debug_rnglists
                0x000001b5       0x83 ./Core/Src/tft.o
 .debug_rnglists
                0x00000238       0x19 ./Core/Startup/startup_stm32l4r5zitxp.o
 .debug_rnglists
                0x00000251       0xdf ./Drivers/STM32L4xx_HAL_Driver/Src/stm32l4xx_hal.o
 .debug_rnglists
                0x00000330      0x19c ./Drivers/STM32L4xx_HAL_Driver/Src/stm32l4xx_hal_adc.o
 .debug_rnglists
                0x000004cc      0x120 ./Drivers/STM32L4xx_HAL_Driver/Src/stm32l4xx_hal_adc_ex.o
 .debug_rnglists
                0x000005ec       0xda ./Drivers/STM32L4xx_HAL_Driver/Src/stm32l4xx_hal_cortex.o
 .debug_rnglists
                0x000006c6       0x90 ./Drivers/STM32L4xx_HAL_Driver/Src/stm32l4xx_hal_dac.o
 .debug_rnglists
                0x00000756       0x62 ./Drivers/STM32L4xx_HAL_Driver/Src/stm32l4xx_hal_dac_ex.o
 .debug_rnglists
                0x000007b8       0x71 ./Drivers/STM32L4xx_HAL_Driver/Src/stm32l4xx_hal_dma.o
 .debug_rnglists
                0x00000829       0x3f ./Drivers/STM32L4xx_HAL_Driver/Src/stm32l4xx_hal_gpio.o
 .debug_rnglists
                0x00000868      0x115 ./Drivers/STM32L4xx_HAL_Driver/Src/stm32l4xx_hal_pwr_ex.o
 .debug_rnglists
                0x0000097d       0x74 ./Drivers/STM32L4xx_HAL_Driver/Src/stm32l4xx_hal_rcc.o
 .debug_rnglists
                0x000009f1       0xd4 ./Drivers/STM32L4xx_HAL_Driver/Src/stm32l4xx_hal_rcc_ex.o
 .debug_rnglists
                0x00000ac5      0x178 ./Drivers/STM32L4xx_HAL_Driver/Src/stm32l4xx_hal_spi.o
 .debug_rnglists
                0x00000c3d      0x328 ./Drivers/STM32L4xx_HAL_Driver/Src/stm32l4xx_hal_tim.o
 .debug_rnglists
                0x00000f65      0x139 ./Drivers/STM32L4xx_HAL_Driver/Src/stm32l4xx_hal_tim_ex.o
 .debug_rnglists
                0x0000109e      0x1fa ./Drivers/STM32L4xx_HAL_Driver/Src/stm32l4xx_hal_uart.o
 .debug_rnglists
                0x00001298       0x7f ./Drivers/STM32L4xx_HAL_Driver/Src/stm32l4xx_hal_uart_ex.o

.debug_macro    0x00000000    0x2d773
 .debug_macro   0x00000000      0x3ae ./Core/Src/main.o
 .debug_macro   0x000003ae      0xad8 ./Core/Src/main.o
 .debug_macro   0x00000e86      0x1b9 ./Core/Src/main.o
 .debug_macro   0x0000103f       0x2e ./Core/Src/main.o
 .debug_macro   0x0000106d       0x28 ./Core/Src/main.o
 .debug_macro   0x00001095       0x22 ./Core/Src/main.o
 .debug_macro   0x000010b7       0x8e ./Core/Src/main.o
 .debug_macro   0x00001145       0x51 ./Core/Src/main.o
 .debug_macro   0x00001196      0x103 ./Core/Src/main.o
 .debug_macro   0x00001299       0x6a ./Core/Src/main.o
 .debug_macro   0x00001303      0x1df ./Core/Src/main.o
 .debug_macro   0x000014e2       0x1c ./Core/Src/main.o
 .debug_macro   0x000014fe       0x22 ./Core/Src/main.o
 .debug_macro   0x00001520       0xfb ./Core/Src/main.o
 .debug_macro   0x0000161b     0x1011 ./Core/Src/main.o
 .debug_macro   0x0000262c      0x11f ./Core/Src/main.o
 .debug_macro   0x0000274b    0x1cb71 ./Core/Src/main.o
 .debug_macro   0x0001f2bc       0x6d ./Core/Src/main.o
 .debug_macro   0x0001f329     0x3902 ./Core/Src/main.o
 .debug_macro   0x00022c2b      0x190 ./Core/Src/main.o
 .debug_macro   0x00022dbb       0x5c ./Core/Src/main.o
 .debug_macro   0x00022e17     0x1884 ./Core/Src/main.o
 .debug_macro   0x0002469b      0x7dc ./Core/Src/main.o
 .debug_macro   0x00024e77      0x1b9 ./Core/Src/main.o
 .debug_macro   0x00025030      0x225 ./Core/Src/main.o
 .debug_macro   0x00025255      0x486 ./Core/Src/main.o
 .debug_macro   0x000256db      0x1ce ./Core/Src/main.o
 .debug_macro   0x000258a9       0x43 ./Core/Src/main.o
 .debug_macro   0x000258ec      0x23d ./Core/Src/main.o
 .debug_macro   0x00025b29      0xe02 ./Core/Src/main.o
 .debug_macro   0x0002692b      0x624 ./Core/Src/main.o
 .debug_macro   0x00026f4f      0x24f ./Core/Src/main.o
 .debug_macro   0x0002719e      0x184 ./Core/Src/main.o
 .debug_macro   0x00027322       0xdf ./Core/Src/main.o
 .debug_macro   0x00027401      0x241 ./Core/Src/main.o
 .debug_macro   0x00027642      0x416 ./Core/Src/main.o
 .debug_macro   0x00027a58       0x1c ./Core/Src/main.o
 .debug_macro   0x00027a74       0xf2 ./Core/Src/main.o
 .debug_macro   0x00027b66      0x122 ./Core/Src/main.o
 .debug_macro   0x00027c88      0x3f6 ./Core/Src/main.o
 .debug_macro   0x0002807e      0x2fe ./Core/Src/main.o
 .debug_macro   0x0002837c      0xa98 ./Core/Src/main.o
 .debug_macro   0x00028e14      0x196 ./Core/Src/main.o
 .debug_macro   0x00028faa      0x693 ./Core/Src/main.o
 .debug_macro   0x0002963d       0xa6 ./Core/Src/main.o
 .debug_macro   0x000296e3      0x432 ./Core/Src/main.o
 .debug_macro   0x00029b15       0xca ./Core/Src/main.o
 .debug_macro   0x00029bdf       0x3a ./Core/Src/main.o
 .debug_macro   0x00029c19       0x34 ./Core/Src/main.o
 .debug_macro   0x00029c4d       0x61 ./Core/Src/main.o
 .debug_macro   0x00029cae       0x2a ./Core/Src/main.o
 .debug_macro   0x00029cd8       0x43 ./Core/Src/main.o
 .debug_macro   0x00029d1b       0x34 ./Core/Src/main.o
 .debug_macro   0x00029d4f      0x370 ./Core/Src/main.o
 .debug_macro   0x0002a0bf       0x16 ./Core/Src/main.o
 .debug_macro   0x0002a0d5       0x4a ./Core/Src/main.o
 .debug_macro   0x0002a11f       0x34 ./Core/Src/main.o
 .debug_macro   0x0002a153       0x10 ./Core/Src/main.o
 .debug_macro   0x0002a163       0x58 ./Core/Src/main.o
 .debug_macro   0x0002a1bb       0x8e ./Core/Src/main.o
 .debug_macro   0x0002a249       0x1c ./Core/Src/main.o
 .debug_macro   0x0002a265      0x185 ./Core/Src/main.o
 .debug_macro   0x0002a3ea       0x10 ./Core/Src/main.o
 .debug_macro   0x0002a3fa       0x3c ./Core/Src/main.o
 .debug_macro   0x0002a436       0x20 ./Core/Src/main.o
 .debug_macro   0x0002a456      0x19b ./Core/Src/main.o
 .debug_macro   0x0002a5f1      0x201 ./Core/Src/main.o
 .debug_macro   0x0002a7f2       0xc8 ./Core/Src/main.o
 .debug_macro   0x0002a8ba      0x30d ./Core/Src/packets.o
 .debug_macro   0x0002abc7      0x229 ./Core/Src/stm32l4xx_hal_msp.o
 .debug_macro   0x0002adf0      0x233 ./Core/Src/stm32l4xx_it.o
 .debug_macro   0x0002b023      0x21a ./Core/Src/system_stm32l4xx.o
 .debug_macro   0x0002b23d      0x227 ./Core/Src/tft.o
 .debug_macro   0x0002b464      0x268 ./Drivers/STM32L4xx_HAL_Driver/Src/stm32l4xx_hal.o
 .debug_macro   0x0002b6cc      0x237 ./Drivers/STM32L4xx_HAL_Driver/Src/stm32l4xx_hal_adc.o
 .debug_macro   0x0002b903      0x226 ./Drivers/STM32L4xx_HAL_Driver/Src/stm32l4xx_hal_adc_ex.o
 .debug_macro   0x0002bb29      0x21a ./Drivers/STM32L4xx_HAL_Driver/Src/stm32l4xx_hal_cortex.o
 .debug_macro   0x0002bd43      0x229 ./Drivers/STM32L4xx_HAL_Driver/Src/stm32l4xx_hal_dac.o
 .debug_macro   0x0002bf6c      0x21a ./Drivers/STM32L4xx_HAL_Driver/Src/stm32l4xx_hal_dac_ex.o
 .debug_macro   0x0002c186      0x21a ./Drivers/STM32L4xx_HAL_Driver/Src/stm32l4xx_hal_dma.o
 .debug_macro   0x0002c3a0      0x221 ./Drivers/STM32L4xx_HAL_Driver/Src/stm32l4xx_hal_gpio.o
 .debug_macro   0x0002c5c1      0x244 ./Drivers/STM32L4xx_HAL_Driver/Src/stm32l4xx_hal_pwr_ex.o
 .debug_macro   0x0002c805      0x25c ./Drivers/STM32L4xx_HAL_Driver/Src/stm32l4xx_hal_rcc.o
 .debug_macro   0x0002ca61      0x250 ./Drivers/STM32L4xx_HAL_Driver/Src/stm32l4xx_hal_rcc_ex.o
 .debug_macro   0x0002ccb1      0x222 ./Drivers/STM32L4xx_HAL_Driver/Src/stm32l4xx_hal_spi.o
 .debug_macro   0x0002ced3      0x21b ./Drivers/STM32L4xx_HAL_Driver/Src/stm32l4xx_hal_tim.o
 .debug_macro   0x0002d0ee      0x21a ./Drivers/STM32L4xx_HAL_Driver/Src/stm32l4xx_hal_tim_ex.o
 .debug_macro   0x0002d308      0x245 ./Drivers/STM32L4xx_HAL_Driver/Src/stm32l4xx_hal_uart.o
 .debug_macro   0x0002d54d      0x226 ./Drivers/STM32L4xx_HAL_Driver/Src/stm32l4xx_hal_uart_ex.o

.debug_line     0x00000000    0x1e8d4
 .debug_line    0x00000000     0x1564 ./Core/Src/main.o
 .debug_line    0x00001564      0xaf4 ./Core/Src/packets.o
 .debug_line    0x00002058      0xa30 ./Core/Src/stm32l4xx_hal_msp.o
 .debug_line    0x00002a88      0x8d6 ./Core/Src/stm32l4xx_it.o
 .debug_line    0x0000335e      0x805 ./Core/Src/system_stm32l4xx.o
 .debug_line    0x00003b63      0xbbd ./Core/Src/tft.o
 .debug_line    0x00004720       0x7a ./Core/Startup/startup_stm32l4r5zitxp.o