Archive member included to satisfy reference by file (symbol)

/home/nick/STM32CubeIDE/VisiTune_ws/VisiTune/Drivers/CMSIS/CMSIS-DSP/libarm_cortexM4lf_math.a(arm_rfft_fast_init_f32.o)
                              ./Core/Src/main.o (arm_rfft_fast_init_f32)
/home/nick/STM32CubeIDE/VisiTune_ws/VisiTune/Drivers/CMSIS/CMSIS-DSP/libarm_cortexM4lf_math.a(arm_rfft_fast_f32.o)
                              ./Core/Src/main.o (arm_rfft_fast_f32)
/home/nick/STM32CubeIDE/VisiTune_ws/VisiTune/Drivers/CMSIS/CMSIS-DSP/libarm_cortexM4lf_math.a(arm_cfft_f32.o)
                              /home/nick/STM32CubeIDE/VisiTune_ws/VisiTune/Drivers/CMSIS/CMSIS-DSP/libarm_cortexM4lf_math.a(arm_rfft_fast_f32.o) (arm_cfft_f32)
/home/nick/STM32CubeIDE/VisiTune_ws/VisiTune/Drivers/CMSIS/CMSIS-DSP/libarm_cortexM4lf_math.a(arm_bitreversal2.o)
                              /home/nick/STM32CubeIDE/VisiTune_ws/VisiTune/Drivers/CMSIS/CMSIS-DSP/libarm_cortexM4lf_math.a(arm_cfft_f32.o) (arm_bitreversal_32)
/home/nick/STM32CubeIDE/VisiTune_ws/VisiTune/Drivers/CMSIS/CMSIS-DSP/libarm_cortexM4lf_math.a(arm_cos_f32.o)
                              ./Core/Src/main.o (arm_cos_f32)
/home/nick/STM32CubeIDE/VisiTune_ws/VisiTune/Drivers/CMSIS/CMSIS-DSP/libarm_cortexM4lf_math.a(arm_common_tables.o)
                              /home/nick/STM32CubeIDE/VisiTune_ws/VisiTune/Drivers/CMSIS/CMSIS-DSP/libarm_cortexM4lf_math.a(arm_cos_f32.o) (sinTable_f32)
/home/nick/STM32CubeIDE/VisiTune_ws/VisiTune/Drivers/CMSIS/CMSIS-DSP/libarm_cortexM4lf_math.a(arm_cfft_radix8_f32.o)
                              /home/nick/STM32CubeIDE/VisiTune_ws/VisiTune/Drivers/CMSIS/CMSIS-DSP/libarm_cortexM4lf_math.a(arm_cfft_f32.o) (arm_radix8_butterfly_f32)
/home/nick/st/stm32cubeide_1.19.0/plugins/com.st.stm32cube.ide.mcu.externaltools.gnu-tools-for-stm32.13.3.rel1.linux64_1.0.0.202410170706/tools/bin/../lib/gcc/arm-none-eabi/13.3.1/../../../../arm-none-eabi/lib/thumb/v7e-m+fp/hard/libc_nano.a(libc_a-exit.o)
                              /home/nick/st/stm32cubeide_1.19.0/plugins/com.st.stm32cube.ide.mcu.externaltools.gnu-tools-for-stm32.13.3.rel1.linux64_1.0.0.202410170706/tools/bin/../lib/gcc/arm-none-eabi/13.3.1/../../../../arm-none-eabi/lib/thumb/v7e-m+fp/hard/crt0.o (exit)
/home/nick/st/stm32cubeide_1.19.0/plugins/com.st.stm32cube.ide.mcu.externaltools.gnu-tools-for-stm32.13.3.rel1.linux64_1.0.0.202410170706/tools/bin/../lib/gcc/arm-none-eabi/13.3.1/../../../../arm-none-eabi/lib/thumb/v7e-m+fp/hard/libc_nano.a(libc_a-findfp.o)
                              /home/nick/st/stm32cubeide_1.19.0/plugins/com.st.stm32cube.ide.mcu.externaltools.gnu-tools-for-stm32.13.3.rel1.linux64_1.0.0.202410170706/tools/bin/../lib/gcc/arm-none-eabi/13.3.1/../../../../arm-none-eabi/lib/thumb/v7e-m+fp/hard/libc_nano.a(libc_a-exit.o) (__stdio_exit_handler)
/home/nick/st/stm32cubeide_1.19.0/plugins/com.st.stm32cube.ide.mcu.externaltools.gnu-tools-for-stm32.13.3.rel1.linux64_1.0.0.202410170706/tools/bin/../lib/gcc/arm-none-eabi/13.3.1/../../../../arm-none-eabi/lib/thumb/v7e-m+fp/hard/libc_nano.a(libc_a-fwalk.o)
                              /home/nick/st/stm32cubeide_1.19.0/plugins/com.st.stm32cube.ide.mcu.externaltools.gnu-tools-for-stm32.13.3.rel1.linux64_1.0.0.202410170706/tools/bin/../lib/gcc/arm-none-eabi/13.3.1/../../../../arm-none-eabi/lib/thumb/v7e-m+fp/hard/libc_nano.a(libc_a-findfp.o) (_fwalk_sglue)
/home/nick/st/stm32cubeide_1.19.0/plugins/com.st.stm32cube.ide.mcu.externaltools.gnu-tools-for-stm32.13.3.rel1.linux64_1.0.0.202410170706/tools/bin/../lib/gcc/arm-none-eabi/13.3.1/../../../../arm-none-eabi/lib/thumb/v7e-m+fp/hard/libc_nano.a(libc_a-stdio.o)
                              /home/nick/st/stm32cubeide_1.19.0/plugins/com.st.stm32cube.ide.mcu.externaltools.gnu-tools-for-stm32.13.3.rel1.linux64_1.0.0.202410170706/tools/bin/../lib/gcc/arm-none-eabi/13.3.1/../../../../arm-none-eabi/lib/thumb/v7e-m+fp/hard/libc_nano.a(libc_a-findfp.o) (__sread)
/home/nick/st/stm32cubeide_1.19.0/plugins/com.st.stm32cube.ide.mcu.externaltools.gnu-tools-for-stm32.13.3.rel1.linux64_1.0.0.202410170706/tools/bin/../lib/gcc/arm-none-eabi/13.3.1/../../../../arm-none-eabi/lib/thumb/v7e-m+fp/hard/libc_nano.a(libc_a-memset.o)
                              /home/nick/st/stm32cubeide_1.19.0/plugins/com.st.stm32cube.ide.mcu.externaltools.gnu-tools-for-stm32.13.3.rel1.linux64_1.0.0.202410170706/tools/bin/../lib/gcc/arm-none-eabi/13.3.1/../../../../arm-none-eabi/lib/thumb/v7e-m+fp/hard/crt0.o (memset)
/home/nick/st/stm32cubeide_1.19.0/plugins/com.st.stm32cube.ide.mcu.externaltools.gnu-tools-for-stm32.13.3.rel1.linux64_1.0.0.202410170706/tools/bin/../lib/gcc/arm-none-eabi/13.3.1/../../../../arm-none-eabi/lib/thumb/v7e-m+fp/hard/libc_nano.a(libc_a-closer.o)
[...]
Memory Configuration

Name             Origin             Length             Attributes
RAM              0x20000000         0x00030000         xrw
RAM2             0x10000000         0x00010000         xrw
RAM3             0x20040000         0x00060000         xrw
FLASH            0x08000000         0x00200000         xr
*default*        0x00000000         0xffffffff

Linker script and memory map

LOAD /home/nick/st/stm32cubeide_1.19.0/plugins/com.st.stm32cube.ide.mcu.externaltools.gnu-tools-for-stm32.13.3.rel1.linux64_1.0.0.202410170706/tools/bin/../lib/gcc/arm-none-eabi/13.3.1/thumb/v7e-m+fp/hard/crti.o
LOAD /home/nick/st/stm32cubeide_1.19.0/plugins/com.st.stm32cube.ide.mcu.externaltools.gnu-tools-for-stm32.13.3.rel1.linux64_1.0.0.202410170706/tools/bin/../lib/gcc/arm-none-eabi/13.3.1/thumb/v7e-m+fp/hard/crtbegin.o
LOAD /home/nick/st/stm32cubeide_1.19.0/plugins/com.st.stm32cube.ide.mcu.externaltools.gnu-tools-for-stm32.13.3.rel1.linux64_1.0.0.202410170706/tools/bin/../lib/gcc/arm-none-eabi/13.3.1/../../../../arm-none-eabi/lib/thumb/v7e-m+fp/hard/crt0.o
LOAD ./Core/Src/main.o
LOAD ./Core/Src/packets.o
LOAD ./Core/Src/sd_card.o
LOAD ./Core/Src/stm32l4xx_hal_msp.o
LOAD ./Core/Src/stm32l4xx_it.o
LOAD ./Core/Src/syscalls.o
LOAD ./Core/Src/sysmem.o
LOAD ./Core/Src/system_stm32l4xx.o
LOAD ./Core/Src/tft.o
LOAD ./Core/Startup/startup_stm32l4r5zitxp.o
LOAD ./Drivers/STM32L4xx_HAL_Driver/Src/stm32l4xx_hal.o
LOAD ./Drivers/STM32L4xx_HAL_Driver/Src/stm32l4xx_hal_adc.o
LOAD ./Drivers/STM32L4xx_HAL_Driver/Src/stm32l4xx_hal_adc_ex.o
LOAD ./Drivers/STM32L4xx_HAL_Driver/Src/stm32l4xx_hal_cortex.o
LOAD ./Drivers/STM32L4xx_HAL_Driver/Src/stm32l4xx_hal_dac.o
LOAD ./Drivers/STM32L4xx_HAL_Driver/Src/stm32l4xx_hal_dac_ex.o
LOAD ./Drivers/STM32L4xx_HAL_Driver/Src/stm32l4xx_hal_dma.o
LOAD ./Drivers/STM32L4xx_HAL_Driver/Src/stm32l4xx_hal_dma_ex.o
LOAD ./Drivers/STM32L4xx_HAL_Driver/Src/stm32l4xx_hal_exti.o
LOAD ./Drivers/STM32L4xx_HAL_Driver/Src/stm32l4xx_hal_flash.o
LOAD ./Drivers/STM32L4xx_HAL_Driver/Src/stm32l4xx_hal_flash_ex.o
LOAD ./Drivers/STM32L4xx_HAL_Driver/Src/stm32l4xx_hal_flash_ramfunc.o
LOAD ./Drivers/STM32L4xx_HAL_Driver/Src/stm32l4xx_hal_gpio.o
LOAD ./Drivers/STM32L4xx_HAL_Driver/Src/stm32l4xx_hal_i2c.o
LOAD ./Drivers/STM32L4xx_HAL_Driver/Src/stm32l4xx_hal_i2c_ex.o
LOAD ./Drivers/STM32L4xx_HAL_Driver/Src/stm32l4xx_hal_pwr.o
LOAD ./Drivers/STM32L4xx_HAL_Driver/Src/stm32l4xx_hal_pwr_ex.o
LOAD ./Drivers/STM32L4xx_HAL_Driver/Src/stm32l4xx_hal_rcc.o
LOAD ./Drivers/STM32L4xx_HAL_Driver/Src/stm32l4xx_hal_rcc_ex.o
LOAD ./Drivers/STM32L4xx_HAL_Driver/Src/stm32l4xx_hal_spi.o
LOAD ./Drivers/STM32L4xx_HAL_Driver/Src/stm32l4xx_hal_spi_ex.o
LOAD ./Drivers/STM32L4xx_HAL_Driver/Src/stm32l4xx_hal_tim.o
LOAD ./Drivers/STM32L4xx_HAL_Driver/Src/stm32l4xx_hal_tim_ex.o
LOAD ./Drivers/STM32L4xx_HAL_Driver/Src/stm32l4xx_hal_uart.o
LOAD ./Drivers/STM32L4xx_HAL_Driver/Src/stm32l4xx_hal_uart_ex.o
LOAD ./FATFS/App/fatfs.o
LOAD ./FATFS/Target/user_diskio.o
LOAD ./FATFS/Target/user_diskio_spi.o
LOAD ./Middlewares/Third_Party/FatFs/src/diskio.o
LOAD ./Middlewares/Third_Party/FatFs/src/ff.o
LOAD ./Middlewares/Third_Party/FatFs/src/ff_gen_drv.o
LOAD ./Middlewares/Third_Party/FatFs/src/option/syscall.o
LOAD /home/nick/STM32CubeIDE/VisiTune_ws/VisiTune/Drivers/CMSIS/CMSIS-DSP/libarm_cortexM4lf_math.a
START GROUP
LOAD /home/nick/st/stm32cubeide_1.19.0/plugins/com.st.stm32cube.ide.mcu.externaltools.gnu-tools-for-stm32.13.3.rel1.linux64_1.0.0.202410170706/tools/bin/../lib/gcc/arm-none-eabi/13.3.1/../../../../arm-none-eabi/lib/thumb/v7e-m+fp/hard/libc_nano.a
LOAD /home/nick/st/stm32cubeide_1.19.0/plugins/com.st.stm32cube.ide.mcu.externaltools.gnu-tools-for-stm32.13.3.rel1.linux64_1.0.0.202410170706/tools/bin/../lib/gcc/arm-none-eabi/13.3.1/../../../../arm-none-eabi/lib/thumb/v7e-m+fp/hard/libm.a
END GROUP
START GROUP
LOAD /home/nick/st/stm32cubeide_1.19.0/plugins/com.st.stm32cube.ide.mcu.externaltools.gnu-tools-for-stm32.13.3.rel1.linux64_1.0.0.202410170706/tools/bin/../lib/gcc/arm-none-eabi/13.3.1/thumb/v7e-m+fp/hard/libgcc.a
LOAD /home/nick/st/stm32cubeide_1.19.0/plugins/com.st.stm32cube.ide.mcu.externaltools.gnu-tools-for-stm32.13.3.rel1.linux64_1.0.0.202410170706/tools/bin/../lib/gcc/arm-none-eabi/13.3.1/../../../../arm-none-eabi/lib/thumb/v7e-m+fp/hard/libc_nano.a
END GROUP
START GROUP
LOAD /home/nick/st/stm32cubeide_1.19.0/plugins/com.st.stm32cube.ide.mcu.externaltools.gnu-tools-for-stm32.13.3.rel1.linux64_1.0.0.202410170706/tools/bin/../lib/gcc/arm-none-eabi/13.3.1/thumb/v7e-m+fp/hard/libgcc.a
LOAD /home/nick/st/stm32cubeide_1.19.0/plugins/com.st.stm32cube.ide.mcu.externaltools.gnu-tools-for-stm32.13.3.rel1.linux64_1.0.0.202410170706/tools/bin/../lib/gcc/arm-none-eabi/13.3.1/../../../../arm-none-eabi/lib/thumb/v7e-m+fp/hard/libc_nano.a
LOAD /home/nick/st/stm32cubeide_1.19.0/plugins/com.st.stm32cube.ide.mcu.externaltools.gnu-tools-for-stm32.13.3.rel1.linux64_1.0.0.202410170706/tools/bin/../lib/gcc/arm-none-eabi/13.3.1/../../../../arm-none-eabi/lib/thumb/v7e-m+fp/hard/libnosys.a
END GROUP
START GROUP
LOAD /home/nick/st/stm32cubeide_1.19.0/plugins/com.st.stm32cube.ide.mcu.externaltools.gnu-tools-for-stm32.13.3.rel1.linux64_1.0.0.202410170706/tools/bin/../lib/gcc/arm-none-eabi/13.3.1/thumb/v7e-m+fp/hard/libgcc.a
LOAD /home/nick/st/stm32cubeide_1.19.0/plugins/com.st.stm32cube.ide.mcu.externaltools.gnu-tools-for-stm32.13.3.rel1.linux64_1.0.0.202410170706/tools/bin/../lib/gcc/arm-none-eabi/13.3.1/../../../../arm-none-eabi/lib/thumb/v7e-m+fp/hard/libc_nano.a
LOAD /home/nick/st/stm32cubeide_1.19.0/plugins/com.st.stm32cube.ide.mcu.externaltools.gnu-tools-for-stm32.13.3.rel1.linux64_1.0.0.202410170706/tools/bin/../lib/gcc/arm-none-eabi/13.3.1/../../../../arm-none-eabi/lib/thumb/v7e-m+fp/hard/libnosys.a
END GROUP
LOAD /home/nick/st/stm32cubeide_1.19.0/plugins/com.st.stm32cube.ide.mcu.externaltools.gnu-tools-for-stm32.13.3.rel1.linux64_1.0.0.202410170706/tools/bin/../lib/gcc/arm-none-eabi/13.3.1/thumb/v7e-m+fp/hard/crtend.o
LOAD /home/nick/st/stm32cubeide_1.19.0/plugins/com.st.stm32cube.ide.mcu.externaltools.gnu-tools-for-stm32.13.3.rel1.linux64_1.0.0.202410170706/tools/bin/../lib/gcc/arm-none-eabi/13.3.1/thumb/v7e-m+fp/hard/crtn.o
                0x200a0000                        _estack = (ORIGIN (RAM3) + LENGTH (RAM3))
                0x00000200                        _Min_Heap_Size = 0x200
                0x00000400                        _Min_Stack_Size = 0x400

.isr_vector     0x08000000      0x1bc
                0x08000000                        . = ALIGN (0x4)
 *(.isr_vector)
 .isr_vector    0x08000000      0x1bc ./Core/Startup/startup_stm32l4r5zitxp.o
                0x08000000                g_pfnVectors
                0x080001bc                        . = ALIGN (0x4)

.text           0x080001bc     0xe4d8
                0x080001bc                        . = ALIGN (0x4)
 *(.text)
 .text          0x080001bc       0x40 /home/nick/st/stm32cubeide_1.19.0/plugins/com.st.stm32cube.ide.mcu.externaltools.gnu-tools-for-stm32.13.3.rel1.linux64_1.0.0.202410170706/tools/bin/../lib/gcc/arm-none-eabi/13.3.1/thumb/v7e-m+fp/hard/crtbegin.o
 .text          0x080001fc      0x378 /home/nick/st/stm32cubeide_1.19.0/plugins/com.st.stm32cube.ide.mcu.externaltools.gnu-tools-for-stm32.13.3.rel1.linux64_1.0.0.202410170706/tools/bin/../lib/gcc/arm-none-eabi/13.3.1/thumb/v7e-m+fp/hard/libgcc.a(_arm_addsubdf3.o)
                0x080001fc                __aeabi_drsub
                0x08000204                __aeabi_dsub
                0x08000204                __subdf3
                0x08000208                __adddf3
                0x08000208                __aeabi_dadd
                0x08000480                __aeabi_ui2d
                0x08000480                __floatunsidf
                0x080004a0                __floatsidf
                0x080004a0                __aeabi_i2d
                0x080004c4                __extendsfdf2
                0x080004c4                __aeabi_f2d
                0x08000508                __aeabi_ul2d
                0x08000508                __floatundidf
                0x08000518                __floatdidf
                0x08000518                __aeabi_l2d
 .text          0x08000574      0x424 /home/nick/st/stm32cubeide_1.19.0/plugins/com.st.stm32cube.ide.mcu.externaltools.gnu-tools-for-stm32.13.3.rel1.linux64_1.0.0.202410170706/tools/bin/../lib/gcc/arm-none-eabi/13.3.1/thumb/v7e-m+fp/hard/libgcc.a(_arm_muldivdf3.o)
                0x08000574                __aeabi_dmul
                0x08000574                __muldf3
                0x080007c8                __aeabi_ddiv
                0x080007c8                __divdf3
 .text          0x08000998       0xa0 /home/nick/st/stm32cubeide_1.19.0/plugins/com.st.stm32cube.ide.mcu.externaltools.gnu-tools-for-stm32.13.3.rel1.linux64_1.0.0.202410170706/tools/bin/../lib/gcc/arm-none-eabi/13.3.1/thumb/v7e-m+fp/hard/libgcc.a(_arm_truncdfsf2.o)
                0x08000998                __aeabi_d2f
                0x08000998                __truncdfsf2
 .text          0x08000a38       0x30 /home/nick/st/stm32cubeide_1.19.0/plugins/com.st.stm32cube.ide.mcu.externaltools.gnu-tools-for-stm32.13.3.rel1.linux64_1.0.0.202410170706/tools/bin/../lib/gcc/arm-none-eabi/13.3.1/thumb/v7e-m+fp/hard/libgcc.a(_aeabi_uldivmod.o)
                0x08000a38                __aeabi_uldivmod
 .text          0x08000a68      0x2f8 /home/nick/st/stm32cubeide_1.19.0/plugins/com.st.stm32cube.ide.mcu.externaltools.gnu-tools-for-stm32.13.3.rel1.linux64_1.0.0.202410170706/tools/bin/../lib/gcc/arm-none-eabi/13.3.1/thumb/v7e-m+fp/hard/libgcc.a(_udivmoddi4.o)
                0x08000a68                __udivmoddi4
 .text          0x08000d60        0x4 /home/nick/st/stm32cubeide_1.19.0/plugins/com.st.stm32cube.ide.mcu.externaltools.gnu-tools-for-stm32.13.3.rel1.linux64_1.0.0.202410170706/tools/bin/../lib/gcc/arm-none-eabi/13.3.1/thumb/v7e-m+fp/hard/libgcc.a(_dvmd_tls.o)
                0x08000d60                __aeabi_ldiv0
                0x08000d60                __aeabi_idiv0
 *(.text*)
 .text.ADC_ReadAll_Polling
                0x08000d64       0x50 ./Core/Src/main.o
                0x08000d64                ADC_ReadAll_Polling
 .text.processFFT
                0x08000db4      0x394 ./Core/Src/main.o
                0x08000db4                processFFT
 .text.read_keypad
                0x08001148      0x144 ./Core/Src/main.o
                0x08001148                read_keypad
 .text.protocol_soft_reset
                0x0800128c       0x84 ./Core/Src/main.o
 .text.main     0x08001310      0x5c0 ./Core/Src/main.o
                0x08001310                main
 .text.SystemClock_Config
                0x080018d0       0xa0 ./Core/Src/main.o
                0x080018d0                SystemClock_Config
 .text.MX_ADC1_Init
                0x08001970      0x128 ./Core/Src/main.o
 .text.MX_DAC1_Init
                0x08001a98       0x68 ./Core/Src/main.o
 .text.MX_LPUART1_UART_Init
                0x08001b00       0x9c ./Core/Src/main.o
 .text.MX_SPI1_Init
                0x08001b9c       0x7c ./Core/Src/main.o
 .text.MX_SPI2_Init
                0x08001c18       0x7c ./Core/Src/main.o
 .text.MX_TIM1_Init
                0x08001c94       0xa4 ./Core/Src/main.o
 .text.MX_TIM2_Init
                0x08001d38       0x9c ./Core/Src/main.o
 .text.MX_DMA_Init
                0x08001dd4       0x84 ./Core/Src/main.o
 .text.MX_GPIO_Init
                0x08001e58      0x458 ./Core/Src/main.o
 .text.HAL_GPIO_EXTI_Callback
                0x080022b0       0x70 ./Core/Src/main.o
                0x080022b0                HAL_GPIO_EXTI_Callback
 .text.uart_start_header_rx
                0x08002320       0x24 ./Core/Src/main.o
 .text.HAL_UART_RxCpltCallback
                0x08002344      0x274 ./Core/Src/main.o
                0x08002344                HAL_UART_RxCpltCallback
 .text.HAL_DAC_ConvHalfCpltCallbackCh1
                0x080025b8       0x50 ./Core/Src/main.o
                0x080025b8                HAL_DAC_ConvHalfCpltCallbackCh1
 .text.HAL_DAC_ConvCpltCallbackCh1
                0x08002608       0x60 ./Core/Src/main.o
                0x08002608                HAL_DAC_ConvCpltCallbackCh1
 .text.HAL_UART_ErrorCallback
                0x08002668       0x24 ./Core/Src/main.o
                0x08002668                HAL_UART_ErrorCallback
 .text.Error_Handler
                0x0800268c        0xc ./Core/Src/main.o
                0x0800268c                Error_Handler
 .text.crc16_ccitt
                0x08002698       0xd6 ./Core/Src/packets.o
                0x08002698                crc16_ccitt
 .text.parse_and_apply_image_packet
                0x0800276e       0xbc ./Core/Src/packets.o
                0x0800276e                parse_and_apply_image_packet
 *fill*         0x0800282a        0x2 
 .text.read_sound_file
                0x0800282c      0x138 ./Core/Src/sd_card.o
                0x0800282c                read_sound_file
 .text.HAL_MspInit
                0x08002964       0x48 ./Core/Src/stm32l4xx_hal_msp.o
                0x08002964                HAL_MspInit
 .text.HAL_ADC_MspInit
                0x080029ac      0x1b4 ./Core/Src/stm32l4xx_hal_msp.o
                0x080029ac                HAL_ADC_MspInit
 .text.HAL_DAC_MspInit
                0x08002b60       0xdc ./Core/Src/stm32l4xx_hal_msp.o
                0x08002b60                HAL_DAC_MspInit
 .text.HAL_UART_MspInit
                0x08002c3c      0x12c ./Core/Src/stm32l4xx_hal_msp.o
                0x08002c3c                HAL_UART_MspInit
 .text.HAL_SPI_MspInit
                0x08002d68      0x180 ./Core/Src/stm32l4xx_hal_msp.o
                0x08002d68                HAL_SPI_MspInit
 .text.HAL_TIM_Base_MspInit
                0x08002ee8      0x10c ./Core/Src/stm32l4xx_hal_msp.o
                0x08002ee8                HAL_TIM_Base_MspInit
 .text.NMI_Handler
                0x08002ff4        0x8 ./Core/Src/stm32l4xx_it.o
                0x08002ff4                NMI_Handler
 .text.HardFault_Handler
                0x08002ffc        0x8 ./Core/Src/stm32l4xx_it.o
                0x08002ffc                HardFault_Handler
 .text.MemManage_Handler
                0x08003004        0x8 ./Core/Src/stm32l4xx_it.o
                0x08003004                MemManage_Handler
 .text.BusFault_Handler
                0x0800300c        0x8 ./Core/Src/stm32l4xx_it.o
                0x0800300c                BusFault_Handler
 .text.UsageFault_Handler
                0x08003014        0x8 ./Core/Src/stm32l4xx_it.o
                0x08003014                UsageFault_Handler
 .text.SVC_Handler
                0x0800301c        0xe ./Core/Src/stm32l4xx_it.o
                0x0800301c                SVC_Handler
 .text.DebugMon_Handler
                0x0800302a        0xe ./Core/Src/stm32l4xx_it.o
                0x0800302a                DebugMon_Handler
 .text.PendSV_Handler
                0x08003038        0xe ./Core/Src/stm32l4xx_it.o
                0x08003038                PendSV_Handler
 .text.SysTick_Handler
                0x08003046        0xc ./Core/Src/stm32l4xx_it.o
                0x08003046                SysTick_Handler
 .text.EXTI0_IRQHandler
                0x08003052        0xe ./Core/Src/stm32l4xx_it.o
                0x08003052                EXTI0_IRQHandler
 .text.EXTI1_IRQHandler
                0x08003060        0xe ./Core/Src/stm32l4xx_it.o
                0x08003060                EXTI1_IRQHandler
 *fill*         0x0800306e        0x2 
 .text.DMA1_Channel1_IRQHandler
                0x08003070       0x14 ./Core/Src/stm32l4xx_it.o
                0x08003070                DMA1_Channel1_IRQHandler
 .text.DMA1_Channel2_IRQHandler
                0x08003084       0x14 ./Core/Src/stm32l4xx_it.o
                0x08003084                DMA1_Channel2_IRQHandler
 .text.DMA1_Channel3_IRQHandler
                0x08003098       0x14 ./Core/Src/stm32l4xx_it.o
                0x08003098                DMA1_Channel3_IRQHandler
 .text.DMA1_Channel4_IRQHandler
                0x080030ac       0x14 ./Core/Src/stm32l4xx_it.o
                0x080030ac                DMA1_Channel4_IRQHandler
 .text.ADC1_IRQHandler
                0x080030c0       0x14 ./Core/Src/stm32l4xx_it.o
                0x080030c0                ADC1_IRQHandler
 .text.EXTI15_10_IRQHandler
                0x080030d4       0x10 ./Core/Src/stm32l4xx_it.o
                0x080030d4                EXTI15_10_IRQHandler
 .text.LPUART1_IRQHandler
                0x080030e4       0x14 ./Core/Src/stm32l4xx_it.o
                0x080030e4                LPUART1_IRQHandler
 .text.SystemInit
                0x080030f8       0x24 ./Core/Src/system_stm32l4xx.o
                0x080030f8                SystemInit
 .text.tft_select
                0x0800311c       0x18 ./Core/Src/tft.o
 .text.tft_deselect
                0x08003134       0x18 ./Core/Src/tft.o
 .text.tft_dc_cmd
                0x0800314c       0x18 ./Core/Src/tft.o
 .text.tft_dc_data
                0x08003164       0x18 ./Core/Src/tft.o
 .text.tft_write_cmd
                0x0800317c       0x30 ./Core/Src/tft.o
 .text.tft_write_data
                0x080031ac       0x34 ./Core/Src/tft.o
 .text.tft_set_addr_window
                0x080031e0       0x8a ./Core/Src/tft.o
                0x080031e0                tft_set_addr_window
 *fill*         0x0800326a        0x2 
 .text.tft_blit565
                0x0800326c      0x160 ./Core/Src/tft.o
                0x0800326c                tft_blit565
 .text.Reset_Handler
                0x080033cc       0x50 ./Core/Startup/startup_stm32l4r5zitxp.o
                0x080033cc                Reset_Handler
 .text.Default_Handler
                0x0800341c        0x2 ./Core/Startup/startup_stm32l4r5zitxp.o
                0x0800341c                RTC_Alarm_IRQHandler
                0x0800341c                EXTI2_IRQHandler
                0x0800341c                TIM8_TRG_COM_IRQHandler
                0x0800341c                TIM8_CC_IRQHandler
                0x0800341c                TIM1_CC_IRQHandler
                0x0800341c                TSC_IRQHandler
                0x0800341c                TAMP_STAMP_IRQHandler
                0x0800341c                EXTI3_IRQHandler
                0x0800341c                LPTIM2_IRQHandler
                0x0800341c                DFSDM1_FLT1_IRQHandler
                0x0800341c                GFXMMU_IRQHandler
                0x0800341c                I2C3_ER_IRQHandler
                0x0800341c                DFSDM1_FLT2_IRQHandler
                0x0800341c                I2C2_EV_IRQHandler
                0x0800341c                CAN1_RX0_IRQHandler
                0x0800341c                FPU_IRQHandler
                0x0800341c                TIM1_UP_TIM16_IRQHandler
                0x0800341c                LTDC_ER_IRQHandler
                0x0800341c                SPI1_IRQHandler
                0x0800341c                OCTOSPI1_IRQHandler
                0x0800341c                TIM6_DAC_IRQHandler
                0x0800341c                DCMI_IRQHandler
                0x0800341c                TIM8_UP_IRQHandler
                0x0800341c                OCTOSPI2_IRQHandler
                0x0800341c                DMA2_Channel2_IRQHandler
                0x0800341c                SAI2_IRQHandler
                0x0800341c                DFSDM1_FLT3_IRQHandler
                0x0800341c                USART3_IRQHandler
                0x0800341c                DMA1_Channel7_IRQHandler
                0x0800341c                CAN1_RX1_IRQHandler
                0x0800341c                UART5_IRQHandler
                0x0800341c                TIM4_IRQHandler
                0x0800341c                DMA2_Channel1_IRQHandler
                0x0800341c                I2C1_EV_IRQHandler
                0x0800341c                DMAMUX1_OVR_IRQHandler
                0x0800341c                DMA1_Channel6_IRQHandler
                0x0800341c                UART4_IRQHandler
                0x0800341c                DMA2_Channel4_IRQHandler
                0x0800341c                TIM3_IRQHandler
                0x0800341c                RCC_IRQHandler
                0x0800341c                Default_Handler
                0x0800341c                DMA2_Channel7_IRQHandler
                0x0800341c                TIM7_IRQHandler
                0x0800341c                SDMMC1_IRQHandler
                0x0800341c                TIM5_IRQHandler
                0x0800341c                I2C3_EV_IRQHandler
                0x0800341c                EXTI9_5_IRQHandler
                0x0800341c                RTC_WKUP_IRQHandler
                0x0800341c                LTDC_IRQHandler
                0x0800341c                PVD_PVM_IRQHandler
                0x0800341c                SPI2_IRQHandler
                0x0800341c                CAN1_TX_IRQHandler
                0x0800341c                DMA2_Channel5_IRQHandler
                0x0800341c                CRS_IRQHandler
                0x0800341c                DMA1_Channel5_IRQHandler
                0x0800341c                EXTI4_IRQHandler
                0x0800341c                RNG_IRQHandler
                0x0800341c                TIM1_TRG_COM_TIM17_IRQHandler
                0x0800341c                COMP_IRQHandler
                0x0800341c                WWDG_IRQHandler
                0x0800341c                I2C4_EV_IRQHandler
                0x0800341c                DMA2_Channel6_IRQHandler
                0x0800341c                TIM2_IRQHandler
                0x0800341c                DMA2D_IRQHandler
                0x0800341c                USART2_IRQHandler
                0x0800341c                DFSDM1_FLT0_IRQHandler
                0x0800341c                I2C2_ER_IRQHandler
                0x0800341c                TIM8_BRK_IRQHandler
                0x0800341c                CAN1_SCE_IRQHandler
                0x0800341c                FLASH_IRQHandler
                0x0800341c                USART1_IRQHandler
                0x0800341c                OTG_FS_IRQHandler
                0x0800341c                SPI3_IRQHandler
                0x0800341c                I2C1_ER_IRQHandler
                0x0800341c                FMC_IRQHandler
                0x0800341c                LPTIM1_IRQHandler
                0x0800341c                I2C4_ER_IRQHandler
                0x0800341c                SAI1_IRQHandler
                0x0800341c                DMA2_Channel3_IRQHandler
                0x0800341c                TIM1_BRK_TIM15_IRQHandler
 .text.HAL_Init
                0x0800341e       0x30 ./Drivers/STM32L4xx_HAL_Driver/Src/stm32l4xx_hal.o
                0x0800341e                HAL_Init
 *fill*         0x0800344e        0x2 
 .text.HAL_InitTick
                0x08003450       0x78 ./Drivers/STM32L4xx_HAL_Driver/Src/stm32l4xx_hal.o
                0x08003450                HAL_InitTick
 .text.HAL_IncTick
                0x080034c8       0x28 ./Drivers/STM32L4xx_HAL_Driver/Src/stm32l4xx_hal.o
                0x080034c8                HAL_IncTick
 .text.HAL_GetTick
                0x080034f0       0x18 ./Drivers/STM32L4xx_HAL_Driver/Src/stm32l4xx_hal.o
                0x080034f0                HAL_GetTick
 .text.HAL_Delay
                0x08003508       0x48 ./Drivers/STM32L4xx_HAL_Driver/Src/stm32l4xx_hal.o
                0x08003508                HAL_Delay
 .text.LL_ADC_SetCommonClock
                0x08003550       0x26 ./Drivers/STM32L4xx_HAL_Driver/Src/stm32l4xx_hal_adc.o
 .text.LL_ADC_SetCommonPathInternalCh
                0x08003576       0x26 ./Drivers/STM32L4xx_HAL_Driver/Src/stm32l4xx_hal_adc.o
 .text.LL_ADC_GetCommonPathInternalCh
                0x0800359c       0x1c ./Drivers/STM32L4xx_HAL_Driver/Src/stm32l4xx_hal_adc.o
 .text.LL_ADC_SetOffset
                0x080035b8       0x48 ./Drivers/STM32L4xx_HAL_Driver/Src/stm32l4xx_hal_adc.o
 .text.LL_ADC_GetOffsetChannel
                0x08003600       0x2c ./Drivers/STM32L4xx_HAL_Driver/Src/stm32l4xx_hal_adc.o
 .text.LL_ADC_SetOffsetState
                0x0800362c       0x36 ./Drivers/STM32L4xx_HAL_Driver/Src/stm32l4xx_hal_adc.o
 .text.LL_ADC_SetSamplingTimeCommonConfig
                0x08003662       0x26 ./Drivers/STM32L4xx_HAL_Driver/Src/stm32l4xx_hal_adc.o
 .text.LL_ADC_REG_IsTriggerSourceSWStart
                0x08003688       0x26 ./Drivers/STM32L4xx_HAL_Driver/Src/stm32l4xx_hal_adc.o
 .text.LL_ADC_REG_SetSequencerRanks
                0x080036ae       0x58 ./Drivers/STM32L4xx_HAL_Driver/Src/stm32l4xx_hal_adc.o
 .text.LL_ADC_INJ_IsTriggerSourceSWStart
                0x08003706       0x26 ./Drivers/STM32L4xx_HAL_Driver/Src/stm32l4xx_hal_adc.o
 .text.LL_ADC_SetChannelSamplingTime
                0x0800372c       0x56 ./Drivers/STM32L4xx_HAL_Driver/Src/stm32l4xx_hal_adc.o
 *fill*         0x08003782        0x2 
 .text.LL_ADC_SetChannelSingleDiff
                0x08003784       0x48 ./Drivers/STM32L4xx_HAL_Driver/Src/stm32l4xx_hal_adc.o
 .text.LL_ADC_DisableDeepPowerDown
                0x080037cc       0x24 ./Drivers/STM32L4xx_HAL_Driver/Src/stm32l4xx_hal_adc.o
 .text.LL_ADC_IsDeepPowerDownEnabled
                0x080037f0       0x28 ./Drivers/STM32L4xx_HAL_Driver/Src/stm32l4xx_hal_adc.o
 .text.LL_ADC_EnableInternalRegulator
                0x08003818       0x28 ./Drivers/STM32L4xx_HAL_Driver/Src/stm32l4xx_hal_adc.o
 .text.LL_ADC_IsInternalRegulatorEnabled
                0x08003840       0x28 ./Drivers/STM32L4xx_HAL_Driver/Src/stm32l4xx_hal_adc.o
 .text.LL_ADC_Enable
                0x08003868       0x28 ./Drivers/STM32L4xx_HAL_Driver/Src/stm32l4xx_hal_adc.o
 .text.LL_ADC_Disable
                0x08003890       0x28 ./Drivers/STM32L4xx_HAL_Driver/Src/stm32l4xx_hal_adc.o
 .text.LL_ADC_IsEnabled
                0x080038b8       0x26 ./Drivers/STM32L4xx_HAL_Driver/Src/stm32l4xx_hal_adc.o
 .text.LL_ADC_IsDisableOngoing
                0x080038de       0x26 ./Drivers/STM32L4xx_HAL_Driver/Src/stm32l4xx_hal_adc.o
 .text.LL_ADC_REG_StartConversion
                0x08003904       0x28 ./Drivers/STM32L4xx_HAL_Driver/Src/stm32l4xx_hal_adc.o
 .text.LL_ADC_REG_IsConversionOngoing
                0x0800392c       0x26 ./Drivers/STM32L4xx_HAL_Driver/Src/stm32l4xx_hal_adc.o
 .text.LL_ADC_INJ_IsConversionOngoing
                0x08003952       0x26 ./Drivers/STM32L4xx_HAL_Driver/Src/stm32l4xx_hal_adc.o
 .text.HAL_ADC_Init
                0x08003978      0x28c ./Drivers/STM32L4xx_HAL_Driver/Src/stm32l4xx_hal_adc.o
                0x08003978                HAL_ADC_Init
 .text.HAL_ADC_Start
                0x08003c04       0xc6 ./Drivers/STM32L4xx_HAL_Driver/Src/stm32l4xx_hal_adc.o
                0x08003c04                HAL_ADC_Start
 .text.HAL_ADC_PollForConversion
                0x08003cca      0x11e ./Drivers/STM32L4xx_HAL_Driver/Src/stm32l4xx_hal_adc.o
                0x08003cca                HAL_ADC_PollForConversion
 .text.HAL_ADC_GetValue
                0x08003de8       0x1a ./Drivers/STM32L4xx_HAL_Driver/Src/stm32l4xx_hal_adc.o
                0x08003de8                HAL_ADC_GetValue
 .text.HAL_ADC_IRQHandler
                0x08003e02      0x368 ./Drivers/STM32L4xx_HAL_Driver/Src/stm32l4xx_hal_adc.o
                0x08003e02                HAL_ADC_IRQHandler
 .text.HAL_ADC_ConvCpltCallback
                0x0800416a       0x14 ./Drivers/STM32L4xx_HAL_Driver/Src/stm32l4xx_hal_adc.o
                0x0800416a                HAL_ADC_ConvCpltCallback
 .text.HAL_ADC_LevelOutOfWindowCallback
                0x0800417e       0x14 ./Drivers/STM32L4xx_HAL_Driver/Src/stm32l4xx_hal_adc.o
                0x0800417e                HAL_ADC_LevelOutOfWindowCallback
 .text.HAL_ADC_ErrorCallback
                0x08004192       0x14 ./Drivers/STM32L4xx_HAL_Driver/Src/stm32l4xx_hal_adc.o
                0x08004192                HAL_ADC_ErrorCallback
 *fill*         0x080041a6        0x2 
 .text.HAL_ADC_ConfigChannel
                0x080041a8      0x7f8 ./Drivers/STM32L4xx_HAL_Driver/Src/stm32l4xx_hal_adc.o
                0x080041a8                HAL_ADC_ConfigChannel
 .text.ADC_Enable
                0x080049a0      0x10c ./Drivers/STM32L4xx_HAL_Driver/Src/stm32l4xx_hal_adc.o
                0x080049a0                ADC_Enable
 .text.ADC_Disable
                0x08004aac       0xbe ./Drivers/STM32L4xx_HAL_Driver/Src/stm32l4xx_hal_adc.o
                0x08004aac                ADC_Disable
 .text.LL_ADC_StartCalibration
                0x08004b6a       0x32 ./Drivers/STM32L4xx_HAL_Driver/Src/stm32l4xx_hal_adc_ex.o
 .text.LL_ADC_IsCalibrationOnGoing
                0x08004b9c       0x28 ./Drivers/STM32L4xx_HAL_Driver/Src/stm32l4xx_hal_adc_ex.o
 .text.HAL_ADCEx_Calibration_Start
                0x08004bc4       0xc0 ./Drivers/STM32L4xx_HAL_Driver/Src/stm32l4xx_hal_adc_ex.o
                0x08004bc4                HAL_ADCEx_Calibration_Start
 .text.HAL_ADCEx_InjectedConvCpltCallback
                0x08004c84       0x14 ./Drivers/STM32L4xx_HAL_Driver/Src/stm32l4xx_hal_adc_ex.o
                0x08004c84                HAL_ADCEx_InjectedConvCpltCallback
 .text.HAL_ADCEx_InjectedQueueOverflowCallback
                0x08004c98       0x14 ./Drivers/STM32L4xx_HAL_Driver/Src/stm32l4xx_hal_adc_ex.o
                0x08004c98                HAL_ADCEx_InjectedQueueOverflowCallback
 .text.HAL_ADCEx_LevelOutOfWindow2Callback
                0x08004cac       0x14 ./Drivers/STM32L4xx_HAL_Driver/Src/stm32l4xx_hal_adc_ex.o
                0x08004cac                HAL_ADCEx_LevelOutOfWindow2Callback
 .text.HAL_ADCEx_LevelOutOfWindow3Callback
                0x08004cc0       0x14 ./Drivers/STM32L4xx_HAL_Driver/Src/stm32l4xx_hal_adc_ex.o
                0x08004cc0                HAL_ADCEx_LevelOutOfWindow3Callback
 .text.HAL_ADCEx_EndOfSamplingCallback
                0x08004cd4       0x14 ./Drivers/STM32L4xx_HAL_Driver/Src/stm32l4xx_hal_adc_ex.o
                0x08004cd4                HAL_ADCEx_EndOfSamplingCallback
 .text.__NVIC_SetPriorityGrouping
                0x08004ce8       0x48 ./Drivers/STM32L4xx_HAL_Driver/Src/stm32l4xx_hal_cortex.o
 .text.__NVIC_GetPriorityGrouping
                0x08004d30       0x1c ./Drivers/STM32L4xx_HAL_Driver/Src/stm32l4xx_hal_cortex.o
 .text.__NVIC_EnableIRQ
                0x08004d4c       0x3c ./Drivers/STM32L4xx_HAL_Driver/Src/stm32l4xx_hal_cortex.o
 .text.__NVIC_SetPriority
                0x08004d88       0x54 ./Drivers/STM32L4xx_HAL_Driver/Src/stm32l4xx_hal_cortex.o
 .text.NVIC_EncodePriority
                0x08004ddc       0x66 ./Drivers/STM32L4xx_HAL_Driver/Src/stm32l4xx_hal_cortex.o
 *fill*         0x08004e42        0x2 
 .text.SysTick_Config
                0x08004e44       0x44 ./Drivers/STM32L4xx_HAL_Driver/Src/stm32l4xx_hal_cortex.o
 .text.HAL_NVIC_SetPriorityGrouping
                0x08004e88       0x16 ./Drivers/STM32L4xx_HAL_Driver/Src/stm32l4xx_hal_cortex.o
                0x08004e88                HAL_NVIC_SetPriorityGrouping
 .text.HAL_NVIC_SetPriority
                0x08004e9e       0x38 ./Drivers/STM32L4xx_HAL_Driver/Src/stm32l4xx_hal_cortex.o
                0x08004e9e                HAL_NVIC_SetPriority
 .text.HAL_NVIC_EnableIRQ
                0x08004ed6       0x1c ./Drivers/STM32L4xx_HAL_Driver/Src/stm32l4xx_hal_cortex.o
                0x08004ed6                HAL_NVIC_EnableIRQ
 .text.HAL_SYSTICK_Config
                0x08004ef2       0x18 ./Drivers/STM32L4xx_HAL_Driver/Src/stm32l4xx_hal_cortex.o
                0x08004ef2                HAL_SYSTICK_Config
 .text.HAL_DAC_Init
                0x08004f0a       0x44 ./Drivers/STM32L4xx_HAL_Driver/Src/stm32l4xx_hal_dac.o
                0x08004f0a                HAL_DAC_Init
 *fill*         0x08004f4e        0x2 
 .text.HAL_DAC_Start_DMA
                0x08004f50      0x198 ./Drivers/STM32L4xx_HAL_Driver/Src/stm32l4xx_hal_dac.o
                0x08004f50                HAL_DAC_Start_DMA
 .text.HAL_DAC_Stop_DMA
                0x080050e8       0x8a ./Drivers/STM32L4xx_HAL_Driver/Src/stm32l4xx_hal_dac.o
                0x080050e8                HAL_DAC_Stop_DMA
 .text.HAL_DAC_ErrorCallbackCh1
                0x08005172       0x14 ./Drivers/STM32L4xx_HAL_Driver/Src/stm32l4xx_hal_dac.o
                0x08005172                HAL_DAC_ErrorCallbackCh1
 *fill*         0x08005186        0x2 
 .text.HAL_DAC_ConfigChannel
                0x08005188      0x298 ./Drivers/STM32L4xx_HAL_Driver/Src/stm32l4xx_hal_dac.o
                0x08005188                HAL_DAC_ConfigChannel
 .text.DAC_DMAConvCpltCh1
                0x08005420       0x22 ./Drivers/STM32L4xx_HAL_Driver/Src/stm32l4xx_hal_dac.o
                0x08005420                DAC_DMAConvCpltCh1
 .text.DAC_DMAHalfConvCpltCh1
                0x08005442       0x1c ./Drivers/STM32L4xx_HAL_Driver/Src/stm32l4xx_hal_dac.o
                0x08005442                DAC_DMAHalfConvCpltCh1
 .text.DAC_DMAErrorCh1
                0x0800545e       0x2e ./Drivers/STM32L4xx_HAL_Driver/Src/stm32l4xx_hal_dac.o
                0x0800545e                DAC_DMAErrorCh1
 .text.HAL_DACEx_ConvCpltCallbackCh2
                0x0800548c       0x14 ./Drivers/STM32L4xx_HAL_Driver/Src/stm32l4xx_hal_dac_ex.o
                0x0800548c                HAL_DACEx_ConvCpltCallbackCh2
 .text.HAL_DACEx_ConvHalfCpltCallbackCh2
                0x080054a0       0x14 ./Drivers/STM32L4xx_HAL_Driver/Src/stm32l4xx_hal_dac_ex.o
                0x080054a0                HAL_DACEx_ConvHalfCpltCallbackCh2
 .text.HAL_DACEx_ErrorCallbackCh2
                0x080054b4       0x14 ./Drivers/STM32L4xx_HAL_Driver/Src/stm32l4xx_hal_dac_ex.o
                0x080054b4                HAL_DACEx_ErrorCallbackCh2
 .text.DAC_DMAConvCpltCh2
                0x080054c8       0x22 ./Drivers/STM32L4xx_HAL_Driver/Src/stm32l4xx_hal_dac_ex.o
                0x080054c8                DAC_DMAConvCpltCh2
 .text.DAC_DMAHalfConvCpltCh2
                0x080054ea       0x1c ./Drivers/STM32L4xx_HAL_Driver/Src/stm32l4xx_hal_dac_ex.o
                0x080054ea                DAC_DMAHalfConvCpltCh2
 .text.DAC_DMAErrorCh2
                0x08005506       0x2e ./Drivers/STM32L4xx_HAL_Driver/Src/stm32l4xx_hal_dac_ex.o
                0x08005506                DAC_DMAErrorCh2
 .text.HAL_DMA_Init
                0x08005534      0x150 ./Drivers/STM32L4xx_HAL_Driver/Src/stm32l4xx_hal_dma.o
                0x08005534                HAL_DMA_Init
 .text.HAL_DMA_Start_IT
                0x08005684       0xf6 ./Drivers/STM32L4xx_HAL_Driver/Src/stm32l4xx_hal_dma.o
                0x08005684                HAL_DMA_Start_IT
 .text.HAL_DMA_Abort
                0x0800577a       0xb8 ./Drivers/STM32L4xx_HAL_Driver/Src/stm32l4xx_hal_dma.o
                0x0800577a                HAL_DMA_Abort
 .text.HAL_DMA_Abort_IT
                0x08005832       0xbe ./Drivers/STM32L4xx_HAL_Driver/Src/stm32l4xx_hal_dma.o
                0x08005832                HAL_DMA_Abort_IT
 .text.HAL_DMA_IRQHandler
                0x080058f0      0x15e ./Drivers/STM32L4xx_HAL_Driver/Src/stm32l4xx_hal_dma.o
                0x080058f0                HAL_DMA_IRQHandler
 .text.HAL_DMA_GetError
                0x08005a4e       0x18 ./Drivers/STM32L4xx_HAL_Driver/Src/stm32l4xx_hal_dma.o
                0x08005a4e                HAL_DMA_GetError
 .text.DMA_SetConfig
                0x08005a66       0x7c ./Drivers/STM32L4xx_HAL_Driver/Src/stm32l4xx_hal_dma.o
 *fill*         0x08005ae2        0x2 
 .text.DMA_CalcDMAMUXChannelBaseAndMask
                0x08005ae4       0x7c ./Drivers/STM32L4xx_HAL_Driver/Src/stm32l4xx_hal_dma.o
 .text.DMA_CalcDMAMUXRequestGenBaseAndMask
                0x08005b60       0x48 ./Drivers/STM32L4xx_HAL_Driver/Src/stm32l4xx_hal_dma.o
 .text.HAL_GPIO_Init
                0x08005ba8      0x324 ./Drivers/STM32L4xx_HAL_Driver/Src/stm32l4xx_hal_gpio.o
                0x08005ba8                HAL_GPIO_Init
 .text.HAL_GPIO_ReadPin
                0x08005ecc       0x30 ./Drivers/STM32L4xx_HAL_Driver/Src/stm32l4xx_hal_gpio.o
                0x08005ecc                HAL_GPIO_ReadPin
 .text.HAL_GPIO_WritePin
                0x08005efc       0x30 ./Drivers/STM32L4xx_HAL_Driver/Src/stm32l4xx_hal_gpio.o
                0x08005efc                HAL_GPIO_WritePin
 .text.HAL_GPIO_EXTI_IRQHandler
                0x08005f2c       0x30 ./Drivers/STM32L4xx_HAL_Driver/Src/stm32l4xx_hal_gpio.o
                0x08005f2c                HAL_GPIO_EXTI_IRQHandler
 .text.HAL_PWREx_GetVoltageRange
                0x08005f5c       0x40 ./Drivers/STM32L4xx_HAL_Driver/Src/stm32l4xx_hal_pwr_ex.o
                0x08005f5c                HAL_PWREx_GetVoltageRange
 .text.HAL_PWREx_ControlVoltageScaling
                0x08005f9c      0x148 ./Drivers/STM32L4xx_HAL_Driver/Src/stm32l4xx_hal_pwr_ex.o
                0x08005f9c                HAL_PWREx_ControlVoltageScaling
 .text.HAL_PWREx_EnableVddIO2
                0x080060e4       0x20 ./Drivers/STM32L4xx_HAL_Driver/Src/stm32l4xx_hal_pwr_ex.o
                0x080060e4                HAL_PWREx_EnableVddIO2
 .text.HAL_RCC_OscConfig
                0x08006104      0x834 ./Drivers/STM32L4xx_HAL_Driver/Src/stm32l4xx_hal_rcc.o
                0x08006104                HAL_RCC_OscConfig
 .text.HAL_RCC_ClockConfig
                0x08006938      0x274 ./Drivers/STM32L4xx_HAL_Driver/Src/stm32l4xx_hal_rcc.o
                0x08006938                HAL_RCC_ClockConfig
 .text.HAL_RCC_GetSysClockFreq
                0x08006bac      0x118 ./Drivers/STM32L4xx_HAL_Driver/Src/stm32l4xx_hal_rcc.o
                0x08006bac                HAL_RCC_GetSysClockFreq
 .text.HAL_RCC_GetHCLKFreq
                0x08006cc4       0x18 ./Drivers/STM32L4xx_HAL_Driver/Src/stm32l4xx_hal_rcc.o
                0x08006cc4                HAL_RCC_GetHCLKFreq
 .text.HAL_RCC_GetPCLK1Freq
                0x08006cdc       0x2c ./Drivers/STM32L4xx_HAL_Driver/Src/stm32l4xx_hal_rcc.o
                0x08006cdc                HAL_RCC_GetPCLK1Freq
 .text.HAL_RCC_GetPCLK2Freq
                0x08006d08       0x2c ./Drivers/STM32L4xx_HAL_Driver/Src/stm32l4xx_hal_rcc.o
                0x08006d08                HAL_RCC_GetPCLK2Freq
 .text.RCC_SetFlashLatencyFromMSIRange
                0x08006d34       0xb4 ./Drivers/STM32L4xx_HAL_Driver/Src/stm32l4xx_hal_rcc.o
 .text.RCC_GetSysClockFreqFromPLLSource
                0x08006de8       0xcc ./Drivers/STM32L4xx_HAL_Driver/Src/stm32l4xx_hal_rcc.o
 .text.HAL_RCCEx_PeriphCLKConfig
                0x08006eb4      0x660 ./Drivers/STM32L4xx_HAL_Driver/Src/stm32l4xx_hal_rcc_ex.o
                0x08006eb4                HAL_RCCEx_PeriphCLKConfig
 .text.RCCEx_PLLSAI1_Config
                0x08007514      0x1e8 ./Drivers/STM32L4xx_HAL_Driver/Src/stm32l4xx_hal_rcc_ex.o
 .text.RCCEx_PLLSAI2_Config
                0x080076fc      0x1e8 ./Drivers/STM32L4xx_HAL_Driver/Src/stm32l4xx_hal_rcc_ex.o
 .text.HAL_SPI_Init
                0x080078e4      0x146 ./Drivers/STM32L4xx_HAL_Driver/Src/stm32l4xx_hal_spi.o
                0x080078e4                HAL_SPI_Init
 .text.HAL_SPI_Transmit
                0x08007a2a      0x2ec ./Drivers/STM32L4xx_HAL_Driver/Src/stm32l4xx_hal_spi.o
                0x08007a2a                HAL_SPI_Transmit
 .text.HAL_SPI_TransmitReceive
                0x08007d16      0x43e ./Drivers/STM32L4xx_HAL_Driver/Src/stm32l4xx_hal_spi.o
                0x08007d16                HAL_SPI_TransmitReceive
 .text.SPI_WaitFlagStateUntilTimeout
                0x08008154      0x110 ./Drivers/STM32L4xx_HAL_Driver/Src/stm32l4xx_hal_spi.o
 .text.SPI_WaitFifoStateUntilTimeout
                0x08008264      0x12c ./Drivers/STM32L4xx_HAL_Driver/Src/stm32l4xx_hal_spi.o
 .text.SPI_EndRxTxTransaction
                0x08008390       0x8c ./Drivers/STM32L4xx_HAL_Driver/Src/stm32l4xx_hal_spi.o
 .text.HAL_TIM_Base_Init
                0x0800841c       0xae ./Drivers/STM32L4xx_HAL_Driver/Src/stm32l4xx_hal_tim.o
                0x0800841c                HAL_TIM_Base_Init
 *fill*         0x080084ca        0x2 
 .text.HAL_TIM_Base_Start
                0x080084cc       0xd0 ./Drivers/STM32L4xx_HAL_Driver/Src/stm32l4xx_hal_tim.o
                0x080084cc                HAL_TIM_Base_Start
 .text.HAL_TIM_ConfigClockSource
                0x0800859c      0x192 ./Drivers/STM32L4xx_HAL_Driver/Src/stm32l4xx_hal_tim.o
                0x0800859c                HAL_TIM_ConfigClockSource
 *fill*         0x0800872e        0x2 
 .text.TIM_Base_SetConfig
                0x08008730      0x14c ./Drivers/STM32L4xx_HAL_Driver/Src/stm32l4xx_hal_tim.o
                0x08008730                TIM_Base_SetConfig
 .text.TIM_TI1_ConfigInputStage
                0x0800887c       0x5e ./Drivers/STM32L4xx_HAL_Driver/Src/stm32l4xx_hal_tim.o
 .text.TIM_TI2_ConfigInputStage
                0x080088da       0x60 ./Drivers/STM32L4xx_HAL_Driver/Src/stm32l4xx_hal_tim.o
 .text.TIM_ITRx_SetConfig
                0x0800893a       0x36 ./Drivers/STM32L4xx_HAL_Driver/Src/stm32l4xx_hal_tim.o
 .text.TIM_ETR_SetConfig
                0x08008970       0x40 ./Drivers/STM32L4xx_HAL_Driver/Src/stm32l4xx_hal_tim.o
                0x08008970                TIM_ETR_SetConfig
 .text.HAL_TIMEx_MasterConfigSynchronization
                0x080089b0      0x110 ./Drivers/STM32L4xx_HAL_Driver/Src/stm32l4xx_hal_tim_ex.o
                0x080089b0                HAL_TIMEx_MasterConfigSynchronization
 .text.HAL_UART_Init
                0x08008ac0       0xa0 ./Drivers/STM32L4xx_HAL_Driver/Src/stm32l4xx_hal_uart.o
                0x08008ac0                HAL_UART_Init
 .text.HAL_UART_Transmit
                0x08008b60      0x11c ./Drivers/STM32L4xx_HAL_Driver/Src/stm32l4xx_hal_uart.o
                0x08008b60                HAL_UART_Transmit
 .text.HAL_UART_Receive_DMA
                0x08008c7c       0x98 ./Drivers/STM32L4xx_HAL_Driver/Src/stm32l4xx_hal_uart.o
                0x08008c7c                HAL_UART_Receive_DMA
 .text.HAL_UART_AbortReceive
                0x08008d14      0x16e ./Drivers/STM32L4xx_HAL_Driver/Src/stm32l4xx_hal_uart.o
                0x08008d14                HAL_UART_AbortReceive
 *fill*         0x08008e82        0x2 
 .text.HAL_UART_IRQHandler
                0x08008e84      0x684 ./Drivers/STM32L4xx_HAL_Driver/Src/stm32l4xx_hal_uart.o
                0x08008e84                HAL_UART_IRQHandler
 .text.HAL_UART_TxCpltCallback
                0x08009508       0x14 ./Drivers/STM32L4xx_HAL_Driver/Src/stm32l4xx_hal_uart.o
                0x08009508                HAL_UART_TxCpltCallback
 .text.HAL_UART_RxHalfCpltCallback
                0x0800951c       0x14 ./Drivers/STM32L4xx_HAL_Driver/Src/stm32l4xx_hal_uart.o
                0x0800951c                HAL_UART_RxHalfCpltCallback
 .text.HAL_UARTEx_RxEventCallback
                0x08009530       0x18 ./Drivers/STM32L4xx_HAL_Driver/Src/stm32l4xx_hal_uart.o
                0x08009530                HAL_UARTEx_RxEventCallback
 .text.UART_SetConfig
                0x08009548      0x5f8 ./Drivers/STM32L4xx_HAL_Driver/Src/stm32l4xx_hal_uart.o
                0x08009548                UART_SetConfig
 .text.UART_AdvFeatureConfig
                0x08009b40      0x144 ./Drivers/STM32L4xx_HAL_Driver/Src/stm32l4xx_hal_uart.o
                0x08009b40                UART_AdvFeatureConfig
 .text.UART_CheckIdleState
                0x08009c84      0x154 ./Drivers/STM32L4xx_HAL_Driver/Src/stm32l4xx_hal_uart.o
                0x08009c84                UART_CheckIdleState
 .text.UART_WaitOnFlagUntilTimeout
                0x08009dd8       0xda ./Drivers/STM32L4xx_HAL_Driver/Src/stm32l4xx_hal_uart.o
                0x08009dd8                UART_WaitOnFlagUntilTimeout
 *fill*         0x08009eb2        0x2 
 .text.UART_Start_Receive_DMA
                0x08009eb4      0x14c ./Drivers/STM32L4xx_HAL_Driver/Src/stm32l4xx_hal_uart.o
                0x08009eb4                UART_Start_Receive_DMA
 .text.UART_EndTxTransfer
                0x0800a000       0x82 ./Drivers/STM32L4xx_HAL_Driver/Src/stm32l4xx_hal_uart.o
 .text.UART_EndRxTransfer
                0x0800a082       0xcc ./Drivers/STM32L4xx_HAL_Driver/Src/stm32l4xx_hal_uart.o
 .text.UART_DMAReceiveCplt
                0x0800a14e      0x12c ./Drivers/STM32L4xx_HAL_Driver/Src/stm32l4xx_hal_uart.o
 .text.UART_DMARxHalfCplt
                0x0800a27a       0x3e ./Drivers/STM32L4xx_HAL_Driver/Src/stm32l4xx_hal_uart.o
 .text.UART_DMAError
                0x0800a2b8       0x80 ./Drivers/STM32L4xx_HAL_Driver/Src/stm32l4xx_hal_uart.o
 .text.UART_DMAAbortOnError
                0x0800a338       0x2c ./Drivers/STM32L4xx_HAL_Driver/Src/stm32l4xx_hal_uart.o
 .text.UART_EndTransmit_IT
                0x0800a364       0x56 ./Drivers/STM32L4xx_HAL_Driver/Src/stm32l4xx_hal_uart.o
 .text.HAL_UARTEx_WakeupCallback
                0x0800a3ba       0x14 ./Drivers/STM32L4xx_HAL_Driver/Src/stm32l4xx_hal_uart_ex.o
                0x0800a3ba                HAL_UARTEx_WakeupCallback
 .text.HAL_UARTEx_RxFifoFullCallback
                0x0800a3ce       0x14 ./Drivers/STM32L4xx_HAL_Driver/Src/stm32l4xx_hal_uart_ex.o
                0x0800a3ce                HAL_UARTEx_RxFifoFullCallback
 .text.HAL_UARTEx_TxFifoEmptyCallback
                0x0800a3e2       0x14 ./Drivers/STM32L4xx_HAL_Driver/Src/stm32l4xx_hal_uart_ex.o
                0x0800a3e2                HAL_UARTEx_TxFifoEmptyCallback
 .text.HAL_UARTEx_DisableFifoMode
                0x0800a3f6       0x72 ./Drivers/STM32L4xx_HAL_Driver/Src/stm32l4xx_hal_uart_ex.o
                0x0800a3f6                HAL_UARTEx_DisableFifoMode
 .text.HAL_UARTEx_SetTxFifoThreshold
                0x0800a468       0x7c ./Drivers/STM32L4xx_HAL_Driver/Src/stm32l4xx_hal_uart_ex.o
                0x0800a468                HAL_UARTEx_SetTxFifoThreshold
 .text.HAL_UARTEx_SetRxFifoThreshold
                0x0800a4e4       0x7c ./Drivers/STM32L4xx_HAL_Driver/Src/stm32l4xx_hal_uart_ex.o
                0x0800a4e4                HAL_UARTEx_SetRxFifoThreshold
 .text.UARTEx_SetNbDataToProcess
                0x0800a560       0x9c ./Drivers/STM32L4xx_HAL_Driver/Src/stm32l4xx_hal_uart_ex.o
 .text.MX_FATFS_Init
                0x0800a5fc       0x24 ./FATFS/App/fatfs.o
                0x0800a5fc                MX_FATFS_Init
 .text.get_fattime
                0x0800a620       0x10 ./FATFS/App/fatfs.o
                0x0800a620                get_fattime
 .text.USER_initialize
                0x0800a630       0x1c ./FATFS/Target/user_diskio.o
                0x0800a630                USER_initialize
 .text.USER_status
                0x0800a64c       0x1c ./FATFS/Target/user_diskio.o
                0x0800a64c                USER_status
 .text.USER_read
                0x0800a668       0x26 ./FATFS/Target/user_diskio.o
                0x0800a668                USER_read
 .text.USER_write
                0x0800a68e       0x26 ./FATFS/Target/user_diskio.o
                0x0800a68e                USER_write
 .text.USER_ioctl
                0x0800a6b4       0x26 ./FATFS/Target/user_diskio.o
                0x0800a6b4                USER_ioctl
 *fill*         0x0800a6da        0x2 
 .text.SPI_Timer_On
                0x0800a6dc       0x28 ./FATFS/Target/user_diskio_spi.o
                0x0800a6dc                SPI_Timer_On
 .text.SPI_Timer_Status
                0x0800a704       0x2c ./FATFS/Target/user_diskio_spi.o
                0x0800a704                SPI_Timer_Status
 .text.xchg_spi
                0x0800a730       0x2c ./FATFS/Target/user_diskio_spi.o
 .text.rcvr_spi_multi
                0x0800a75c       0x38 ./FATFS/Target/user_diskio_spi.o
 .text.xmit_spi_multi
                0x0800a794       0x28 ./FATFS/Target/user_diskio_spi.o
 .text.wait_ready
                0x0800a7bc       0x46 ./FATFS/Target/user_diskio_spi.o
 *fill*         0x0800a802        0x2 
 .text.despiselect
                0x0800a804       0x20 ./FATFS/Target/user_diskio_spi.o
 .text.spiselect
                0x0800a824       0x38 ./FATFS/Target/user_diskio_spi.o
 .text.rcvr_datablock
                0x0800a85c       0x52 ./FATFS/Target/user_diskio_spi.o
 .text.xmit_datablock
                0x0800a8ae       0x64 ./FATFS/Target/user_diskio_spi.o
 .text.send_cmd
                0x0800a912       0xde ./FATFS/Target/user_diskio_spi.o
 .text.USER_SPI_initialize
                0x0800a9f0      0x1d4 ./FATFS/Target/user_diskio_spi.o
                0x0800a9f0                USER_SPI_initialize
 .text.USER_SPI_status
                0x0800abc4       0x2c ./FATFS/Target/user_diskio_spi.o
                0x0800abc4                USER_SPI_status
 .text.USER_SPI_read
                0x0800abf0       0xcc ./FATFS/Target/user_diskio_spi.o
                0x0800abf0                USER_SPI_read
 .text.USER_SPI_write
                0x0800acbc       0xf8 ./FATFS/Target/user_diskio_spi.o
                0x0800acbc                USER_SPI_write
 .text.USER_SPI_ioctl
                0x0800adb4      0x2e0 ./FATFS/Target/user_diskio_spi.o
                0x0800adb4                USER_SPI_ioctl
 .text.disk_status
                0x0800b094       0x34 ./Middlewares/Third_Party/FatFs/src/diskio.o
                0x0800b094                disk_status
 .text.disk_initialize
                0x0800b0c8       0x4c ./Middlewares/Third_Party/FatFs/src/diskio.o
                0x0800b0c8                disk_initialize
 .text.disk_read
                0x0800b114       0x40 ./Middlewares/Third_Party/FatFs/src/diskio.o
                0x0800b114                disk_read
 .text.disk_write
                0x0800b154       0x40 ./Middlewares/Third_Party/FatFs/src/diskio.o
                0x0800b154                disk_write
 .text.disk_ioctl
                0x0800b194       0x3c ./Middlewares/Third_Party/FatFs/src/diskio.o
                0x0800b194                disk_ioctl
 .text.ld_word  0x0800b1d0       0x32 ./Middlewares/Third_Party/FatFs/src/ff.o
 .text.ld_dword
                0x0800b202       0x46 ./Middlewares/Third_Party/FatFs/src/ff.o
 .text.st_word  0x0800b248       0x36 ./Middlewares/Third_Party/FatFs/src/ff.o
 .text.st_dword
                0x0800b27e       0x58 ./Middlewares/Third_Party/FatFs/src/ff.o
 .text.mem_cpy  0x0800b2d6       0x42 ./Middlewares/Third_Party/FatFs/src/ff.o
 .text.mem_set  0x0800b318       0x36 ./Middlewares/Third_Party/FatFs/src/ff.o
 .text.mem_cmp  0x0800b34e       0x4e ./Middlewares/Third_Party/FatFs/src/ff.o
 .text.chk_chr  0x0800b39c       0x36 ./Middlewares/Third_Party/FatFs/src/ff.o
 *fill*         0x0800b3d2        0x2 
 .text.chk_lock
                0x0800b3d4       0xb8 ./Middlewares/Third_Party/FatFs/src/ff.o
 .text.enq_lock
                0x0800b48c       0x44 ./Middlewares/Third_Party/FatFs/src/ff.o
 .text.inc_lock
                0x0800b4d0      0x11c ./Middlewares/Third_Party/FatFs/src/ff.o
 .text.dec_lock
                0x0800b5ec       0x78 ./Middlewares/Third_Party/FatFs/src/ff.o
 .text.clear_lock
                0x0800b664       0x48 ./Middlewares/Third_Party/FatFs/src/ff.o
 .text.sync_window
                0x0800b6ac       0x88 ./Middlewares/Third_Party/FatFs/src/ff.o
 .text.move_window
                0x0800b734       0x5a ./Middlewares/Third_Party/FatFs/src/ff.o
 *fill*         0x0800b78e        0x2 
 .text.sync_fs  0x0800b790       0xdc ./Middlewares/Third_Party/FatFs/src/ff.o
 .text.clust2sect
                0x0800b86c       0x3e ./Middlewares/Third_Party/FatFs/src/ff.o
 .text.get_fat  0x0800b8aa      0x14e ./Middlewares/Third_Party/FatFs/src/ff.o
 .text.put_fat  0x0800b9f8      0x1d4 ./Middlewares/Third_Party/FatFs/src/ff.o
 .text.remove_chain
                0x0800bbcc       0xca ./Middlewares/Third_Party/FatFs/src/ff.o
 .text.create_chain
                0x0800bc96      0x130 ./Middlewares/Third_Party/FatFs/src/ff.o
 .text.clmt_clust
                0x0800bdc6       0x68 ./Middlewares/Third_Party/FatFs/src/ff.o
 .text.dir_sdi  0x0800be2e       0xf6 ./Middlewares/Third_Party/FatFs/src/ff.o
 .text.dir_next
                0x0800bf24      0x18a ./Middlewares/Third_Party/FatFs/src/ff.o
 .text.dir_alloc
                0x0800c0ae       0x8e ./Middlewares/Third_Party/FatFs/src/ff.o
 .text.ld_clust
                0x0800c13c       0x3e ./Middlewares/Third_Party/FatFs/src/ff.o
 .text.st_clust
                0x0800c17a       0x40 ./Middlewares/Third_Party/FatFs/src/ff.o
 .text.dir_find
                0x0800c1ba       0xaa ./Middlewares/Third_Party/FatFs/src/ff.o
 .text.dir_register
                0x0800c264       0x64 ./Middlewares/Third_Party/FatFs/src/ff.o
 .text.create_name
                0x0800c2c8      0x128 ./Middlewares/Third_Party/FatFs/src/ff.o
 .text.follow_path
                0x0800c3f0       0xe2 ./Middlewares/Third_Party/FatFs/src/ff.o
 .text.get_ldnumber
                0x0800c4d2       0x88 ./Middlewares/Third_Party/FatFs/src/ff.o
 *fill*         0x0800c55a        0x2 
 .text.check_fs
                0x0800c55c       0xac ./Middlewares/Third_Party/FatFs/src/ff.o
 .text.find_volume
                0x0800c608      0x498 ./Middlewares/Third_Party/FatFs/src/ff.o
 .text.validate
                0x0800caa0       0x6a ./Middlewares/Third_Party/FatFs/src/ff.o
 *fill*         0x0800cb0a        0x2 
 .text.f_mount  0x0800cb0c       0x8c ./Middlewares/Third_Party/FatFs/src/ff.o
                0x0800cb0c                f_mount
 .text.f_open   0x0800cb98      0x374 ./Middlewares/Third_Party/FatFs/src/ff.o
                0x0800cb98                f_open
 .text.f_read   0x0800cf0c      0x27e ./Middlewares/Third_Party/FatFs/src/ff.o
                0x0800cf0c                f_read
 .text.f_sync   0x0800d18a       0xfc ./Middlewares/Third_Party/FatFs/src/ff.o
                0x0800d18a                f_sync
 .text.f_close  0x0800d286       0x54 ./Middlewares/Third_Party/FatFs/src/ff.o
                0x0800d286                f_close
 .text.f_getfree
                0x0800d2da      0x16a ./Middlewares/Third_Party/FatFs/src/ff.o
                0x0800d2da                f_getfree
 .text.FATFS_LinkDriverEx
                0x0800d444       0x98 ./Middlewares/Third_Party/FatFs/src/ff_gen_drv.o
                0x0800d444                FATFS_LinkDriverEx
 .text.FATFS_LinkDriver
                0x0800d4dc       0x1e ./Middlewares/Third_Party/FatFs/src/ff_gen_drv.o
                0x0800d4dc                FATFS_LinkDriver
 *fill*         0x0800d4fa        0x2 
 .text.arm_rfft_32_fast_init_f32
                0x0800d4fc       0x34 /home/nick/STM32CubeIDE/VisiTune_ws/VisiTune/Drivers/CMSIS/CMSIS-DSP/libarm_cortexM4lf_math.a(arm_rfft_fast_init_f32.o)
                0x0800d4fc                arm_rfft_32_fast_init_f32
 .text.arm_rfft_64_fast_init_f32
                0x0800d530       0x34 /home/nick/STM32CubeIDE/VisiTune_ws/VisiTune/Drivers/CMSIS/CMSIS-DSP/libarm_cortexM4lf_math.a(arm_rfft_fast_init_f32.o)
                0x0800d530                arm_rfft_64_fast_init_f32
 .text.arm_rfft_256_fast_init_f32
                0x0800d564       0x38 /home/nick/STM32CubeIDE/VisiTune_ws/VisiTune/Drivers/CMSIS/CMSIS-DSP/libarm_cortexM4lf_math.a(arm_rfft_fast_init_f32.o)
                0x0800d564                arm_rfft_256_fast_init_f32
 .text.arm_rfft_512_fast_init_f32
                0x0800d59c       0x3c /home/nick/STM32CubeIDE/VisiTune_ws/VisiTune/Drivers/CMSIS/CMSIS-DSP/libarm_cortexM4lf_math.a(arm_rfft_fast_init_f32.o)
                0x0800d59c                arm_rfft_512_fast_init_f32
 .text.arm_rfft_1024_fast_init_f32
                0x0800d5d8       0x3c /home/nick/STM32CubeIDE/VisiTune_ws/VisiTune/Drivers/CMSIS/CMSIS-DSP/libarm_cortexM4lf_math.a(arm_rfft_fast_init_f32.o)
                0x0800d5d8                arm_rfft_1024_fast_init_f32
 .text.arm_rfft_2048_fast_init_f32
                0x0800d614       0x3c /home/nick/STM32CubeIDE/VisiTune_ws/VisiTune/Drivers/CMSIS/CMSIS-DSP/libarm_cortexM4lf_math.a(arm_rfft_fast_init_f32.o)
                0x0800d614                arm_rfft_2048_fast_init_f32
 .text.arm_rfft_4096_fast_init_f32
                0x0800d650       0x3c /home/nick/STM32CubeIDE/VisiTune_ws/VisiTune/Drivers/CMSIS/CMSIS-DSP/libarm_cortexM4lf_math.a(arm_rfft_fast_init_f32.o)
                0x0800d650                arm_rfft_4096_fast_init_f32
 .text.arm_rfft_fast_init_f32
                0x0800d68c       0x68 /home/nick/STM32CubeIDE/VisiTune_ws/VisiTune/Drivers/CMSIS/CMSIS-DSP/libarm_cortexM4lf_math.a(arm_rfft_fast_init_f32.o)
                0x0800d68c                arm_rfft_fast_init_f32
 .text.stage_rfft_f32
                0x0800d6f4       0xb4 /home/nick/STM32CubeIDE/VisiTune_ws/VisiTune/Drivers/CMSIS/CMSIS-DSP/libarm_cortexM4lf_math.a(arm_rfft_fast_f32.o)
                0x0800d6f4                stage_rfft_f32
 .text.merge_rfft_f32
                0x0800d7a8       0xac /home/nick/STM32CubeIDE/VisiTune_ws/VisiTune/Drivers/CMSIS/CMSIS-DSP/libarm_cortexM4lf_math.a(arm_rfft_fast_f32.o)
                0x0800d7a8                merge_rfft_f32
 .text.arm_rfft_fast_f32
                0x0800d854       0x40 /home/nick/STM32CubeIDE/VisiTune_ws/VisiTune/Drivers/CMSIS/CMSIS-DSP/libarm_cortexM4lf_math.a(arm_rfft_fast_f32.o)
                0x0800d854                arm_rfft_fast_f32
 .text.arm_cfft_radix8by2_f32
                0x0800d894      0x1a0 /home/nick/STM32CubeIDE/VisiTune_ws/VisiTune/Drivers/CMSIS/CMSIS-DSP/libarm_cortexM4lf_math.a(arm_cfft_f32.o)
                0x0800d894                arm_cfft_radix8by2_f32
 .text.arm_cfft_radix8by4_f32
                0x0800da34      0x4ac /home/nick/STM32CubeIDE/VisiTune_ws/VisiTune/Drivers/CMSIS/CMSIS-DSP/libarm_cortexM4lf_math.a(arm_cfft_f32.o)
                0x0800da34                arm_cfft_radix8by4_f32
 .text.arm_cfft_f32
                0x0800dee0       0xf0 /home/nick/STM32CubeIDE/VisiTune_ws/VisiTune/Drivers/CMSIS/CMSIS-DSP/libarm_cortexM4lf_math.a(arm_cfft_f32.o)
                0x0800dee0                arm_cfft_f32
 .text.arm_bitreversal_32
                0x0800dfd0       0x40 /home/nick/STM32CubeIDE/VisiTune_ws/VisiTune/Drivers/CMSIS/CMSIS-DSP/libarm_cortexM4lf_math.a(arm_bitreversal2.o)
                0x0800dfd0                arm_bitreversal_32
 .text.arm_cos_f32
                0x0800e010       0x94 /home/nick/STM32CubeIDE/VisiTune_ws/VisiTune/Drivers/CMSIS/CMSIS-DSP/libarm_cortexM4lf_math.a(arm_cos_f32.o)
                0x0800e010                arm_cos_f32
 .text.arm_radix8_butterfly_f32
                0x0800e0a4      0x580 /home/nick/STM32CubeIDE/VisiTune_ws/VisiTune/Drivers/CMSIS/CMSIS-DSP/libarm_cortexM4lf_math.a(arm_cfft_radix8_f32.o)
                0x0800e0a4                arm_radix8_butterfly_f32
 .text.memset   0x0800e624       0x10 /home/nick/st/stm32cubeide_1.19.0/plugins/com.st.stm32cube.ide.mcu.externaltools.gnu-tools-for-stm32.13.3.rel1.linux64_1.0.0.202410170706/tools/bin/../lib/gcc/arm-none-eabi/13.3.1/../../../../arm-none-eabi/lib/thumb/v7e-m+fp/hard/libc_nano.a(libc_a-memset.o)
                0x0800e624                memset
 .text.__libc_init_array
                0x0800e634       0x48 /home/nick/st/stm32cubeide_1.19.0/plugins/com.st.stm32cube.ide.mcu.externaltools.gnu-tools-for-stm32.13.3.rel1.linux64_1.0.0.202410170706/tools/bin/../lib/gcc/arm-none-eabi/13.3.1/../../../../arm-none-eabi/lib/thumb/v7e-m+fp/hard/libc_nano.a(libc_a-init.o)
                0x0800e634                __libc_init_array
 *(.glue_7)
 .glue_7        0x0800e67c        0x0 linker stubs
 *(.glue_7t)
 .glue_7t       0x0800e67c        0x0 linker stubs
 *(.eh_frame)
 .eh_frame      0x0800e67c        0x0 /home/nick/st/stm32cubeide_1.19.0/plugins/com.st.stm32cube.ide.mcu.externaltools.gnu-tools-for-stm32.13.3.rel1.linux64_1.0.0.202410170706/tools/bin/../lib/gcc/arm-none-eabi/13.3.1/thumb/v7e-m+fp/hard/crtbegin.o
 *(.init)
 .init          0x0800e67c        0x4 /home/nick/st/stm32cubeide_1.19.0/plugins/com.st.stm32cube.ide.mcu.externaltools.gnu-tools-for-stm32.13.3.rel1.linux64_1.0.0.202410170706/tools/bin/../lib/gcc/arm-none-eabi/13.3.1/thumb/v7e-m+fp/hard/crti.o
                0x0800e67c                _init
 .init          0x0800e680        0x8 /home/nick/st/stm32cubeide_1.19.0/plugins/com.st.stm32cube.ide.mcu.externaltools.gnu-tools-for-stm32.13.3.rel1.linux64_1.0.0.202410170706/tools/bin/../lib/gcc/arm-none-eabi/13.3.1/thumb/v7e-m+fp/hard/crtn.o
 *(.fini)
 .fini          0x0800e688        0x4 /home/nick/st/stm32cubeide_1.19.0/plugins/com.st.stm32cube.ide.mcu.externaltools.gnu-tools-for-stm32.13.3.rel1.linux64_1.0.0.202410170706/tools/bin/../lib/gcc/arm-none-eabi/13.3.1/thumb/v7e-m+fp/hard/crti.o
                0x0800e688                _fini
 .fini          0x0800e68c        0x8 /home/nick/st/stm32cubeide_1.19.0/plugins/com.st.stm32cube.ide.mcu.externaltools.gnu-tools-for-stm32.13.3.rel1.linux64_1.0.0.202410170706/tools/bin/../lib/gcc/arm-none-eabi/13.3.1/thumb/v7e-m+fp/hard/crtn.o
                0x0800e694                        . = ALIGN (0x4)
                0x0800e694                        _etext = .

.vfp11_veneer   0x0800e694        0x0
 .vfp11_veneer  0x0800e694        0x0 linker stubs

.v4_bx          0x0800e694        0x0
 .v4_bx         0x0800e694        0x0 linker stubs

.iplt           0x0800e694        0x0
 .iplt          0x0800e694        0x0 /home/nick/st/stm32cubeide_1.19.0/plugins/com.st.stm32cube.ide.mcu.externaltools.gnu-tools-for-stm32.13.3.rel1.linux64_1.0.0.202410170706/tools/bin/../lib/gcc/arm-none-eabi/13.3.1/thumb/v7e-m+fp/hard/crtbegin.o

.rodata         0x0800e694    0x13970
                0x0800e694                        . = ALIGN (0x4)
 *(.rodata)
 .rodata        0x0800e694       0x49 ./Core/Src/main.o
 *fill*         0x0800e6dd        0x3 
 .rodata        0x0800e6e0        0x1 ./Core/Src/sd_card.o
 *fill*         0x0800e6e1        0x3 
 .rodata        0x0800e6e4       0x44 ./Middlewares/Third_Party/FatFs/src/ff.o
 *(.rodata*)
 .rodata.AHBPrescTable
                0x0800e728       0x10 ./Core/Src/system_stm32l4xx.o
                0x0800e728                AHBPrescTable
 .rodata.APBPrescTable
                0x0800e738        0x8 ./Core/Src/system_stm32l4xx.o
                0x0800e738                APBPrescTable
 .rodata.MSIRangeTable
                0x0800e740       0x30 ./Core/Src/system_stm32l4xx.o
                0x0800e740                MSIRangeTable
 .rodata.UARTPrescTable
                0x0800e770       0x18 ./Drivers/STM32L4xx_HAL_Driver/Src/stm32l4xx_hal_uart.o
                0x0800e770                UARTPrescTable
 .rodata.numerator.1
                0x0800e788        0x8 ./Drivers/STM32L4xx_HAL_Driver/Src/stm32l4xx_hal_uart_ex.o
 .rodata.denominator.0
                0x0800e790        0x8 ./Drivers/STM32L4xx_HAL_Driver/Src/stm32l4xx_hal_uart_ex.o
 .rodata.ExCvt  0x0800e798       0x80 ./Middlewares/Third_Party/FatFs/src/ff.o
 .rodata.armBitRevIndexTable1024
                0x0800e818      0xe10 /home/nick/STM32CubeIDE/VisiTune_ws/VisiTune/Drivers/CMSIS/CMSIS-DSP/libarm_cortexM4lf_math.a(arm_common_tables.o)
                0x0800e818                armBitRevIndexTable1024
 .rodata.armBitRevIndexTable128
                0x0800f628      0x1a0 /home/nick/STM32CubeIDE/VisiTune_ws/VisiTune/Drivers/CMSIS/CMSIS-DSP/libarm_cortexM4lf_math.a(arm_common_tables.o)
                0x0800f628                armBitRevIndexTable128
 .rodata.armBitRevIndexTable16
                0x0800f7c8       0x28 /home/nick/STM32CubeIDE/VisiTune_ws/VisiTune/Drivers/CMSIS/CMSIS-DSP/libarm_cortexM4lf_math.a(arm_common_tables.o)
                0x0800f7c8                armBitRevIndexTable16
 .rodata.armBitRevIndexTable2048
                0x0800f7f0     0x1dc0 /home/nick/STM32CubeIDE/VisiTune_ws/VisiTune/Drivers/CMSIS/CMSIS-DSP/libarm_cortexM4lf_math.a(arm_common_tables.o)
                0x0800f7f0                armBitRevIndexTable2048
 .rodata.armBitRevIndexTable256
                0x080115b0      0x370 /home/nick/STM32CubeIDE/VisiTune_ws/VisiTune/Drivers/CMSIS/CMSIS-DSP/libarm_cortexM4lf_math.a(arm_common_tables.o)
                0x080115b0                armBitRevIndexTable256
 .rodata.armBitRevIndexTable32
                0x08011920       0x60 /home/nick/STM32CubeIDE/VisiTune_ws/VisiTune/Drivers/CMSIS/CMSIS-DSP/libarm_cortexM4lf_math.a(arm_common_tables.o)
                0x08011920                armBitRevIndexTable32
 .rodata.armBitRevIndexTable512
                0x08011980      0x380 /home/nick/STM32CubeIDE/VisiTune_ws/VisiTune/Drivers/CMSIS/CMSIS-DSP/libarm_cortexM4lf_math.a(arm_common_tables.o)
                0x08011980                armBitRevIndexTable512
 .rodata.sinTable_f32
                0x08011d00      0x804 /home/nick/STM32CubeIDE/VisiTune_ws/VisiTune/Drivers/CMSIS/CMSIS-DSP/libarm_cortexM4lf_math.a(arm_common_tables.o)
                0x08011d00                sinTable_f32
 .rodata.twiddleCoef_1024
                0x08012504     0x2000 /home/nick/STM32CubeIDE/VisiTune_ws/VisiTune/Drivers/CMSIS/CMSIS-DSP/libarm_cortexM4lf_math.a(arm_common_tables.o)
                0x08012504                twiddleCoef_1024
 .rodata.twiddleCoef_128
                0x08014504      0x400 /home/nick/STM32CubeIDE/VisiTune_ws/VisiTune/Drivers/CMSIS/CMSIS-DSP/libarm_cortexM4lf_math.a(arm_common_tables.o)
                0x08014504                twiddleCoef_128
 .rodata.twiddleCoef_16
                0x08014904       0x80 /home/nick/STM32CubeIDE/VisiTune_ws/VisiTune/Drivers/CMSIS/CMSIS-DSP/libarm_cortexM4lf_math.a(arm_common_tables.o)
                0x08014904                twiddleCoef_16
 .rodata.twiddleCoef_2048
                0x08014984     0x4000 /home/nick/STM32CubeIDE/VisiTune_ws/VisiTune/Drivers/CMSIS/CMSIS-DSP/libarm_cortexM4lf_math.a(arm_common_tables.o)
                0x08014984                twiddleCoef_2048
 .rodata.twiddleCoef_256
                0x08018984      0x800 /home/nick/STM32CubeIDE/VisiTune_ws/VisiTune/Drivers/CMSIS/CMSIS-DSP/libarm_cortexM4lf_math.a(arm_common_tables.o)
                0x08018984                twiddleCoef_256
 .rodata.twiddleCoef_32
                0x08019184      0x100 /home/nick/STM32CubeIDE/VisiTune_ws/VisiTune/Drivers/CMSIS/CMSIS-DSP/libarm_cortexM4lf_math.a(arm_common_tables.o)
                0x08019184                twiddleCoef_32
 .rodata.twiddleCoef_512
                0x08019284     0x1000 /home/nick/STM32CubeIDE/VisiTune_ws/VisiTune/Drivers/CMSIS/CMSIS-DSP/libarm_cortexM4lf_math.a(arm_common_tables.o)
                0x08019284                twiddleCoef_512
 .rodata.twiddleCoef_rfft_1024
                0x0801a284     0x1000 /home/nick/STM32CubeIDE/VisiTune_ws/VisiTune/Drivers/CMSIS/CMSIS-DSP/libarm_cortexM4lf_math.a(arm_common_tables.o)
                0x0801a284                twiddleCoef_rfft_1024
 .rodata.twiddleCoef_rfft_2048
                0x0801b284     0x2000 /home/nick/STM32CubeIDE/VisiTune_ws/VisiTune/Drivers/CMSIS/CMSIS-DSP/libarm_cortexM4lf_math.a(arm_common_tables.o)
                0x0801b284                twiddleCoef_rfft_2048
 .rodata.twiddleCoef_rfft_256
                0x0801d284      0x400 /home/nick/STM32CubeIDE/VisiTune_ws/VisiTune/Drivers/CMSIS/CMSIS-DSP/libarm_cortexM4lf_math.a(arm_common_tables.o)
                0x0801d284                twiddleCoef_rfft_256
 .rodata.twiddleCoef_rfft_32
                0x0801d684       0x80 /home/nick/STM32CubeIDE/VisiTune_ws/VisiTune/Drivers/CMSIS/CMSIS-DSP/libarm_cortexM4lf_math.a(arm_common_tables.o)
                0x0801d684                twiddleCoef_rfft_32
 .rodata.twiddleCoef_rfft_4096
                0x0801d704     0x4000 /home/nick/STM32CubeIDE/VisiTune_ws/VisiTune/Drivers/CMSIS/CMSIS-DSP/libarm_cortexM4lf_math.a(arm_common_tables.o)
                0x0801d704                twiddleCoef_rfft_4096
 .rodata.twiddleCoef_rfft_512
                0x08021704      0x800 /home/nick/STM32CubeIDE/VisiTune_ws/VisiTune/Drivers/CMSIS/CMSIS-DSP/libarm_cortexM4lf_math.a(arm_common_tables.o)
                0x08021704                twiddleCoef_rfft_512
 .rodata.twiddleCoef_rfft_64
                0x08021f04      0x100 /home/nick/STM32CubeIDE/VisiTune_ws/VisiTune/Drivers/CMSIS/CMSIS-DSP/libarm_cortexM4lf_math.a(arm_common_tables.o)
                0x08021f04                twiddleCoef_rfft_64
                0x08022004                        . = ALIGN (0x4)

.ARM.extab      0x08022004        0x0
                0x08022004                        . = ALIGN (0x4)
 *(.ARM.extab* .gnu.linkonce.armextab.*)
                0x08022004                        . = ALIGN (0x4)

.ARM            0x08022004        0x8
                0x08022004                        . = ALIGN (0x4)
                0x08022004                        __exidx_start = .
 *(.ARM.exidx*)
 .ARM.exidx     0x08022004        0x8 /home/nick/st/stm32cubeide_1.19.0/plugins/com.st.stm32cube.ide.mcu.externaltools.gnu-tools-for-stm32.13.3.rel1.linux64_1.0.0.202410170706/tools/bin/../lib/gcc/arm-none-eabi/13.3.1/thumb/v7e-m+fp/hard/libgcc.a(_udivmoddi4.o)
                0x0802200c                        __exidx_end = .
                0x0802200c                        . = ALIGN (0x4)

.preinit_array  0x0802200c        0x0
                0x0802200c                        . = ALIGN (0x4)
                0x0802200c                        PROVIDE (__preinit_array_start = .)
 *(.preinit_array*)
                0x0802200c                        PROVIDE (__preinit_array_end = .)
                0x0802200c                        . = ALIGN (0x4)

.init_array     0x0802200c        0x4
                0x0802200c                        . = ALIGN (0x4)
                0x0802200c                        PROVIDE (__init_array_start = .)
 *(SORT_BY_NAME(.init_array.*))
 *(.init_array*)
 .init_array    0x0802200c        0x4 /home/nick/st/stm32cubeide_1.19.0/plugins/com.st.stm32cube.ide.mcu.externaltools.gnu-tools-for-stm32.13.3.rel1.linux64_1.0.0.202410170706/tools/bin/../lib/gcc/arm-none-eabi/13.3.1/thumb/v7e-m+fp/hard/crtbegin.o
                0x08022010                        PROVIDE (__init_array_end = .)
                0x08022010                        . = ALIGN (0x4)

.fini_array     0x08022010        0x4
                0x08022010                        . = ALIGN (0x4)
                [!provide]                        PROVIDE (__fini_array_start = .)
 *(SORT_BY_NAME(.fini_array.*))
 *(.fini_array*)
 .fini_array    0x08022010        0x4 /home/nick/st/stm32cubeide_1.19.0/plugins/com.st.stm32cube.ide.mcu.externaltools.gnu-tools-for-stm32.13.3.rel1.linux64_1.0.0.202410170706/tools/bin/../lib/gcc/arm-none-eabi/13.3.1/thumb/v7e-m+fp/hard/crtbegin.o
                [!provide]                        PROVIDE (__fini_array_end = .)
                0x08022014                        . = ALIGN (0x4)
                0x08022014                        _sidata = LOADADDR (.data)

.rel.dyn        0x08022014        0x0
 .rel.iplt      0x08022014        0x0 /home/nick/st/stm32cubeide_1.19.0/plugins/com.st.stm32cube.ide.mcu.externaltools.gnu-tools-for-stm32.13.3.rel1.linux64_1.0.0.202410170706/tools/bin/../lib/gcc/arm-none-eabi/13.3.1/thumb/v7e-m+fp/hard/crtbegin.o

.data           0x20040000       0x34 load address 0x08022014
                0x20040000                        . = ALIGN (0x4)
                0x20040000                        _sdata = .
 *(.data)
 *(.data*)
 .data.audio_pkt_buf0
                0x20040000        0x4 ./Core/Src/main.o
                0x20040000                audio_pkt_buf0
 .data.audio_pkt_buf1
                0x20040004        0x4 ./Core/Src/main.o
                0x20040004                audio_pkt_buf1
 .data.half0_free
                0x20040008        0x1 ./Core/Src/main.o
                0x20040008                half0_free
 .data.half1_free
                0x20040009        0x1 ./Core/Src/main.o
                0x20040009                half1_free
 *fill*         0x2004000a        0x2 
 .data.SystemCoreClock
                0x2004000c        0x4 ./Core/Src/system_stm32l4xx.o
                0x2004000c                SystemCoreClock
 .data.tft_width
                0x20040010        0x2 ./Core/Src/tft.o
 .data.tft_height
                0x20040012        0x2 ./Core/Src/tft.o
 .data.uwTickPrio
                0x20040014        0x4 ./Drivers/STM32L4xx_HAL_Driver/Src/stm32l4xx_hal.o
                0x20040014                uwTickPrio
 .data.uwTickFreq
                0x20040018        0x1 ./Drivers/STM32L4xx_HAL_Driver/Src/stm32l4xx_hal.o
                0x20040018                uwTickFreq
 *fill*         0x20040019        0x3 
 .data.USER_Driver
                0x2004001c       0x14 ./FATFS/Target/user_diskio.o
                0x2004001c                USER_Driver
 .data.Stat     0x20040030        0x1 ./FATFS/Target/user_diskio_spi.o
 *(.RamFunc)
 *(.RamFunc*)
                0x20040034                        . = ALIGN (0x4)
 *fill*         0x20040031        0x3 
                0x20040034                        _edata = .

.igot.plt       0x20040034        0x0 load address 0x08022048
 .igot.plt      0x20040034        0x0 /home/nick/st/stm32cubeide_1.19.0/plugins/com.st.stm32cube.ide.mcu.externaltools.gnu-tools-for-stm32.13.3.rel1.linux64_1.0.0.202410170706/tools/bin/../lib/gcc/arm-none-eabi/13.3.1/thumb/v7e-m+fp/hard/crtbegin.o
                0x20040034                        . = ALIGN (0x4)

.bss            0x20040034    0x4f810 load address 0x08022048
                0x20040034                        _sbss = .
                0x20040034                        __bss_start__ = _sbss
 *(.bss)
 .bss           0x20040034       0x1c /home/nick/st/stm32cubeide_1.19.0/plugins/com.st.stm32cube.ide.mcu.externaltools.gnu-tools-for-stm32.13.3.rel1.linux64_1.0.0.202410170706/tools/bin/../lib/gcc/arm-none-eabi/13.3.1/thumb/v7e-m+fp/hard/crtbegin.o
 *(.bss*)
 .bss.hadc1     0x20040050       0x68 ./Core/Src/main.o
                0x20040050                hadc1
 .bss.hdma_adc1
                0x200400b8       0x60 ./Core/Src/main.o
                0x200400b8                hdma_adc1
 .bss.hdac1     0x20040118       0x14 ./Core/Src/main.o
                0x20040118                hdac1
 .bss.hdma_dac1_ch1
                0x2004012c       0x60 ./Core/Src/main.o
                0x2004012c                hdma_dac1_ch1
 .bss.hlpuart1  0x2004018c       0x94 ./Core/Src/main.o
                0x2004018c                hlpuart1
 .bss.hdma_lpuart1_rx
                0x20040220       0x60 ./Core/Src/main.o
                0x20040220                hdma_lpuart1_rx
 .bss.hspi1     0x20040280       0x64 ./Core/Src/main.o
                0x20040280                hspi1
 .bss.hspi2     0x200402e4       0x64 ./Core/Src/main.o
                0x200402e4                hspi2
 .bss.hdma_spi2_rx
                0x20040348       0x60 ./Core/Src/main.o
                0x20040348                hdma_spi2_rx
 .bss.htim1     0x200403a8       0x4c ./Core/Src/main.o
                0x200403a8                htim1
 .bss.htim2     0x200403f4       0x4c ./Core/Src/main.o
                0x200403f4                htim2
 .bss.adc_buf   0x20040440        0x8 ./Core/Src/main.o
                0x20040440                adc_buf
 .bss.rewind_flag
                0x20040448        0x1 ./Core/Src/main.o
                0x20040448                rewind_flag
 .bss.pause_state
                0x20040449        0x1 ./Core/Src/main.o
                0x20040449                pause_state
 .bss.forward_flag
                0x2004044a        0x1 ./Core/Src/main.o
                0x2004044a                forward_flag
 .bss.keyPress  0x2004044b        0x1 ./Core/Src/main.o
                0x2004044b                keyPress
 .bss.sd_buf    0x2004044c     0xbb80 ./Core/Src/main.o
                0x2004044c                sd_buf
 .bss.g_uart_rx
                0x2004bfcc       0x18 ./Core/Src/main.o
                0x2004bfcc                g_uart_rx
 .bss.dac_buf   0x2004bfe4    0x1ffe8 ./Core/Src/main.o
                0x2004bfe4                dac_buf
 .bss.image_pkt_buf
                0x2006bfcc     0xfff6 ./Core/Src/main.o
                0x2006bfcc                image_pkt_buf
 *fill*         0x2007bfc2        0x2 
 .bss.audio_crc_buf
                0x2007bfc4        0x2 ./Core/Src/main.o
                0x2007bfc4                audio_crc_buf
 .bss.image_pkt_ready
                0x2007bfc6        0x1 ./Core/Src/main.o
                0x2007bfc6                image_pkt_ready
 *fill*         0x2007bfc7        0x1 
 .bss.image_pkt_len
                0x2007bfc8        0x2 ./Core/Src/main.o
                0x2007bfc8                image_pkt_len
 .bss.audio_pkt_ready
                0x2007bfca        0x1 ./Core/Src/main.o
                0x2007bfca                audio_pkt_ready
 .bss.audio_write_idx
                0x2007bfcb        0x1 ./Core/Src/main.o
                0x2007bfcb                audio_write_idx
 .bss.audio_pkt_len
                0x2007bfcc        0x2 ./Core/Src/main.o
                0x2007bfcc                audio_pkt_len
 .bss.audio_stream_active
                0x2007bfce        0x1 ./Core/Src/main.o
                0x2007bfce                audio_stream_active
 .bss.dac_running
                0x2007bfcf        0x1 ./Core/Src/main.o
                0x2007bfcf                dac_running
 .bss.audio_prime_count
                0x2007bfd0        0x1 ./Core/Src/main.o
                0x2007bfd0                audio_prime_count
 *fill*         0x2007bfd1        0x1 
 .bss.ctrl_pkt_len
                0x2007bfd2        0x2 ./Core/Src/main.o
                0x2007bfd2                ctrl_pkt_len
 .bss.ctrl_pkt_ready
                0x2007bfd4        0x1 ./Core/Src/main.o
                0x2007bfd4                ctrl_pkt_ready
 *fill*         0x2007bfd5        0x3 
 .bss.ctrl_buf  0x2007bfd8       0x10 ./Core/Src/main.o
                0x2007bfd8                ctrl_buf
 .bss.filter_buf
                0x2007bfe8     0xfff4 ./Core/Src/main.o
                0x2007bfe8                filter_buf
 .bss.fft_in    0x2008bfdc     0x1000 ./Core/Src/main.o
                0x2008bfdc                fft_in
 .bss.fft_out   0x2008cfdc     0x1000 ./Core/Src/main.o
                0x2008cfdc                fft_out
 .bss.overlap   0x2008dfdc      0x800 ./Core/Src/main.o
                0x2008dfdc                overlap
 .bss.window    0x2008e7dc     0x1000 ./Core/Src/main.o
 .bss.rfft      0x2008f7dc       0x18 ./Core/Src/main.o
                0x2008f7dc                rfft
 .bss.last.0    0x2008f7f4        0x4 ./Core/Src/main.o
 .bss.uwTick    0x2008f7f8        0x4 ./Drivers/STM32L4xx_HAL_Driver/Src/stm32l4xx_hal.o
                0x2008f7f8                uwTick
 .bss.retUSER   0x2008f7fc        0x1 ./FATFS/App/fatfs.o
                0x2008f7fc                retUSER
 *fill*         0x2008f7fd        0x3 
 .bss.USERPath  0x2008f800        0x4 ./FATFS/App/fatfs.o
                0x2008f800                USERPath
 .bss.CardType  0x2008f804        0x1 ./FATFS/Target/user_diskio_spi.o
 *fill*         0x2008f805        0x3 
 .bss.spiTimerTickStart
                0x2008f808        0x4 ./FATFS/Target/user_diskio_spi.o
                0x2008f808                spiTimerTickStart
 .bss.spiTimerTickDelay
                0x2008f80c        0x4 ./FATFS/Target/user_diskio_spi.o
                0x2008f80c                spiTimerTickDelay
 .bss.FatFs     0x2008f810        0x4 ./Middlewares/Third_Party/FatFs/src/ff.o
 .bss.Fsid      0x2008f814        0x2 ./Middlewares/Third_Party/FatFs/src/ff.o
 *fill*         0x2008f816        0x2 
 .bss.Files     0x2008f818       0x20 ./Middlewares/Third_Party/FatFs/src/ff.o
 .bss.disk      0x2008f838        0xc ./Middlewares/Third_Party/FatFs/src/ff_gen_drv.o
                0x2008f838                disk
 *(COMMON)
                0x2008f844                        . = ALIGN (0x4)
                0x2008f844                        _ebss = .
                0x2008f844                        __bss_end__ = _ebss

._user_heap_stack
                0x2008f844      0x604 load address 0x08022048
                0x2008f848                        . = ALIGN (0x8)
 *fill*         0x2008f844        0x4 
                [!provide]                        PROVIDE (end = .)
                0x2008f848                        PROVIDE (_end = .)
                0x2008fa48                        . = (. + _Min_Heap_Size)
 *fill*         0x2008f848      0x200 
                0x2008fe48                        . = (. + _Min_Stack_Size)
 *fill*         0x2008fa48      0x400 
                0x2008fe48                        . = ALIGN (0x8)

/DISCARD/
 libc.a(*)
 libm.a(*)
 libgcc.a(*)

.ARM.attributes
                0x00000000       0x30
 *(.ARM.attributes)
 .ARM.attributes
                0x00000000       0x22 /home/nick/st/stm32cubeide_1.19.0/plugins/com.st.stm32cube.ide.mcu.externaltools.gnu-tools-for-stm32.13.3.rel1.linux64_1.0.0.202410170706/tools/bin/../lib/gcc/arm-none-eabi/13.3.1/thumb/v7e-m+fp/hard/crti.o
 .ARM.attributes
                0x00000022       0x34 /home/nick/st/stm32cubeide_1.19.0/plugins/com.st.stm32cube.ide.mcu.externaltools.gnu-tools-for-stm32.13.3.rel1.linux64_1.0.0.202410170706/tools/bin/../lib/gcc/arm-none-eabi/13.3.1/thumb/v7e-m+fp/hard/crtbegin.o
 .ARM.attributes
                0x00000056       0x34 ./Core/Src/main.o
 .ARM.attributes
                0x0000008a       0x34 ./Core/Src/packets.o
 .ARM.attributes
                0x000000be       0x34 ./Core/Src/sd_card.o
 .ARM.attributes
                0x000000f2       0x34 ./Core/Src/stm32l4xx_hal_msp.o
 .ARM.attributes
                0x00000126       0x34 ./Core/Src/stm32l4xx_it.o
 .ARM.attributes
                0x0000015a       0x34 ./Core/Src/system_stm32l4xx.o
 .ARM.attributes
                0x0000018e       0x34 ./Core/Src/tft.o
 .ARM.attributes
                0x000001c2       0x21 ./Core/Startup/startup_stm32l4r5zitxp.o
 .ARM.attributes
                0x000001e3       0x34 ./Drivers/STM32L4xx_HAL_Driver/Src/stm32l4xx_hal.o
 .ARM.attributes
                0x00000217       0x34 ./Drivers/STM32L4xx_HAL_Driver/Src/stm32l4xx_hal_adc.o
 .ARM.attributes
                0x0000024b       0x34 ./Drivers/STM32L4xx_HAL_Driver/Src/stm32l4xx_hal_adc_ex.o
 .ARM.attributes
                0x0000027f       0x34 ./Drivers/STM32L4xx_HAL_Driver/Src/stm32l4xx_hal_cortex.o
 .ARM.attributes
                0x000002b3       0x34 ./Drivers/STM32L4xx_HAL_Driver/Src/stm32l4xx_hal_dac.o
 .ARM.attributes
                0x000002e7       0x34 ./Drivers/STM32L4xx_HAL_Driver/Src/stm32l4xx_hal_dac_ex.o
 .ARM.attributes
                0x0000031b       0x34 ./Drivers/STM32L4xx_HAL_Driver/Src/stm32l4xx_hal_dma.o
 .ARM.attributes
                0x0000034f       0x34 ./Drivers/STM32L4xx_HAL_Driver/Src/stm32l4xx_hal_gpio.o
 .ARM.attributes
                0x00000383       0x34 ./Drivers/STM32L4xx_HAL_Driver/Src/stm32l4xx_hal_pwr_ex.o
 .ARM.attributes
                0x000003b7       0x34 ./Drivers/STM32L4xx_HAL_Driver/Src/stm32l4xx_hal_rcc.o
 .ARM.attributes
                0x000003eb       0x34 ./Drivers/STM32L4xx_HAL_Driver/Src/stm32l4xx_hal_rcc_ex.o
 .ARM.attributes
                0x0000041f       0x34 ./Drivers/STM32L4xx_HAL_Driver/Src/stm32l4xx_hal_spi.o
 .ARM.attributes
                0x00000453       0x34 ./Drivers/STM32L4xx_HAL_Driver/Src/stm32l4xx_hal_tim.o
 .ARM.attributes
                0x00000487       0x34 ./Drivers/STM32L4xx_HAL_Driver/Src/stm32l4xx_hal_tim_ex.o
 .ARM.attributes
                0x000004bb       0x34 ./Drivers/STM32L4xx_HAL_Driver/Src/stm32l4xx_hal_uart.o
 .ARM.attributes
                0x000004ef       0x34 ./Drivers/STM32L4xx_HAL_Driver/Src/stm32l4xx_hal_uart_ex.o
 .ARM.attributes
                0x00000523       0x34 ./FATFS/App/fatfs.o
 .ARM.attributes
                0x00000557       0x34 ./FATFS/Target/user_diskio.o
 .ARM.attributes
                0x0000058b       0x34 ./FATFS/Target/user_diskio_spi.o
 .ARM.attributes
                0x000005bf       0x34 ./Middlewares/Third_Party/FatFs/src/diskio.o
 .ARM.attributes
                0x000005f3       0x34 ./Middlewares/Third_Party/FatFs/src/ff.o
 .ARM.attributes
                0x00000627       0x34 ./Middlewares/Third_Party/FatFs/src/ff_gen_drv.o
 .ARM.attributes
                0x0000065b       0x34 /home/nick/STM32CubeIDE/VisiTune_ws/VisiTune/Drivers/CMSIS/CMSIS-DSP/libarm_cortexM4lf_math.a(arm_rfft_fast_init_f32.o)
 .ARM.attributes
                0x0000068f       0x34 /home/nick/STM32CubeIDE/VisiTune_ws/VisiTune/Drivers/CMSIS/CMSIS-DSP/libarm_cortexM4lf_math.a(arm_rfft_fast_f32.o)
 .ARM.attributes
                0x000006c3       0x34 /home/nick/STM32CubeIDE/VisiTune_ws/VisiTune/Drivers/CMSIS/CMSIS-DSP/libarm_cortexM4lf_math.a(arm_cfft_f32.o)
 .ARM.attributes
                0x000006f7       0x34 /home/nick/STM32CubeIDE/VisiTune_ws/VisiTune/Drivers/CMSIS/CMSIS-DSP/libarm_cortexM4lf_math.a(arm_bitreversal2.o)
 .ARM.attributes
                0x0000072b       0x34 /home/nick/STM32CubeIDE/VisiTune_ws/VisiTune/Drivers/CMSIS/CMSIS-DSP/libarm_cortexM4lf_math.a(arm_cos_f32.o)
 .ARM.attributes
                0x0000075f       0x39 /home/nick/STM32CubeIDE/VisiTune_ws/VisiTune/Drivers/CMSIS/CMSIS-DSP/libarm_cortexM4lf_math.a(arm_common_tables.o)
 .ARM.attributes
                0x00000798       0x34 /home/nick/STM32CubeIDE/VisiTune_ws/VisiTune/Drivers/CMSIS/CMSIS-DSP/libarm_cortexM4lf_math.a(arm_cfft_radix8_f32.o)
 .ARM.attributes
                0x000007cc       0x34 /home/nick/st/stm32cubeide_1.19.0/plugins/com.st.stm32cube.ide.mcu.externaltools.gnu-tools-for-stm32.13.3.rel1.linux64_1.0.0.202410170706/tools/bin/../lib/gcc/arm-none-eabi/13.3.1/../../../../arm-none-eabi/lib/thumb/v7e-m+fp/hard/libc_nano.a(libc_a-memset.o)
 .ARM.attributes
                0x00000800       0x34 /home/nick/st/stm32cubeide_1.19.0/plugins/com.st.stm32cube.ide.mcu.externaltools.gnu-tools-for-stm32.13.3.rel1.linux64_1.0.0.202410170706/tools/bin/../lib/gcc/arm-none-eabi/13.3.1/../../../../arm-none-eabi/lib/thumb/v7e-m+fp/hard/libc_nano.a(libc_a-init.o)
 .ARM.attributes
                0x00000834       0x22 /home/nick/st/stm32cubeide_1.19.0/plugins/com.st.stm32cube.ide.mcu.externaltools.gnu-tools-for-stm32.13.3.rel1.linux64_1.0.0.202410170706/tools/bin/../lib/gcc/arm-none-eabi/13.3.1/thumb/v7e-m+fp/hard/libgcc.a(_arm_addsubdf3.o)
 .ARM.attributes
                0x00000856       0x22 /home/nick/st/stm32cubeide_1.19.0/plugins/com.st.stm32cube.ide.mcu.externaltools.gnu-tools-for-stm32.13.3.rel1.linux64_1.0.0.202410170706/tools/bin/../lib/gcc/arm-none-eabi/13.3.1/thumb/v7e-m+fp/hard/libgcc.a(_arm_muldivdf3.o)
 .ARM.attributes
                0x00000878       0x22 /home/nick/st/stm32cubeide_1.19.0/plugins/com.st.stm32cube.ide.mcu.externaltools.gnu-tools-for-stm32.13.3.rel1.linux64_1.0.0.202410170706/tools/bin/../lib/gcc/arm-none-eabi/13.3.1/thumb/v7e-m+fp/hard/libgcc.a(_arm_truncdfsf2.o)
 .ARM.attributes
                0x0000089a       0x22 /home/nick/st/stm32cubeide_1.19.0/plugins/com.st.stm32cube.ide.mcu.externaltools.gnu-tools-for-stm32.13.3.rel1.linux64_1.0.0.202410170706/tools/bin/../lib/gcc/arm-none-eabi/13.3.1/thumb/v7e-m+fp/hard/libgcc.a(_aeabi_uldivmod.o)
 .ARM.attributes
                0x000008bc       0x34 /home/nick/st/stm32cubeide_1.19.0/plugins/com.st.stm32cube.ide.mcu.externaltools.gnu-tools-for-stm32.13.3.rel1.linux64_1.0.0.202410170706/tools/bin/../lib/gcc/arm-none-eabi/13.3.1/thumb/v7e-m+fp/hard/libgcc.a(_udivmoddi4.o)
 .ARM.attributes
                0x000008f0       0x22 /home/nick/st/stm32cubeide_1.19.0/plugins/com.st.stm32cube.ide.mcu.externaltools.gnu-tools-for-stm32.13.3.rel1.linux64_1.0.0.202410170706/tools/bin/../lib/gcc/arm-none-eabi/13.3.1/thumb/v7e-m+fp/hard/libgcc.a(_dvmd_tls.o)
 .ARM.attributes
                0x00000912       0x22 /home/nick/st/stm32cubeide_1.19.0/plugins/com.st.stm32cube.ide.mcu.externaltools.gnu-tools-for-stm32.13.3.rel1.linux64_1.0.0.202410170706/tools/bin/../lib/gcc/arm-none-eabi/13.3.1/thumb/v7e-m+fp/hard/crtn.o
OUTPUT(VisiTune.elf elf32-littlearm)
LOAD linker stubs
LOAD /home/nick/st/stm32cubeide_1.19.0/plugins/com.st.stm32cube.ide.mcu.externaltools.gnu-tools-for-stm32.13.3.rel1.linux64_1.0.0.202410170706/tools/bin/../lib/gcc/arm-none-eabi/13.3.1/../../../../arm-none-eabi/lib/thumb/v7e-m+fp/hard/libc.a
LOAD /home/nick/st/stm32cubeide_1.19.0/plugins/com.st.stm32cube.ide.mcu.externaltools.gnu-tools-for-stm32.13.3.rel1.linux64_1.0.0.202410170706/tools/bin/../lib/gcc/arm-none-eabi/13.3.1/../../../../arm-none-eabi/lib/thumb/v7e-m+fp/hard/libm.a
LOAD /home/nick/st/stm32cubeide_1.19.0/plugins/com.st.stm32cube.ide.mcu.externaltools.gnu-tools-for-stm32.13.3.rel1.linux64_1.0.0.202410170706/tools/bin/../lib/gcc/arm-none-eabi/13.3.1/thumb/v7e-m+fp/hard/libgcc.a

.debug_info     0x00000000    0x2ab67
 .debug_info    0x00000000     0x3201 ./Core/Src/main.o
 .debug_info    0x00003201      0x3b5 ./Core/Src/packets.o
 .debug_info    0x000035b6      0x51e ./Core/Src/sd_card.o
 .debug_info    0x00003ad4     0x2133 ./Core/Src/stm32l4xx_hal_msp.o
 .debug_info    0x00005c07      0xd8f ./Core/Src/stm32l4xx_it.o
 .debug_info    0x00006996      0x5e9 ./Core/Src/system_stm32l4xx.o
 .debug_info    0x00006f7f     0x10d3 ./Core/Src/tft.o
 .debug_info    0x00008052       0x30 ./Core/Startup/startup_stm32l4r5zitxp.o
 .debug_info    0x00008082      0xb49 ./Drivers/STM32L4xx_HAL_Driver/Src/stm32l4xx_hal.o
 .debug_info    0x00008bcb     0x1e20 ./Drivers/STM32L4xx_HAL_Driver/Src/stm32l4xx_hal_adc.o
 .debug_info    0x0000a9eb     0x1934 ./Drivers/STM32L4xx_HAL_Driver/Src/stm32l4xx_hal_adc_ex.o
 .debug_info    0x0000c31f      0xd99 ./Drivers/STM32L4xx_HAL_Driver/Src/stm32l4xx_hal_cortex.o
 .debug_info    0x0000d0b8      0xbb9 ./Drivers/STM32L4xx_HAL_Driver/Src/stm32l4xx_hal_dac.o
 .debug_info    0x0000dc71      0xa12 ./Drivers/STM32L4xx_HAL_Driver/Src/stm32l4xx_hal_dac_ex.o
 .debug_info    0x0000e683      0x841 ./Drivers/STM32L4xx_HAL_Driver/Src/stm32l4xx_hal_dma.o
 .debug_info    0x0000eec4      0x787 ./Drivers/STM32L4xx_HAL_Driver/Src/stm32l4xx_hal_gpio.o
 .debug_info    0x0000f64b      0xa0a ./Drivers/STM32L4xx_HAL_Driver/Src/stm32l4xx_hal_pwr_ex.o
 .debug_info    0x00010055      0xd32 ./Drivers/STM32L4xx_HAL_Driver/Src/stm32l4xx_hal_rcc.o
 .debug_info    0x00010d87     0x1167 ./Drivers/STM32L4xx_HAL_Driver/Src/stm32l4xx_hal_rcc_ex.o
 .debug_info    0x00011eee     0x165d ./Drivers/STM32L4xx_HAL_Driver/Src/stm32l4xx_hal_spi.o
 .debug_info    0x0001354b     0x2bc0 ./Drivers/STM32L4xx_HAL_Driver/Src/stm32l4xx_hal_tim.o
 .debug_info    0x0001610b     0x17c4 ./Drivers/STM32L4xx_HAL_Driver/Src/stm32l4xx_hal_tim_ex.o
 .debug_info    0x000178cf     0x4875 ./Drivers/STM32L4xx_HAL_Driver/Src/stm32l4xx_hal_uart.o
 .debug_info    0x0001c144     0x1018 ./Drivers/STM32L4xx_HAL_Driver/Src/stm32l4xx_hal_uart_ex.o
 .debug_info    0x0001d15c      0x4d9 ./FATFS/App/fatfs.o
 .debug_info    0x0001d635      0x3aa ./FATFS/Target/user_diskio.o
 .debug_info    0x0001d9df      0xd21 ./FATFS/Target/user_diskio_spi.o
 .debug_info    0x0001e700      0x3df ./Middlewares/Third_Party/FatFs/src/diskio.o
 .debug_info    0x0001eadf     0x21dd ./Middlewares/Third_Party/FatFs/src/ff.o
 .debug_info    0x00020cbc      0x37f ./Middlewares/Third_Party/FatFs/src/ff_gen_drv.o
 .debug_info    0x0002103b     0x192a /home/nick/STM32CubeIDE/VisiTune_ws/VisiTune/Drivers/CMSIS/CMSIS-DSP/libarm_cortexM4lf_math.a(arm_rfft_fast_init_f32.o)
 .debug_info    0x00022965      0xf91 /home/nick/STM32CubeIDE/VisiTune_ws/VisiTune/Drivers/CMSIS/CMSIS-DSP/libarm_cortexM4lf_math.a(arm_rfft_fast_f32.o)
 .debug_info    0x000238f6     0x1c5b /home/nick/STM32CubeIDE/VisiTune_ws/VisiTune/Drivers/CMSIS/CMSIS-DSP/libarm_cortexM4lf_math.a(arm_cfft_f32.o)
 .debug_info    0x00025551     0x16a6 /home/nick/STM32CubeIDE/VisiTune_ws/VisiTune/Drivers/CMSIS/CMSIS-DSP/libarm_cortexM4lf_math.a(arm_bitreversal2.o)
 .debug_info    0x00026bf7     0x1612 /home/nick/STM32CubeIDE/VisiTune_ws/VisiTune/Drivers/CMSIS/CMSIS-DSP/libarm_cortexM4lf_math.a(arm_cos_f32.o)
 .debug_info    0x00028209     0x1a84 /home/nick/STM32CubeIDE/VisiTune_ws/VisiTune/Drivers/CMSIS/CMSIS-DSP/libarm_cortexM4lf_math.a(arm_common_tables.o)
 .debug_info    0x00029c8d      0xeda /home/nick/STM32CubeIDE/VisiTune_ws/VisiTune/Drivers/CMSIS/CMSIS-DSP/libarm_cortexM4lf_math.a(arm_cfft_radix8_f32.o)

.debug_abbrev   0x00000000     0x5177
 .debug_abbrev  0x00000000      0x37f ./Core/Src/main.o
 .debug_abbrev  0x0000037f      0x13d ./Core/Src/packets.o
 .debug_abbrev  0x000004bc      0x175 ./Core/Src/sd_card.o
 .debug_abbrev  0x00000631      0x257 ./Core/Src/stm32l4xx_hal_msp.o
 .debug_abbrev  0x00000888      0x1b0 ./Core/Src/stm32l4xx_it.o
 .debug_abbrev  0x00000a38      0x11a ./Core/Src/system_stm32l4xx.o
 .debug_abbrev  0x00000b52      0x278 ./Core/Src/tft.o
 .debug_abbrev  0x00000dca       0x24 ./Core/Startup/startup_stm32l4r5zitxp.o
 .debug_abbrev  0x00000dee      0x242 ./Drivers/STM32L4xx_HAL_Driver/Src/stm32l4xx_hal.o
 .debug_abbrev  0x00001030      0x2d4 ./Drivers/STM32L4xx_HAL_Driver/Src/stm32l4xx_hal_adc.o
 .debug_abbrev  0x00001304      0x2d5 ./Drivers/STM32L4xx_HAL_Driver/Src/stm32l4xx_hal_adc_ex.o
 .debug_abbrev  0x000015d9      0x31c ./Drivers/STM32L4xx_HAL_Driver/Src/stm32l4xx_hal_cortex.o
 .debug_abbrev  0x000018f5      0x218 ./Drivers/STM32L4xx_HAL_Driver/Src/stm32l4xx_hal_dac.o
 .debug_abbrev  0x00001b0d      0x242 ./Drivers/STM32L4xx_HAL_Driver/Src/stm32l4xx_hal_dac_ex.o
 .debug_abbrev  0x00001d4f      0x1e2 ./Drivers/STM32L4xx_HAL_Driver/Src/stm32l4xx_hal_dma.o
 .debug_abbrev  0x00001f31      0x1cb ./Drivers/STM32L4xx_HAL_Driver/Src/stm32l4xx_hal_gpio.o
 .debug_abbrev  0x000020fc      0x1f9 ./Drivers/STM32L4xx_HAL_Driver/Src/stm32l4xx_hal_pwr_ex.o
 .debug_abbrev  0x000022f5      0x306 ./Drivers/STM32L4xx_HAL_Driver/Src/stm32l4xx_hal_rcc.o
 .debug_abbrev  0x000025fb      0x2a3 ./Drivers/STM32L4xx_HAL_Driver/Src/stm32l4xx_hal_rcc_ex.o
 .debug_abbrev  0x0000289e      0x25d ./Drivers/STM32L4xx_HAL_Driver/Src/stm32l4xx_hal_spi.o
 .debug_abbrev  0x00002afb      0x276 ./Drivers/STM32L4xx_HAL_Driver/Src/stm32l4xx_hal_tim.o
 .debug_abbrev  0x00002d71      0x281 ./Drivers/STM32L4xx_HAL_Driver/Src/stm32l4xx_hal_tim_ex.o
 .debug_abbrev  0x00002ff2      0x304 ./Drivers/STM32L4xx_HAL_Driver/Src/stm32l4xx_hal_uart.o
 .debug_abbrev  0x000032f6      0x2d2 ./Drivers/STM32L4xx_HAL_Driver/Src/stm32l4xx_hal_uart_ex.o
 .debug_abbrev  0x000035c8      0x160 ./FATFS/App/fatfs.o
 .debug_abbrev  0x00003728      0x143 ./FATFS/Target/user_diskio.o
 .debug_abbrev  0x0000386b      0x318 ./FATFS/Target/user_diskio_spi.o
 .debug_abbrev  0x00003b83      0x181 ./Middlewares/Third_Party/FatFs/src/diskio.o
 .debug_abbrev  0x00003d04      0x282 ./Middlewares/Third_Party/FatFs/src/ff.o
 .debug_abbrev  0x00003f86      0x19f ./Middlewares/Third_Party/FatFs/src/ff_gen_drv.o
 .debug_abbrev  0x00004125      0x2a0 /home/nick/STM32CubeIDE/VisiTune_ws/VisiTune/Drivers/CMSIS/CMSIS-DSP/libarm_cortexM4lf_math.a(arm_rfft_fast_init_f32.o)
 .debug_abbrev  0x000043c5      0x2b8 /home/nick/STM32CubeIDE/VisiTune_ws/VisiTune/Drivers/CMSIS/CMSIS-DSP/libarm_cortexM4lf_math.a(arm_rfft_fast_f32.o)
 .debug_abbrev  0x0000467d      0x2e0 /home/nick/STM32CubeIDE/VisiTune_ws/VisiTune/Drivers/CMSIS/CMSIS-DSP/libarm_cortexM4lf_math.a(arm_cfft_f32.o)