../Core/Src/main.c:172:5:main	96	static,ignoring_inline_asm
../Core/Src/main.c:480:6:SystemClock_Config	96	static
../Core/Src/main.c:530:13:MX_DAC1_Init	48	static
../Core/Src/main.c:574:13:MX_LPUART1_UART_Init	8	static
../Core/Src/main.c:622:13:MX_SPI1_Init	8	static
../Core/Src/main.c:662:13:MX_TIM1_Init	40	static
../Core/Src/main.c:709:13:MX_TIM2_Init	40	static
../Core/Src/main.c:752:13:MX_DMA_Init	16	static
../Core/Src/main.c:774:13:MX_GPIO_Init	64	static
../Core/Src/main.c:988:14:protocol_soft_reset	8	static,ignoring_inline_asm
../Core/Src/main.c:1013:14:uart_start_header_rx	8	static
../Core/Src/main.c:1024:7:HAL_UART_RxCpltCallback	24	static
../Core/Src/main.c:1175:7:HAL_DAC_ConvHalfCpltCallbackCh1	24	static
../Core/Src/main.c:1187:7:HAL_DAC_ConvCpltCallbackCh1	24	static
../Core/Src/main.c:1201:7:HAL_UART_ErrorCallback	16	static
../Core/Src/main.c:1221:6:Error_Handler	4	static,ignoring_inline_asm
