../Core/Src/main.c:167:5:main	96	static,ignoring_inline_asm
../Core/Src/main.c:436:6:SystemClock_Config	96	static
../Core/Src/main.c:486:13:MX_DAC1_Init	48	static
../Core/Src/main.c:530:13:MX_LPUART1_UART_Init	8	static
../Core/Src/main.c:578:13:MX_SPI1_Init	8	static
../Core/Src/main.c:618:13:MX_TIM1_Init	40	static
../Core/Src/main.c:665:13:MX_TIM2_Init	40	static
../Core/Src/main.c:708:13:MX_DMA_Init	16	static
../Core/Src/main.c:730:13:MX_GPIO_Init	64	static
../Core/Src/main.c:944:14:protocol_soft_reset	8	static,ignoring_inline_asm
../Core/Src/main.c:967:14:uart_start_header_rx	8	static
../Core/Src/main.c:978:7:HAL_UART_RxCpltCallback	24	static
../Core/Src/main.c:1129:7:HAL_DAC_ConvHalfCpltCallbackCh1	24	static
../Core/Src/main.c:1141:7:HAL_DAC_ConvCpltCallbackCh1	24	static
../Core/Src/main.c:1155:7:HAL_UART_ErrorCallback	16	static
../Core/Src/main.c:1175:6:Error_Handler	4	static,ignoring_inline_asm
