../Core/Src/main.c:78:6:HAL_DAC_ConvCpltCallbackCh1	16	static
../Core/Src/main.c:82:6:play_sound_byte	1176	static
../Core/Src/main.c:134:6:read_keypad	72	static
../Core/Src/main.c:189:5:main	16	static
../Core/Src/main.c:244:6:SystemClock_Config	96	static
../Core/Src/main.c:295:13:MX_DAC1_Init	48	static
../Core/Src/main.c:339:13:MX_LPUART1_UART_Init	8	static
../Core/Src/main.c:387:13:MX_SPI2_Init	8	static
../Core/Src/main.c:427:13:MX_TIM2_Init	40	static
../Core/Src/main.c:470:13:MX_DMA_Init	16	static
../Core/Src/main.c:492:13:MX_GPIO_Init	64	static
../Core/Src/main.c:738:6:Error_Handler	4	static,ignoring_inline_asm
