../Core/Src/main.c:75:6:MIDI_Play	80	static
../Core/Src/main.c:165:5:main	8	static
../Core/Src/main.c:216:6:SystemClock_Config	96	static
../Core/Src/main.c:267:13:MX_DAC1_Init	48	static
../Core/Src/main.c:311:13:MX_LPUART1_UART_Init	8	static
../Core/Src/main.c:359:13:MX_SPI2_Init	8	static
../Core/Src/main.c:399:13:MX_TIM2_Init	40	static
../Core/Src/main.c:442:13:MX_DMA_Init	16	static
../Core/Src/main.c:464:13:MX_GPIO_Init	64	static
../Core/Src/main.c:710:6:Error_Handler	4	static,ignoring_inline_asm
