../Core/Src/main.c:85:6:HAL_UART_RxCpltCallback	24	static
../Core/Src/main.c:117:8:generateLowpassFIR	48	static
../Core/Src/main.c:102:5:main	192312	static
../Core/Src/main.c:152:8:init_filters	24	static
../Core/Src/main.c:198:6:SystemClock_Config	96	static
../Core/Src/main.c:243:13:MX_ADC1_Init	32	static
../Core/Src/main.c:301:13:MX_DAC1_Init	48	static
../Core/Src/main.c:345:13:MX_LPUART1_UART_Init	8	static
../Core/Src/main.c:393:13:MX_USART2_UART_Init	8	static
../Core/Src/main.c:441:13:MX_TIM2_Init	40	static
../Core/Src/main.c:484:13:MX_DMA_Init	16	static
../Core/Src/main.c:506:13:MX_GPIO_Init	64	static
../Core/Src/main.c:711:1:__io_putchar	16	static
../Core/Src/main.c:722:6:Error_Handler	4	static,ignoring_inline_asm
