../Core/Src/main.c:74:6:HAL_UART_RxCpltCallback	24	static
../Core/Src/main.c:83:6:HAL_DAC_ConvCpltCallbackCh1	16	static
../Core/Src/main.c:88:6:HAL_DAC_ConvHalfCpltCallbackCh1	16	static
../Core/Src/main.c:99:5:main	8	static
../Core/Src/main.c:150:6:SystemClock_Config	96	static
../Core/Src/main.c:201:13:MX_DAC1_Init	48	static
../Core/Src/main.c:245:13:MX_LPUART1_UART_Init	8	static
../Core/Src/main.c:293:13:MX_TIM2_Init	40	static
../Core/Src/main.c:336:13:MX_DMA_Init	16	static
../Core/Src/main.c:358:13:MX_GPIO_Init	64	static
../Core/Src/main.c:611:6:Error_Handler	4	static,ignoring_inline_asm
