../Core/Inc/tft.h:42:20:tft_select	8	static
../Core/Inc/tft.h:43:20:tft_deselect	8	static
../Core/Inc/tft.h:45:20:tft_dc_cmd	8	static
../Core/Inc/tft.h:46:20:tft_dc_data	8	static
../Core/Src/tft.c:11:13:tft_hw_reset	8	static
../Core/Src/tft.c:19:12:in_bounds	16	static
../Core/Src/tft.c:25:20:tft_write_cmd	16	static
../Core/Src/tft.c:33:20:tft_write_data	16	static
../Core/Src/tft.c:41:20:tft_write_data8	16	static
../Core/Src/tft.c:44:6:tft_set_rotation	16	static
../Core/Src/tft.c:57:6:tft_set_addr_window	32	static
../Core/Src/tft.c:69:6:tft_init	8	static
../Core/Src/tft.c:81:6:tft_draw_pixel	32	static
../Core/Src/tft.c:96:6:tft_fill_rect	184	static
../Core/Src/tft.c:124:6:tft_blit565	72	static
../Core/Src/tft.c:158:6:HAL_SPI_TxCpltCallback	16	static
../Core/Src/tft.c:166:6:tft_stream_dma	16	static
../Core/Src/tft.c:175:6:TFT_SetBacklightPercent	24	static
../Core/Src/tft.c:182:6:TFT_SetBacklight255	24	static
